Archive member included because of file (symbol)

../../../gcc4mbed/mri/mri.ar(mri.o)
                              LPC1768/gcc4mbed.o (__mriInit)
../../../gcc4mbed/mri/mri.ar(packet.o)
                              ../../../gcc4mbed/mri/mri.ar(mri.o) (__mriPacket_GetFromGDB)
../../../gcc4mbed/mri/mri.ar(token.o)
                              ../../../gcc4mbed/mri/mri.ar(mri.o) (__mriToken_Init)
../../../gcc4mbed/mri/mri.ar(try_catch.o)
                              ../../../gcc4mbed/mri/mri.ar(mri.o) (__mriExceptionCode)
../../../gcc4mbed/mri/mri.ar(semihost.o)
                              ../../../gcc4mbed/mri/mri.ar(mri.o) (__mriSemihost_IsDebuggeeMakingSemihostCall)
../../../gcc4mbed/mri/mri.ar(semihost_newlib.o)
                              ../../../gcc4mbed/mri/mri.ar(semihost.o) (__mriSemihost_HandleNewlibSemihostRequest)
../../../gcc4mbed/mri/mri.ar(newlib_asm.o)
                              LPC1768/retarget_gcc.o (__mriNewlib_SemihostWrite)
../../../gcc4mbed/mri/mri.ar(semihost_mbed.o)
                              ../../../gcc4mbed/mri/mri.ar(semihost.o) (__mriSemihost_HandleMbedSemihostRequest)
../../../gcc4mbed/mri/mri.ar(armv7-m.o)
                              ../../../gcc4mbed/mri/mri.ar(mri.o) (__mriPlatform_IsSingleStepping)
../../../gcc4mbed/mri/mri.ar(armv7-m_asm.o)
                              ../../../gcc4mbed/mri/mri.ar(armv7-m.o) (__mriARMv7MAsmInit)
../../../gcc4mbed/mri/mri.ar(native-mem.o)
                              ../../../gcc4mbed/mri/mri.ar(armv7-m.o) (__mriPlatform_MemRead16)
../../../gcc4mbed/mri/mri.ar(lpc176x_uart.o)
                              ../../../gcc4mbed/mri/mri.ar(mri.o) (__mriPlatform_CommHasReceiveData)
../../../gcc4mbed/mri/mri.ar(mbed1768.o)
                              ../../../gcc4mbed/mri/mri.ar(mri.o) (__mriPlatform_Init)
../../../gcc4mbed/mri/mri.ar(mbed1768_asm.o)
                              ../../../gcc4mbed/mri/mri.ar(mbed1768.o) (__mriDisableMbed)
../../../gcc4mbed/mri/mri.ar(buffer.o)
                              ../../../gcc4mbed/mri/mri.ar(mri.o) (__mriBuffer_Init)
../../../gcc4mbed/mri/mri.ar(cmd_break_watch.o)
                              ../../../gcc4mbed/mri/mri.ar(mri.o) (__mriCmd_HandleBreakpointWatchpointSetCommand)
../../../gcc4mbed/mri/mri.ar(cmd_common.o)
                              ../../../gcc4mbed/mri/mri.ar(cmd_break_watch.o) (__mriCmd_ReadUIntegerArgument)
../../../gcc4mbed/mri/mri.ar(cmd_continue.o)
                              ../../../gcc4mbed/mri/mri.ar(mri.o) (__mriCmd_HandleContinueCommand)
../../../gcc4mbed/mri/mri.ar(cmd_file.o)
                              ../../../gcc4mbed/mri/mri.ar(semihost_newlib.o) (__mriIssueGdbFileOpenRequest)
../../../gcc4mbed/mri/mri.ar(cmd_memory.o)
                              ../../../gcc4mbed/mri/mri.ar(mri.o) (__mriCmd_HandleMemoryReadCommand)
../../../gcc4mbed/mri/mri.ar(cmd_query.o)
                              ../../../gcc4mbed/mri/mri.ar(mri.o) (__mriCmd_HandleQueryCommand)
../../../gcc4mbed/mri/mri.ar(cmd_registers.o)
                              ../../../gcc4mbed/mri/mri.ar(mri.o) (__mriCmd_Send_T_StopResponse)
../../../gcc4mbed/mri/mri.ar(cmd_step.o)
                              ../../../gcc4mbed/mri/mri.ar(mri.o) (__mriCmd_HandleSingleStepCommand)
../../../gcc4mbed/mri/mri.ar(gdb_console.o)
                              ../../../gcc4mbed/mri/mri.ar(armv7-m.o) (__mriGdbConsole_WriteString)
../../../gcc4mbed/mri/mri.ar(memory.o)
                              ../../../gcc4mbed/mri/mri.ar(cmd_memory.o) (__mriMem_ReadMemoryIntoHexBuffer)
../../../gcc4mbed/mri/mri.ar(lpc176x.o)
                              ../../../gcc4mbed/mri/mri.ar(mbed1768.o) (__mriLpc176x_Init)
../../../gcc4mbed/external/mbed/libraries/Debug/NXP_LPC176X/mbed.a(serial_api.o)
                              LPC1768/retarget_gcc.o (stdio_uart_inited)
../../../gcc4mbed/external/mbed/libraries/Debug/NXP_LPC176X/mbed.a(cmsis_nvic.o)
                              ../../../gcc4mbed/external/mbed/libraries/Debug/NXP_LPC176X/mbed.a(serial_api.o) (NVIC_SetVector)
../../../gcc4mbed/external/mbed/libraries/Debug/NXP_LPC176X/mbed.a(system_LPC17xx.o)
                              ../../../gcc4mbed/mri/mri.ar(lpc176x_uart.o) (SystemCoreClock)
../../../gcc4mbed/external/mbed/libraries/Debug/NXP_LPC176X/mbed.a(exit.o)
                              LPC1768/gcc4mbed.o (exit)
../../../gcc4mbed/external/mbed/libraries/Debug/NXP_LPC176X/mbed.a(mbed_interface.o)
                              ../../../gcc4mbed/external/mbed/libraries/Debug/NXP_LPC176X/mbed.a(exit.o) (mbed_interface_connected)
../../../gcc4mbed/external/mbed/libraries/Debug/NXP_LPC176X/mbed.a(pinmap_common.o)
                              ../../../gcc4mbed/external/mbed/libraries/Debug/NXP_LPC176X/mbed.a(serial_api.o) (pinmap_pinout)
../../../gcc4mbed/external/mbed/libraries/Debug/NXP_LPC176X/mbed.a(semihost_api.o)
                              ../../../gcc4mbed/external/mbed/libraries/Debug/NXP_LPC176X/mbed.a(exit.o) (semihost_exit)
[...]
Memory Configuration

Name             Origin             Length             Attributes
FLASH            0x0000000000000000 0x0000000000080000 xr
RAM              0x00000000100000c8 0x0000000000007f38 xrw
USB_RAM          0x000000002007c000 0x0000000000004000 xrw
ETH_RAM          0x0000000020080000 0x0000000000004000 xrw
*default*        0x0000000000000000 0xffffffffffffffff

Linker script and memory map

LOAD /depots/gcc-arm-none-eabi/install-native/lib/gcc/arm-none-eabi/4.7.4/armv7-m/crti.o
LOAD /depots/gcc-arm-none-eabi/install-native/lib/gcc/arm-none-eabi/4.7.4/armv7-m/crtbegin.o
LOAD LPC1768/./main.o
LOAD LPC1768/gcc4mbed.o
LOAD LPC1768/retarget_gcc.o
LOAD ../../../gcc4mbed/mri/mri.ar
LOAD ../../../gcc4mbed/external/mbed/libraries/Debug/NXP_LPC176X/mbed.a
LOAD /depots/gcc-arm-none-eabi/install-native/lib/gcc/arm-none-eabi/4.7.4/../../../../arm-none-eabi/lib/armv7-m/libstdc++_s.a
LOAD /depots/gcc-arm-none-eabi/install-native/lib/gcc/arm-none-eabi/4.7.4/../../../../arm-none-eabi/lib/armv7-m/libsupc++_s.a
LOAD /depots/gcc-arm-none-eabi/install-native/lib/gcc/arm-none-eabi/4.7.4/armv7-m/libgcc.a
LOAD /depots/gcc-arm-none-eabi/install-native/lib/gcc/arm-none-eabi/4.7.4/armv7-m/libgcc.a
LOAD /depots/gcc-arm-none-eabi/install-native/lib/gcc/arm-none-eabi/4.7.4/../../../../arm-none-eabi/lib/armv7-m/libc_s.a
LOAD /depots/gcc-arm-none-eabi/install-native/lib/gcc/arm-none-eabi/4.7.4/../../../../arm-none-eabi/lib/armv7-m/libstdc++_s.a
LOAD /depots/gcc-arm-none-eabi/install-native/lib/gcc/arm-none-eabi/4.7.4/../../../../arm-none-eabi/lib/armv7-m/libm.a
LOAD /depots/gcc-arm-none-eabi/install-native/lib/gcc/arm-none-eabi/4.7.4/../../../../arm-none-eabi/lib/armv7-m/libc_s.a
START GROUP
LOAD /depots/gcc-arm-none-eabi/install-native/lib/gcc/arm-none-eabi/4.7.4/armv7-m/libgcc.a
LOAD /depots/gcc-arm-none-eabi/install-native/lib/gcc/arm-none-eabi/4.7.4/../../../../arm-none-eabi/lib/armv7-m/libc_s.a
END GROUP
LOAD /depots/gcc-arm-none-eabi/install-native/lib/gcc/arm-none-eabi/4.7.4/armv7-m/crtend.o
LOAD /depots/gcc-arm-none-eabi/install-native/lib/gcc/arm-none-eabi/4.7.4/armv7-m/crtn.o

.text           0x0000000000000000     0x43c0
 *(.isr_vector)
 .isr_vector    0x0000000000000000       0xcc ../../../gcc4mbed/external/mbed/libraries/Debug/NXP_LPC176X/mbed.a(startup_LPC17xx.o)
                0x0000000000000000                __isr_vector
 *(.text*)
 .text          0x00000000000000cc       0x54 /depots/gcc-arm-none-eabi/install-native/lib/gcc/arm-none-eabi/4.7.4/armv7-m/crtbegin.o
 .text._ZL21getMPUDataRegionCountv
                0x0000000000000120       0x18 LPC1768/./main.o
 .text._ZL28getHighestMPUDataRegionIndexv
                0x0000000000000138       0x10 LPC1768/./main.o
 .text._ZL22isMPURegionNumberValidm
                0x0000000000000148       0x20 LPC1768/./main.o
 .text._ZL15isMPUNotPresentv
                0x0000000000000168       0x18 LPC1768/./main.o
 .text._ZL10disableMPUv
                0x0000000000000180       0x3c LPC1768/./main.o
 .text._ZL29enableMPUWithHardAndNMIFaultsv
                0x00000000000001bc       0x3c LPC1768/./main.o
 .text._ZL24prepareToAccessMPURegionm
                0x00000000000001f8       0x38 LPC1768/./main.o
 .text._ZL19setMPURegionAddressm
                0x0000000000000230       0x34 LPC1768/./main.o
 .text._ZL28setMPURegionAttributeAndSizem
                0x0000000000000264       0x30 LPC1768/./main.o
 .text._ZL22attemptUnalignedAccessv
                0x0000000000000294        0x4 LPC1768/./main.o
 .text._ZL23attemptMemoryWriteFaultv
                0x0000000000000298        0x4 LPC1768/./main.o
 .text._ZL25disallowUnalignedAccessesv
                0x000000000000029c       0x1c LPC1768/./main.o
 .text._ZL55configureHighestMpuRegionToAccessAllMemoryWithNoCachingv
                0x00000000000002b8       0x24 LPC1768/./main.o
 .text._ZL19disableWriteCachingv
                0x00000000000002dc       0x10 LPC1768/./main.o
 .text.main     0x00000000000002ec       0x18 LPC1768/./main.o
                0x00000000000002ec                main
 .text.SVC_Handler
                0x0000000000000304        0x4 LPC1768/./main.o
                0x0000000000000304                SVC_Handler
 .text._start   0x0000000000000308       0x4c LPC1768/gcc4mbed.o
                0x0000000000000308                _start
 .text.__wrap_semihost_connected
                0x0000000000000354        0x8 LPC1768/gcc4mbed.o
                0x0000000000000354                __wrap_semihost_connected
 .text.__mriInit
                0x000000000000035c       0x4c ../../../gcc4mbed/mri/mri.ar(mri.o)
                0x000000000000035c                __mriInit
 .text.__mriCore_InitBuffer
                0x00000000000003a8       0x20 ../../../gcc4mbed/mri/mri.ar(mri.o)
                0x00000000000003a8                __mriCore_InitBuffer
 .text.__mriCore_PrepareStringResponse
                0x00000000000003c8       0x18 ../../../gcc4mbed/mri/mri.ar(mri.o)
                0x00000000000003c8                __mriCore_PrepareStringResponse
 .text.__mriCore_WasControlCFlagSentFromGdb
                0x00000000000003e0       0x10 ../../../gcc4mbed/mri/mri.ar(mri.o)
                0x00000000000003e0                __mriCore_WasControlCFlagSentFromGdb
 .text.__mriCore_IsWaitingForGdbToConnect
                0x00000000000003f0       0x1c ../../../gcc4mbed/mri/mri.ar(mri.o)
                0x00000000000003f0                __mriCore_IsWaitingForGdbToConnect
 .text.__mriCore_RecordControlCFlagSentFromGdb
                0x000000000000040c       0x18 ../../../gcc4mbed/mri/mri.ar(mri.o)
                0x000000000000040c                __mriCore_RecordControlCFlagSentFromGdb
 .text.__mriCore_WasSemihostCallCancelledByGdb
                0x0000000000000424       0x14 ../../../gcc4mbed/mri/mri.ar(mri.o)
                0x0000000000000424                __mriCore_WasSemihostCallCancelledByGdb
 .text.__mriCore_FlagSemihostCallAsHandled
                0x0000000000000438       0x18 ../../../gcc4mbed/mri/mri.ar(mri.o)
                0x0000000000000438                __mriCore_FlagSemihostCallAsHandled
 .text.__mriCore_IsFirstException
                0x0000000000000450       0x10 ../../../gcc4mbed/mri/mri.ar(mri.o)
                0x0000000000000450                __mriCore_IsFirstException
 .text.__mriCore_SetSignalValue
                0x0000000000000460        0xc ../../../gcc4mbed/mri/mri.ar(mri.o)
                0x0000000000000460                __mriCore_SetSignalValue
 .text.__mriCore_GetSignalValue
                0x000000000000046c        0xc ../../../gcc4mbed/mri/mri.ar(mri.o)
                0x000000000000046c                __mriCore_GetSignalValue
 .text.__mriCore_SetSemihostReturnValues
                0x0000000000000478        0xc ../../../gcc4mbed/mri/mri.ar(mri.o)
                0x0000000000000478                __mriCore_SetSemihostReturnValues
 .text.__mriCore_GetSemihostReturnCode
                0x0000000000000484        0xc ../../../gcc4mbed/mri/mri.ar(mri.o)
                0x0000000000000484                __mriCore_GetSemihostReturnCode
 .text.__mriCore_GetBuffer
                0x0000000000000490        0x8 ../../../gcc4mbed/mri/mri.ar(mri.o)
                0x0000000000000490                __mriCore_GetBuffer
 .text.__mriCore_GetInitializedBuffer
                0x0000000000000498       0x10 ../../../gcc4mbed/mri/mri.ar(mri.o)
                0x0000000000000498                __mriCore_GetInitializedBuffer
 .text.__mriCore_SendPacketToGdb
                0x00000000000004a8       0x38 ../../../gcc4mbed/mri/mri.ar(mri.o)
                0x00000000000004a8                __mriCore_SendPacketToGdb
 .text.__mriCore_GdbCommandHandlingLoop
                0x00000000000004e0       0x60 ../../../gcc4mbed/mri/mri.ar(mri.o)
                0x00000000000004e0                __mriCore_GdbCommandHandlingLoop
 .text.__mriDebugException
                0x0000000000000540       0xa0 ../../../gcc4mbed/mri/mri.ar(mri.o)
                0x0000000000000540                __mriDebugException
 .text.HexCharToNibble
                0x00000000000005e0       0x38 ../../../gcc4mbed/mri/mri.ar(packet.o)
 .text.__mriPacket_GetFromGDB
                0x0000000000000618       0xcc ../../../gcc4mbed/mri/mri.ar(packet.o)
                0x0000000000000618                __mriPacket_GetFromGDB
 .text.__mriPacket_SendToGDB
                0x00000000000006e4       0x74 ../../../gcc4mbed/mri/mri.ar(packet.o)
                0x00000000000006e4                __mriPacket_SendToGDB
 .text.clearTokenObject
                0x0000000000000758       0x16 ../../../gcc4mbed/mri/mri.ar(token.o)
 *fill*         0x000000000000076e        0x2 00
 .text.__mriToken_Init
                0x0000000000000770       0x14 ../../../gcc4mbed/mri/mri.ar(token.o)
                0x0000000000000770                __mriToken_Init
 .text.__mriToken_SplitString
                0x0000000000000784       0xb4 ../../../gcc4mbed/mri/mri.ar(token.o)
                0x0000000000000784                __mriToken_SplitString
 .text.__mriToken_MatchingString
                0x0000000000000838       0x2a ../../../gcc4mbed/mri/mri.ar(token.o)
                0x0000000000000838                __mriToken_MatchingString
 .text.__mriToken_MatchingStringPrefix
                0x0000000000000862       0x2c ../../../gcc4mbed/mri/mri.ar(token.o)
                0x0000000000000862                __mriToken_MatchingStringPrefix
 .text.__mriSemihost_IsDebuggeeMakingSemihostCall
                0x000000000000088e       0x14 ../../../gcc4mbed/mri/mri.ar(semihost.o)
                0x000000000000088e                __mriSemihost_IsDebuggeeMakingSemihostCall
 .text.__mriSemihost_HandleSemihostRequest
                0x00000000000008a2       0x2c ../../../gcc4mbed/mri/mri.ar(semihost.o)
                0x00000000000008a2                __mriSemihost_HandleSemihostRequest
 *fill*         0x00000000000008ce        0x2 00
 .text.__mriSemihost_HandleNewlibSemihostRequest
                0x00000000000008d0      0x120 ../../../gcc4mbed/mri/mri.ar(semihost_newlib.o)
                0x00000000000008d0                __mriSemihost_HandleNewlibSemihostRequest
 .text          0x00000000000009f0       0x24 ../../../gcc4mbed/mri/mri.ar(newlib_asm.o)
                0x00000000000009f0                __mriNewlib_SemihostWrite
                0x00000000000009f4                __mriNewlib_SemihostRead
                0x00000000000009f8                __mriNewLib_SemihostOpen
                0x00000000000009fc                __mriNewLib_SemihostRename
                0x0000000000000a00                __mriNewLib_SemihostUnlink
                0x0000000000000a04                __mriNewLib_SemihostStat
                0x0000000000000a08                __mriNewlib_SemihostLSeek
                0x0000000000000a0c                __mriNewlib_SemihostClose
                0x0000000000000a10                __mriNewlib_SemihostFStat
 .text.convertBytesTransferredToBytesNotTransferred
                0x0000000000000a14       0x1a ../../../gcc4mbed/mri/mri.ar(semihost_mbed.o)
 .text.__mriSemihost_HandleMbedSemihostRequest
                0x0000000000000a2e      0x132 ../../../gcc4mbed/mri/mri.ar(semihost_mbed.o)
                0x0000000000000a2e                __mriSemihost_HandleMbedSemihostRequest
 .text.findDWTComparator
                0x0000000000000b60       0x54 ../../../gcc4mbed/mri/mri.ar(armv7-m.o)
 .text.getFPBCodeComparatorCount
                0x0000000000000bb4       0x18 ../../../gcc4mbed/mri/mri.ar(armv7-m.o)
 .text.prepareToAccessMPURegion
                0x0000000000000bcc       0x1c ../../../gcc4mbed/mri/mri.ar(armv7-m.o)
 .text.displayMemFaultCauseToGdbConsole
                0x0000000000000be8       0xa4 ../../../gcc4mbed/mri/mri.ar(armv7-m.o)
 .text.displayBusFaultCauseToGdbConsole
                0x0000000000000c8c       0xb4 ../../../gcc4mbed/mri/mri.ar(armv7-m.o)
 .text.displayUsageFaultCauseToGdbConsole
                0x0000000000000d40       0x84 ../../../gcc4mbed/mri/mri.ar(armv7-m.o)
 .text.calculateFPBComparatorValue
                0x0000000000000dc4       0x38 ../../../gcc4mbed/mri/mri.ar(armv7-m.o)
 .text.findFPBBreakpointComparator
                0x0000000000000dfc       0x34 ../../../gcc4mbed/mri/mri.ar(armv7-m.o)
 .text.isMPUNotPresent
                0x0000000000000e30       0x18 ../../../gcc4mbed/mri/mri.ar(armv7-m.o)
 .text.disableMPU
                0x0000000000000e48       0x20 ../../../gcc4mbed/mri/mri.ar(armv7-m.o)
 .text.sendRegisterForTResponse
                0x0000000000000e68       0x34 ../../../gcc4mbed/mri/mri.ar(armv7-m.o)
 .text.__mriPlatform_DisableSingleStep
                0x0000000000000e9c       0x24 ../../../gcc4mbed/mri/mri.ar(armv7-m.o)
                0x0000000000000e9c                __mriPlatform_DisableSingleStep
 .text.__mriCortexMInit
                0x0000000000000ec0       0xb4 ../../../gcc4mbed/mri/mri.ar(armv7-m.o)
                0x0000000000000ec0                __mriCortexMInit
 .text.__mriPlatform_IsSingleStepping
                0x0000000000000f74       0x10 ../../../gcc4mbed/mri/mri.ar(armv7-m.o)
                0x0000000000000f74                __mriPlatform_IsSingleStepping
 .text.__mriPlatform_GetPacketBuffer
                0x0000000000000f84        0x8 ../../../gcc4mbed/mri/mri.ar(armv7-m.o)
                0x0000000000000f84                __mriPlatform_GetPacketBuffer
 .text.__mriPlatform_GetPacketBufferSize
                0x0000000000000f8c        0x4 ../../../gcc4mbed/mri/mri.ar(armv7-m.o)
                0x0000000000000f8c                __mriPlatform_GetPacketBufferSize
 .text.__mriPlatform_DetermineCauseOfException
                0x0000000000000f90       0x68 ../../../gcc4mbed/mri/mri.ar(armv7-m.o)
                0x0000000000000f90                __mriPlatform_DetermineCauseOfException
 .text.__mriPlatform_DisplayFaultCauseToGdbConsole
                0x0000000000000ff8       0x8c ../../../gcc4mbed/mri/mri.ar(armv7-m.o)
                0x0000000000000ff8                __mriPlatform_DisplayFaultCauseToGdbConsole
 .text.__mriPlatform_LeavingDebugger
                0x0000000000001084       0x98 ../../../gcc4mbed/mri/mri.ar(armv7-m.o)
                0x0000000000001084                __mriPlatform_LeavingDebugger
 .text.__mriPlatform_GetProgramCounter
                0x000000000000111c        0xc ../../../gcc4mbed/mri/mri.ar(armv7-m.o)
                0x000000000000111c                __mriPlatform_GetProgramCounter
 .text.__mriPlatform_SetProgramCounter
                0x0000000000001128        0xc ../../../gcc4mbed/mri/mri.ar(armv7-m.o)
                0x0000000000001128                __mriPlatform_SetProgramCounter
 .text.__mriPlatform_WasProgramCounterModifiedByUser
                0x0000000000001134       0x18 ../../../gcc4mbed/mri/mri.ar(armv7-m.o)
                0x0000000000001134                __mriPlatform_WasProgramCounterModifiedByUser
 .text.__mriPlatform_GetSemihostCallParameters
                0x000000000000114c       0x24 ../../../gcc4mbed/mri/mri.ar(armv7-m.o)
                0x000000000000114c                __mriPlatform_GetSemihostCallParameters
 .text.__mriPlatform_SetSemihostCallReturnAndErrnoValues
                0x0000000000001170       0x18 ../../../gcc4mbed/mri/mri.ar(armv7-m.o)
                0x0000000000001170                __mriPlatform_SetSemihostCallReturnAndErrnoValues
 .text.__mriPlatform_WasMemoryFaultEncountered
                0x0000000000001188       0x20 ../../../gcc4mbed/mri/mri.ar(armv7-m.o)
                0x0000000000001188                __mriPlatform_WasMemoryFaultEncountered
 .text.throwingMemRead16
                0x00000000000011a8       0x24 ../../../gcc4mbed/mri/mri.ar(armv7-m.o)
 .text.getFirstHalfWordOfCurrentInstruction
                0x00000000000011cc       0x10 ../../../gcc4mbed/mri/mri.ar(armv7-m.o)
 .text.__mriPlatform_TypeOfCurrentInstruction
                0x00000000000011dc       0x3c ../../../gcc4mbed/mri/mri.ar(armv7-m.o)
                0x00000000000011dc                __mriPlatform_TypeOfCurrentInstruction
 .text.__mriPlatform_AdvanceProgramCounterToNextInstruction
                0x0000000000001218       0x48 ../../../gcc4mbed/mri/mri.ar(armv7-m.o)
                0x0000000000001218                __mriPlatform_AdvanceProgramCounterToNextInstruction
 .text.__mriPlatform_WriteTResponseRegistersToBuffer
                0x0000000000001260       0x3c ../../../gcc4mbed/mri/mri.ar(armv7-m.o)
                0x0000000000001260                __mriPlatform_WriteTResponseRegistersToBuffer
 .text.__mriPlatform_CopyContextToBuffer
                0x000000000000129c       0x20 ../../../gcc4mbed/mri/mri.ar(armv7-m.o)
                0x000000000000129c                __mriPlatform_CopyContextToBuffer
 .text.__mriPlatform_CopyContextFromBuffer
                0x00000000000012bc       0x20 ../../../gcc4mbed/mri/mri.ar(armv7-m.o)
                0x00000000000012bc                __mriPlatform_CopyContextFromBuffer
 .text.__mriPlatform_SetHardwareBreakpoint
                0x00000000000012dc       0x70 ../../../gcc4mbed/mri/mri.ar(armv7-m.o)
                0x00000000000012dc                __mriPlatform_SetHardwareBreakpoint
 .text.__mriPlatform_EnableSingleStep
                0x000000000000134c       0xdc ../../../gcc4mbed/mri/mri.ar(armv7-m.o)
                0x000000000000134c                __mriPlatform_EnableSingleStep
 .text.__mriPlatform_ClearHardwareBreakpoint
                0x0000000000001428       0x38 ../../../gcc4mbed/mri/mri.ar(armv7-m.o)
                0x0000000000001428                __mriPlatform_ClearHardwareBreakpoint
 .text.__mriPlatform_EnteringDebugger
                0x0000000000001460      0x108 ../../../gcc4mbed/mri/mri.ar(armv7-m.o)
                0x0000000000001460                __mriPlatform_EnteringDebugger
 .text.__mriPlatform_SetHardwareWatchpoint
                0x0000000000001568       0x94 ../../../gcc4mbed/mri/mri.ar(armv7-m.o)
                0x0000000000001568                __mriPlatform_SetHardwareWatchpoint
 .text.__mriPlatform_ClearHardwareWatchpoint
                0x00000000000015fc       0x54 ../../../gcc4mbed/mri/mri.ar(armv7-m.o)
                0x00000000000015fc                __mriPlatform_ClearHardwareWatchpoint
 .text.__mriPlatform_GetTargetXmlSize
                0x0000000000001650        0x6 ../../../gcc4mbed/mri/mri.ar(armv7-m.o)
                0x0000000000001650                __mriPlatform_GetTargetXmlSize
 *fill*         0x0000000000001656        0x2 00
 .text.__mriPlatform_GetTargetXml
                0x0000000000001658        0x8 ../../../gcc4mbed/mri/mri.ar(armv7-m.o)
                0x0000000000001658                __mriPlatform_GetTargetXml
 .text          0x0000000000001660      0x188 ../../../gcc4mbed/mri/mri.ar(armv7-m_asm.o)
                0x0000000000001660                __mriARMv7MAsmInit
                0x0000000000001796                HardFault_Handler
                0x000000000000179a                MemManage_Handler
                0x000000000000179e                BusFault_Handler
                0x00000000000017a2                UsageFault_Handler
                0x00000000000017a6                DebugMon_Handler
                0x00000000000017aa                UART0_IRQHandler
                0x00000000000017ae                UART1_IRQHandler
                0x00000000000017b2                UART2_IRQHandler
                0x00000000000017b6                UART3_IRQHandler
 .text.__mriPlatform_MemRead32
                0x00000000000017e8        0x4 ../../../gcc4mbed/mri/mri.ar(native-mem.o)
                0x00000000000017e8                __mriPlatform_MemRead32
 .text.__mriPlatform_MemRead16
                0x00000000000017ec        0x6 ../../../gcc4mbed/mri/mri.ar(native-mem.o)
                0x00000000000017ec                __mriPlatform_MemRead16
 .text.__mriPlatform_MemRead8
                0x00000000000017f2        0x4 ../../../gcc4mbed/mri/mri.ar(native-mem.o)
                0x00000000000017f2                __mriPlatform_MemRead8
 .text.__mriPlatform_MemWrite32
                0x00000000000017f6        0x4 ../../../gcc4mbed/mri/mri.ar(native-mem.o)
                0x00000000000017f6                __mriPlatform_MemWrite32
 .text.__mriPlatform_MemWrite16
                0x00000000000017fa        0x4 ../../../gcc4mbed/mri/mri.ar(native-mem.o)
                0x00000000000017fa                __mriPlatform_MemWrite16
 .text.__mriPlatform_MemWrite8
                0x00000000000017fe        0x4 ../../../gcc4mbed/mri/mri.ar(native-mem.o)
                0x00000000000017fe                __mriPlatform_MemWrite8
 *fill*         0x0000000000001802        0x2 00
 .text.__mriPlatform_CommUartIndex
                0x0000000000001804       0x1c ../../../gcc4mbed/mri/mri.ar(lpc176x_uart.o)
                0x0000000000001804                __mriPlatform_CommUartIndex
 .text.__mriPlatform_CommHasReceiveData
                0x0000000000001820       0x14 ../../../gcc4mbed/mri/mri.ar(lpc176x_uart.o)
                0x0000000000001820                __mriPlatform_CommHasReceiveData
 .text.__mriPlatform_CommReceiveChar
                0x0000000000001834       0x18 ../../../gcc4mbed/mri/mri.ar(lpc176x_uart.o)
                0x0000000000001834                __mriPlatform_CommReceiveChar
 .text.__mriPlatform_CommSendChar
                0x000000000000184c       0x1c ../../../gcc4mbed/mri/mri.ar(lpc176x_uart.o)
                0x000000000000184c                __mriPlatform_CommSendChar
 .text.__mriPlatform_CommCausedInterrupt
                0x0000000000001868       0x16 ../../../gcc4mbed/mri/mri.ar(lpc176x_uart.o)
                0x0000000000001868                __mriPlatform_CommCausedInterrupt
 *fill*         0x000000000000187e        0x2 00
 .text.__mriPlatform_CommClearInterrupt
                0x0000000000001880       0x10 ../../../gcc4mbed/mri/mri.ar(lpc176x_uart.o)
                0x0000000000001880                __mriPlatform_CommClearInterrupt
 .text.__mriPlatform_CommSharingWithApplication
                0x0000000000001890       0x10 ../../../gcc4mbed/mri/mri.ar(lpc176x_uart.o)
                0x0000000000001890                __mriPlatform_CommSharingWithApplication
 .text.__mriPlatform_CommShouldWaitForGdbConnect
                0x00000000000018a0       0x1c ../../../gcc4mbed/mri/mri.ar(lpc176x_uart.o)
                0x00000000000018a0                __mriPlatform_CommShouldWaitForGdbConnect
 .text.__mriPlatform_CommIsWaitingForGdbToConnect
                0x00000000000018bc       0x1c ../../../gcc4mbed/mri/mri.ar(lpc176x_uart.o)
                0x00000000000018bc                __mriPlatform_CommIsWaitingForGdbToConnect
 .text.__mriPlatform_CommPrepareToWaitForGdbConnection
                0x00000000000018d8       0x18 ../../../gcc4mbed/mri/mri.ar(lpc176x_uart.o)
                0x00000000000018d8                __mriPlatform_CommPrepareToWaitForGdbConnection
 .text.__mriLpc176xUart_Init
                0x00000000000018f0      0x2b0 ../../../gcc4mbed/mri/mri.ar(lpc176x_uart.o)
                0x00000000000018f0                __mriLpc176xUart_Init
 .text.__mriPlatform_CommWaitForReceiveDataToStop
                0x0000000000001ba0       0x54 ../../../gcc4mbed/mri/mri.ar(lpc176x_uart.o)
                0x0000000000001ba0                __mriPlatform_CommWaitForReceiveDataToStop
 .text.__mriPlatform_Init
                0x0000000000001bf4       0x94 ../../../gcc4mbed/mri/mri.ar(mbed1768.o)
                0x0000000000001bf4                __mriPlatform_Init
 .text.__mriMbed1768_GetMbedUid
                0x0000000000001c88        0x8 ../../../gcc4mbed/mri/mri.ar(mbed1768.o)
                0x0000000000001c88                __mriMbed1768_GetMbedUid
 .text          0x0000000000001c90       0x2c ../../../gcc4mbed/mri/mri.ar(mbed1768_asm.o)
                0x0000000000001c90                __mriDisableMbed
                0x0000000000001ca8                __mriGetMbedUid
 .text.HexCharToNibble
                0x0000000000001cbc       0x38 ../../../gcc4mbed/mri/mri.ar(buffer.o)
 .text.__mriBuffer_Init
                0x0000000000001cf4        0xa ../../../gcc4mbed/mri/mri.ar(buffer.o)
                0x0000000000001cf4                __mriBuffer_Init
 .text.__mriBuffer_Reset
                0x0000000000001cfe        0x6 ../../../gcc4mbed/mri/mri.ar(buffer.o)
                0x0000000000001cfe                __mriBuffer_Reset
 .text.__mriBuffer_SetEndOfBuffer
                0x0000000000001d04        0xc ../../../gcc4mbed/mri/mri.ar(buffer.o)
                0x0000000000001d04                __mriBuffer_SetEndOfBuffer
 .text.__mriBuffer_BytesLeft
                0x0000000000001d10       0x10 ../../../gcc4mbed/mri/mri.ar(buffer.o)
                0x0000000000001d10                __mriBuffer_BytesLeft
 .text.throwExceptionAndFlagBufferOverrunIfBufferLeftIsSmallerThan
                0x0000000000001d20       0x28 ../../../gcc4mbed/mri/mri.ar(buffer.o)
 .text.__mriBuffer_OverrunDetected
                0x0000000000001d48        0xe ../../../gcc4mbed/mri/mri.ar(buffer.o)
                0x0000000000001d48                __mriBuffer_OverrunDetected
 *fill*         0x0000000000001d56        0x2 00
 .text.__mriBuffer_WriteChar
                0x0000000000001d58       0x24 ../../../gcc4mbed/mri/mri.ar(buffer.o)
                0x0000000000001d58                __mriBuffer_WriteChar
 .text.__mriBuffer_ReadChar
                0x0000000000001d7c       0x28 ../../../gcc4mbed/mri/mri.ar(buffer.o)
                0x0000000000001d7c                __mriBuffer_ReadChar
 .text.__mriBuffer_WriteByteAsHex
                0x0000000000001da4       0x38 ../../../gcc4mbed/mri/mri.ar(buffer.o)
                0x0000000000001da4                __mriBuffer_WriteByteAsHex
 .text.__mriBuffer_ReadByteAsHex
                0x0000000000001ddc       0x4c ../../../gcc4mbed/mri/mri.ar(buffer.o)
                0x0000000000001ddc                __mriBuffer_ReadByteAsHex
 .text.__mriBuffer_WriteSizedString
                0x0000000000001e28       0x34 ../../../gcc4mbed/mri/mri.ar(buffer.o)
                0x0000000000001e28                __mriBuffer_WriteSizedString
 .text.__mriBuffer_WriteString
                0x0000000000001e5c       0x1a ../../../gcc4mbed/mri/mri.ar(buffer.o)
                0x0000000000001e5c                __mriBuffer_WriteString
 *fill*         0x0000000000001e76        0x2 00
 .text.__mriBuffer_ReadUIntegerAsHex
                0x0000000000001e78       0x5c ../../../gcc4mbed/mri/mri.ar(buffer.o)
                0x0000000000001e78                __mriBuffer_ReadUIntegerAsHex
 .text.__mriBuffer_WriteUIntegerAsHex
                0x0000000000001ed4       0x54 ../../../gcc4mbed/mri/mri.ar(buffer.o)
                0x0000000000001ed4                __mriBuffer_WriteUIntegerAsHex
 .text.__mriBuffer_WriteIntegerAsHex
                0x0000000000001f28       0x30 ../../../gcc4mbed/mri/mri.ar(buffer.o)
                0x0000000000001f28                __mriBuffer_WriteIntegerAsHex
 .text.__mriBuffer_IsNextCharEqualTo
                0x0000000000001f58       0x34 ../../../gcc4mbed/mri/mri.ar(buffer.o)
                0x0000000000001f58                __mriBuffer_IsNextCharEqualTo
 .text.__mriBuffer_ReadIntegerAsHex
                0x0000000000001f8c       0x54 ../../../gcc4mbed/mri/mri.ar(buffer.o)
                0x0000000000001f8c                __mriBuffer_ReadIntegerAsHex
 .text.__mriBuffer_MatchesString
                0x0000000000001fe0       0x54 ../../../gcc4mbed/mri/mri.ar(buffer.o)
                0x0000000000001fe0                __mriBuffer_MatchesString
 .text.handleBreakpointWatchpointException
                0x0000000000002034       0x1c ../../../gcc4mbed/mri/mri.ar(cmd_break_watch.o)
 .text.parseBreakpointWatchpointCommandArguments
                0x0000000000002050       0x4c ../../../gcc4mbed/mri/mri.ar(cmd_break_watch.o)
 .text.handleWatchpointRemoveCommand
                0x000000000000209c       0x30 ../../../gcc4mbed/mri/mri.ar(cmd_break_watch.o)
 .text.handleWatchpointSetCommand
                0x00000000000020cc       0x30 ../../../gcc4mbed/mri/mri.ar(cmd_break_watch.o)
 .text.__mriCmd_HandleBreakpointWatchpointSetCommand
                0x00000000000020fc       0x6c ../../../gcc4mbed/mri/mri.ar(cmd_break_watch.o)
                0x00000000000020fc                __mriCmd_HandleBreakpointWatchpointSetCommand
 .text.__mriCmd_HandleBreakpointWatchpointRemoveCommand
                0x0000000000002168       0x6c ../../../gcc4mbed/mri/mri.ar(cmd_break_watch.o)
                0x0000000000002168                __mriCmd_HandleBreakpointWatchpointRemoveCommand
 .text.__mriCmd_ReadUIntegerArgument
                0x00000000000021d4       0x1c ../../../gcc4mbed/mri/mri.ar(cmd_common.o)
                0x00000000000021d4                __mriCmd_ReadUIntegerArgument
 .text.__mriCmd_ThrowIfNextCharIsNotEqualTo
                0x00000000000021f0       0x1c ../../../gcc4mbed/mri/mri.ar(cmd_common.o)
                0x00000000000021f0                __mriCmd_ThrowIfNextCharIsNotEqualTo
 .text.__mriCmd_ReadAddressAndLengthArguments
                0x000000000000220c       0x30 ../../../gcc4mbed/mri/mri.ar(cmd_common.o)
                0x000000000000220c                __mriCmd_ReadAddressAndLengthArguments
 .text.__mriCmd_ReadAddressAndLengthArgumentsWithColon
                0x000000000000223c       0x24 ../../../gcc4mbed/mri/mri.ar(cmd_common.o)
                0x000000000000223c                __mriCmd_ReadAddressAndLengthArgumentsWithColon
 .text.__mriCmd_HandleContinueCommand
                0x0000000000002260       0x48 ../../../gcc4mbed/mri/mri.ar(cmd_continue.o)
                0x0000000000002260                __mriCmd_HandleContinueCommand
 .text.processGdbFileResponseCommands
                0x00000000000022a8       0x28 ../../../gcc4mbed/mri/mri.ar(cmd_file.o)
 .text.__mriIssueGdbFileOpenRequest
                0x00000000000022d0       0x58 ../../../gcc4mbed/mri/mri.ar(cmd_file.o)
                0x00000000000022d0                __mriIssueGdbFileOpenRequest
 .text.__mriIssueGdbFileWriteRequest
                0x0000000000002328       0x48 ../../../gcc4mbed/mri/mri.ar(cmd_file.o)
                0x0000000000002328                __mriIssueGdbFileWriteRequest
 .text.__mriIssueGdbFileReadRequest
                0x0000000000002370       0x48 ../../../gcc4mbed/mri/mri.ar(cmd_file.o)
                0x0000000000002370                __mriIssueGdbFileReadRequest
 .text.__mriIssueGdbFileCloseRequest
                0x00000000000023b8       0x28 ../../../gcc4mbed/mri/mri.ar(cmd_file.o)
                0x00000000000023b8                __mriIssueGdbFileCloseRequest
 .text.__mriIssueGdbFileSeekRequest
                0x00000000000023e0       0x48 ../../../gcc4mbed/mri/mri.ar(cmd_file.o)
                0x00000000000023e0                __mriIssueGdbFileSeekRequest
 .text.__mriIssueGdbFileFStatRequest
                0x0000000000002428       0x3c ../../../gcc4mbed/mri/mri.ar(cmd_file.o)
                0x0000000000002428                __mriIssueGdbFileFStatRequest
 .text.__mriIssueGdbFileUnlinkRequest
                0x0000000000002464       0x38 ../../../gcc4mbed/mri/mri.ar(cmd_file.o)
                0x0000000000002464                __mriIssueGdbFileUnlinkRequest
 .text.__mriIssueGdbFileStatRequest
                0x000000000000249c       0x48 ../../../gcc4mbed/mri/mri.ar(cmd_file.o)
                0x000000000000249c                __mriIssueGdbFileStatRequest
 .text.__mriIssueGdbFileRenameRequest
                0x00000000000024e4       0x58 ../../../gcc4mbed/mri/mri.ar(cmd_file.o)
                0x00000000000024e4                __mriIssueGdbFileRenameRequest
 .text.__mriHandleFileIOCommand
                0x000000000000253c       0x54 ../../../gcc4mbed/mri/mri.ar(cmd_file.o)
                0x000000000000253c                __mriHandleFileIOCommand
 .text.__mriCmd_HandleMemoryReadCommand
                0x0000000000002590       0x3c ../../../gcc4mbed/mri/mri.ar(cmd_memory.o)
                0x0000000000002590                __mriCmd_HandleMemoryReadCommand
 .text.__mriCmd_HandleMemoryWriteCommand
                0x00000000000025cc       0x58 ../../../gcc4mbed/mri/mri.ar(cmd_memory.o)
                0x00000000000025cc                __mriCmd_HandleMemoryWriteCommand
 .text.__mriCmd_HandleBinaryMemoryWriteCommand
                0x0000000000002624       0x58 ../../../gcc4mbed/mri/mri.ar(cmd_memory.o)
                0x0000000000002624                __mriCmd_HandleBinaryMemoryWriteCommand
 .text.handleQueryTransferReadCommand
                0x000000000000267c       0x5a ../../../gcc4mbed/mri/mri.ar(cmd_query.o)
 *fill*         0x00000000000026d6        0x2 00
 .text.readQueryTransferReadArguments
                0x00000000000026d8       0xa0 ../../../gcc4mbed/mri/mri.ar(cmd_query.o)
 .text.__mriCmd_HandleQueryCommand
                0x0000000000002778      0x104 ../../../gcc4mbed/mri/mri.ar(cmd_query.o)
                0x0000000000002778                __mriCmd_HandleQueryCommand
 .text.__mriCmd_Send_T_StopResponse
                0x000000000000287c       0x28 ../../../gcc4mbed/mri/mri.ar(cmd_registers.o)
                0x000000000000287c                __mriCmd_Send_T_StopResponse
 .text.__mriCmd_HandleRegisterReadCommand
                0x00000000000028a4        0xe ../../../gcc4mbed/mri/mri.ar(cmd_registers.o)
                0x00000000000028a4                __mriCmd_HandleRegisterReadCommand
 *fill*         0x00000000000028b2        0x2 00
 .text.__mriCmd_HandleRegisterWriteCommand
                0x00000000000028b4       0x2c ../../../gcc4mbed/mri/mri.ar(cmd_registers.o)
                0x00000000000028b4                __mriCmd_HandleRegisterWriteCommand
 .text.__mriCmd_HandleSingleStepCommand
                0x00000000000028e0       0x1a ../../../gcc4mbed/mri/mri.ar(cmd_step.o)
                0x00000000000028e0                __mriCmd_HandleSingleStepCommand
 .text.__mriGdbConsole_WriteString
                0x00000000000028fa       0x4c ../../../gcc4mbed/mri/mri.ar(gdb_console.o)
                0x00000000000028fa                __mriGdbConsole_WriteString
 *fill*         0x0000000000002946        0x2 00
 .text.__mriGdbConsole_WriteHexValue
                0x0000000000002948       0x38 ../../../gcc4mbed/mri/mri.ar(gdb_console.o)
                0x0000000000002948                __mriGdbConsole_WriteHexValue
 .text.writeHexBufferToByteMemory
                0x0000000000002980       0x40 ../../../gcc4mbed/mri/mri.ar(memory.o)
 .text.readMemoryBytesIntoHexBuffer
                0x00000000000029c0       0x2e ../../../gcc4mbed/mri/mri.ar(memory.o)
 *fill*         0x00000000000029ee        0x2 00
 .text.readBytesFromBinaryBuffer
                0x00000000000029f0       0x54 ../../../gcc4mbed/mri/mri.ar(memory.o)
 .text.writeBinaryBufferToByteMemory
                0x0000000000002a44       0x64 ../../../gcc4mbed/mri/mri.ar(memory.o)
 .text.__mriMem_ReadMemoryIntoHexBuffer
                0x0000000000002aa8       0x78 ../../../gcc4mbed/mri/mri.ar(memory.o)
                0x0000000000002aa8                __mriMem_ReadMemoryIntoHexBuffer
 .text.__mriMem_WriteHexBufferToMemory
                0x0000000000002b20       0x9c ../../../gcc4mbed/mri/mri.ar(memory.o)
                0x0000000000002b20                __mriMem_WriteHexBufferToMemory
 .text.__mriMem_WriteBinaryBufferToMemory
                0x0000000000002bbc       0x50 ../../../gcc4mbed/mri/mri.ar(memory.o)
                0x0000000000002bbc                __mriMem_WriteBinaryBufferToMemory
 .text.__mriLpc176x_Init
                0x0000000000002c0c       0x38 ../../../gcc4mbed/mri/mri.ar(lpc176x.o)
                0x0000000000002c0c                __mriLpc176x_Init
 .text.__mriPlatform_GetDeviceMemoryMapXmlSize
                0x0000000000002c44        0x6 ../../../gcc4mbed/mri/mri.ar(lpc176x.o)
                0x0000000000002c44                __mriPlatform_GetDeviceMemoryMapXmlSize
 *fill*         0x0000000000002c4a        0x2 00
 .text.__mriPlatform_GetDeviceMemoryMapXml
                0x0000000000002c4c        0x8 ../../../gcc4mbed/mri/mri.ar(lpc176x.o)
                0x0000000000002c4c                __mriPlatform_GetDeviceMemoryMapXml
 .text.NVIC_SetVector
                0x0000000000002c54       0x84 ../../../gcc4mbed/external/mbed/libraries/Debug/NXP_LPC176X/mbed.a(cmsis_nvic.o)
                0x0000000000002c54                NVIC_SetVector
 .text.SystemInit
                0x0000000000002cd8      0x190 ../../../gcc4mbed/external/mbed/libraries/Debug/NXP_LPC176X/mbed.a(system_LPC17xx.o)
                0x0000000000002cd8                SystemInit
 .text.exit     0x0000000000002e68       0x20 ../../../gcc4mbed/external/mbed/libraries/Debug/NXP_LPC176X/mbed.a(exit.o)
                0x0000000000002e68                exit
 .text.mbed_interface_connected
                0x0000000000002e88        0xc ../../../gcc4mbed/external/mbed/libraries/Debug/NXP_LPC176X/mbed.a(mbed_interface.o)
                0x0000000000002e88                mbed_interface_connected
 .text.__semihost
                0x0000000000002e94       0x20 ../../../gcc4mbed/external/mbed/libraries/Debug/NXP_LPC176X/mbed.a(semihost_api.o)
 .text.semihost_exit
                0x0000000000002eb4       0x18 ../../../gcc4mbed/external/mbed/libraries/Debug/NXP_LPC176X/mbed.a(semihost_api.o)
                0x0000000000002eb4                semihost_exit
 .text          0x0000000000002ecc       0x90 ../../../gcc4mbed/external/mbed/libraries/Debug/NXP_LPC176X/mbed.a(startup_LPC17xx.o)
                0x0000000000002ecc                Reset_Handler
                0x0000000000002f00                NMI_Handler
                0x0000000000002f0e                PendSV_Handler
                0x0000000000002f10                SysTick_Handler
                0x0000000000002f12                Default_Handler
                0x0000000000002f12                DEF_IRQHandler
                0x0000000000002f14                WDT_IRQHandler
                0x0000000000002f16                TIMER0_IRQHandler
                0x0000000000002f18                TIMER1_IRQHandler
                0x0000000000002f1a                TIMER2_IRQHandler
                0x0000000000002f1c                TIMER3_IRQHandler
                0x0000000000002f26                PWM1_IRQHandler
                0x0000000000002f28                I2C0_IRQHandler
                0x0000000000002f2a                I2C1_IRQHandler
                0x0000000000002f2c                I2C2_IRQHandler
                0x0000000000002f2e                SPI_IRQHandler
                0x0000000000002f30                SSP0_IRQHandler
                0x0000000000002f32                SSP1_IRQHandler
                0x0000000000002f34                PLL0_IRQHandler
                0x0000000000002f36                RTC_IRQHandler
                0x0000000000002f38                EINT0_IRQHandler
                0x0000000000002f3a                EINT1_IRQHandler
                0x0000000000002f3c                EINT2_IRQHandler
                0x0000000000002f3e                EINT3_IRQHandler
                0x0000000000002f40                ADC_IRQHandler
                0x0000000000002f42                BOD_IRQHandler
                0x0000000000002f44                USB_IRQHandler
                0x0000000000002f46                CAN_IRQHandler
                0x0000000000002f48                DMA_IRQHandler
                0x0000000000002f4a                I2S_IRQHandler
                0x0000000000002f4c                ENET_IRQHandler
                0x0000000000002f4e                RIT_IRQHandler
                0x0000000000002f50                MCPWM_IRQHandler
                0x0000000000002f52                QEI_IRQHandler
                0x0000000000002f54                PLL1_IRQHandler
                0x0000000000002f56                USBActivity_IRQHandler
                0x0000000000002f58                CANActivity_IRQHandler
 .text.pin_function
                0x0000000000002f5c       0x88 ../../../gcc4mbed/external/mbed/libraries/Debug/NXP_LPC176X/mbed.a(pinmap.o)
                0x0000000000002f5c                pin_function
 .text.pin_mode
                0x0000000000002fe4      0x124 ../../../gcc4mbed/external/mbed/libraries/Debug/NXP_LPC176X/mbed.a(pinmap.o)
                0x0000000000002fe4                pin_mode
 .text.gpio_write
                0x0000000000003108       0x28 ../../../gcc4mbed/external/mbed/libraries/Debug/NXP_LPC176X/mbed.a(board.o)
 .text.mbed_die
                0x0000000000003130       0xc8 ../../../gcc4mbed/external/mbed/libraries/Debug/NXP_LPC176X/mbed.a(board.o)
                0x0000000000003130                mbed_die
 .text.wait_ms  0x00000000000031f8       0x1c ../../../gcc4mbed/external/mbed/libraries/Debug/NXP_LPC176X/mbed.a(wait_api.o)
                0x00000000000031f8                wait_ms
 .text.wait_us  0x0000000000003214       0x24 ../../../gcc4mbed/external/mbed/libraries/Debug/NXP_LPC176X/mbed.a(wait_api.o)
                0x0000000000003214                wait_us
 .text.gpio_set
                0x0000000000003238       0x24 ../../../gcc4mbed/external/mbed/libraries/Debug/NXP_LPC176X/mbed.a(gpio_api.o)
                0x0000000000003238                gpio_set
 .text.gpio_init
                0x000000000000325c       0x8c ../../../gcc4mbed/external/mbed/libraries/Debug/NXP_LPC176X/mbed.a(gpio_api.o)
                0x000000000000325c                gpio_init
 .text.gpio_dir
                0x00000000000032e8       0x48 ../../../gcc4mbed/external/mbed/libraries/Debug/NXP_LPC176X/mbed.a(gpio_api.o)
                0x00000000000032e8                gpio_dir
 .text.NVIC_EnableIRQ
                0x0000000000003330       0x30 ../../../gcc4mbed/external/mbed/libraries/Debug/NXP_LPC176X/mbed.a(us_ticker.o)
 .text.us_ticker_init
                0x0000000000003360       0xbc ../../../gcc4mbed/external/mbed/libraries/Debug/NXP_LPC176X/mbed.a(us_ticker.o)
                0x0000000000003360                us_ticker_init
 .text.us_ticker_read
                0x000000000000341c       0x24 ../../../gcc4mbed/external/mbed/libraries/Debug/NXP_LPC176X/mbed.a(us_ticker.o)
                0x000000000000341c                us_ticker_read
 .text.us_ticker_set_interrupt
                0x0000000000003440       0x2c ../../../gcc4mbed/external/mbed/libraries/Debug/NXP_LPC176X/mbed.a(us_ticker.o)
                0x0000000000003440                us_ticker_set_interrupt
 .text.us_ticker_disable_interrupt
                0x000000000000346c       0x1c ../../../gcc4mbed/external/mbed/libraries/Debug/NXP_LPC176X/mbed.a(us_ticker.o)
                0x000000000000346c                us_ticker_disable_interrupt
 .text.us_ticker_clear_interrupt
                0x0000000000003488       0x10 ../../../gcc4mbed/external/mbed/libraries/Debug/NXP_LPC176X/mbed.a(us_ticker.o)
                0x0000000000003488                us_ticker_clear_interrupt
 .text.us_ticker_irq_handler
                0x0000000000003498       0x94 ../../../gcc4mbed/external/mbed/libraries/Debug/NXP_LPC176X/mbed.a(us_ticker_api.o)
                0x0000000000003498                us_ticker_irq_handler
 .text.__libc_init_array
                0x000000000000352c       0x4c /depots/gcc-arm-none-eabi/install-native/lib/gcc/arm-none-eabi/4.7.4/../../../../arm-none-eabi/lib/armv7-m/libc_s.a(lib_a-init.o)
                0x000000000000352c                __libc_init_array
 .text.memcpy   0x0000000000003578       0x12 /depots/gcc-arm-none-eabi/install-native/lib/gcc/arm-none-eabi/4.7.4/../../../../arm-none-eabi/lib/armv7-m/libc_s.a(lib_a-memcpy.o)
                0x0000000000003578                memcpy
 .text.memset   0x000000000000358a       0x10 /depots/gcc-arm-none-eabi/install-native/lib/gcc/arm-none-eabi/4.7.4/../../../../arm-none-eabi/lib/armv7-m/libc_s.a(lib_a-memset.o)
                0x000000000000358a                memset
 .text.strcmp   0x000000000000359a       0x16 /depots/gcc-arm-none-eabi/install-native/lib/gcc/arm-none-eabi/4.7.4/../../../../arm-none-eabi/lib/armv7-m/libc_s.a(lib_a-strcmp.o)
                0x000000000000359a                strcmp
 .text.strlen   0x00000000000035b0       0x10 /depots/gcc-arm-none-eabi/install-native/lib/gcc/arm-none-eabi/4.7.4/../../../../arm-none-eabi/lib/armv7-m/libc_s.a(lib_a-strlen.o)
                0x00000000000035b0                strlen
 .text.strncmp  0x00000000000035c0       0x2e /depots/gcc-arm-none-eabi/install-native/lib/gcc/arm-none-eabi/4.7.4/../../../../arm-none-eabi/lib/armv7-m/libc_s.a(lib_a-strncmp.o)
                0x00000000000035c0                strncmp
 .text.strstr   0x00000000000035ee       0x2e /depots/gcc-arm-none-eabi/install-native/lib/gcc/arm-none-eabi/4.7.4/../../../../arm-none-eabi/lib/armv7-m/libc_s.a(lib_a-strstr.o)
                0x00000000000035ee                strstr
 *(.init)
 .init          0x000000000000361c        0x4 /depots/gcc-arm-none-eabi/install-native/lib/gcc/arm-none-eabi/4.7.4/armv7-m/crti.o
                0x000000000000361c                _init
 .init          0x0000000000003620        0x8 /depots/gcc-arm-none-eabi/install-native/lib/gcc/arm-none-eabi/4.7.4/armv7-m/crtn.o
 *(.fini)
 .fini          0x0000000000003628        0x4 /depots/gcc-arm-none-eabi/install-native/lib/gcc/arm-none-eabi/4.7.4/armv7-m/crti.o
                0x0000000000003628                _fini
 .fini          0x000000000000362c        0x8 /depots/gcc-arm-none-eabi/install-native/lib/gcc/arm-none-eabi/4.7.4/armv7-m/crtn.o
 *crtbegin.o(.ctors)
 *crtbegin?.o(.ctors)
 *(EXCLUDE_FILE(*crtend.o *crtend?.o) .ctors)
 *(SORT(.ctors.*))
 *(.ctors)
 *crtbegin.o(.dtors)
 *crtbegin?.o(.dtors)
 *(EXCLUDE_FILE(*crtend.o *crtend?.o) .dtors)
 *(SORT(.dtors.*))
 *(.dtors)
 *(.rodata*)
 .rodata        0x0000000000003634       0x14 LPC1768/gcc4mbed.o
 .rodata.str1.1
                0x0000000000003648        0x4 ../../../gcc4mbed/mri/mri.ar(mri.o)
                                          0x5 (size before relaxing)
 .rodata.commandTable.5680
                0x000000000000364c       0x60 ../../../gcc4mbed/mri/mri.ar(mri.o)
 .rodata.NibbleToHexChar
                0x00000000000036ac       0x10 ../../../gcc4mbed/mri/mri.ar(packet.o)
 .rodata.str1.1
                0x00000000000036bc        0x3 ../../../gcc4mbed/mri/mri.ar(token.o)
 .rodata.g_targetXml
                0x00000000000036bf      0x2ba ../../../gcc4mbed/mri/mri.ar(armv7-m.o)
 *fill*         0x0000000000003979        0x3 00
 .rodata.__mriCortexMFakeStack
                0x000000000000397c       0x20 ../../../gcc4mbed/mri/mri.ar(armv7-m.o)
                0x000000000000397c                __mriCortexMFakeStack
 .rodata.str1.1
                0x000000000000399c      0x1ff ../../../gcc4mbed/mri/mri.ar(armv7-m.o)
 *fill*         0x0000000000003b9b        0x1 00
 .rodata.debugEventToSignalMap.7056
                0x0000000000003b9c       0x20 ../../../gcc4mbed/mri/mri.ar(armv7-m.o)
 .rodata.CSWTCH.128
                0x0000000000003bbc        0x3 ../../../gcc4mbed/mri/mri.ar(armv7-m.o)
 *fill*         0x0000000000003bbf        0x1 00
 .rodata.g_uartConfigurations
                0x0000000000003bc0       0x90 ../../../gcc4mbed/mri/mri.ar(lpc176x_uart.o)
 .rodata.str1.1
                0x0000000000003c50       0x8e ../../../gcc4mbed/mri/mri.ar(lpc176x_uart.o)
 .rodata.baudRatePrefix.7379
                0x0000000000003cde        0xf ../../../gcc4mbed/mri/mri.ar(lpc176x_uart.o)
 .rodata        0x0000000000003ced       0x24 ../../../gcc4mbed/mri/mri.ar(mbed1768.o)
 .rodata.NibbleToHexChar
                0x0000000000003d11       0x10 ../../../gcc4mbed/mri/mri.ar(buffer.o)
 .rodata.str1.1
                0x0000000000003d21        0xb ../../../gcc4mbed/mri/mri.ar(cmd_break_watch.o)
                                          0xc (size before relaxing)
 .rodata.gdbUnlinkCommand.4679
                0x0000000000003d2c        0x9 ../../../gcc4mbed/mri/mri.ar(cmd_file.o)
 .rodata.gdbCloseCommand.4663
                0x0000000000003d35        0x8 ../../../gcc4mbed/mri/mri.ar(cmd_file.o)
 .rodata.gdbCommand.4689
                0x0000000000003d3d        0x9 ../../../gcc4mbed/mri/mri.ar(cmd_file.o)
 .rodata.gdbWriteCommand.4653
                0x0000000000003d46        0x8 ../../../gcc4mbed/mri/mri.ar(cmd_file.o)
 .rodata.gdbOpenCommand.4648
                0x0000000000003d4e        0x7 ../../../gcc4mbed/mri/mri.ar(cmd_file.o)
 .rodata.gdbStatCommand.4674
                0x0000000000003d55        0x8 ../../../gcc4mbed/mri/mri.ar(cmd_file.o)
 .rodata.controlCFlag.4694
                0x0000000000003d5d        0x3 ../../../gcc4mbed/mri/mri.ar(cmd_file.o)
 .rodata.gdbReadCommand.4658
                0x0000000000003d60        0x7 ../../../gcc4mbed/mri/mri.ar(cmd_file.o)
 .rodata.gdbSeekCommand.4668
                0x0000000000003d67        0x8 ../../../gcc4mbed/mri/mri.ar(cmd_file.o)
 .rodata.gdbStatCommand.4684
                0x0000000000003d6f        0x7 ../../../gcc4mbed/mri/mri.ar(cmd_file.o)
 .rodata.str1.1
                0x0000000000003d76        0x4 ../../../gcc4mbed/mri/mri.ar(cmd_memory.o)
                                          0xf (size before relaxing)
 .rodata.readCommand.4768
                0x0000000000003d7a        0x5 ../../../gcc4mbed/mri/mri.ar(cmd_query.o)
 .rodata.qXferCommand.4745
                0x0000000000003d7f        0x5 ../../../gcc4mbed/mri/mri.ar(cmd_query.o)
 .rodata.qSupportedCommand.4744
                0x0000000000003d84        0xa ../../../gcc4mbed/mri/mri.ar(cmd_query.o)
 .rodata.targetXmlAnnex.4773
                0x0000000000003d8e        0xb ../../../gcc4mbed/mri/mri.ar(cmd_query.o)
 .rodata.str1.1
                0x0000000000003d99        0xb ../../../gcc4mbed/mri/mri.ar(cmd_query.o)
                                         0x10 (size before relaxing)
 .rodata.querySupportResponse.4749
                0x0000000000003da4       0x38 ../../../gcc4mbed/mri/mri.ar(cmd_query.o)
 .rodata.featureObject.4757
                0x0000000000003ddc        0x9 ../../../gcc4mbed/mri/mri.ar(cmd_query.o)
 .rodata.memoryMapObject.4756
                0x0000000000003de5        0xb ../../../gcc4mbed/mri/mri.ar(cmd_query.o)
 .rodata.str1.1
                0x0000000000000000        0x7 ../../../gcc4mbed/mri/mri.ar(cmd_registers.o)
 .rodata.str1.1
                0x0000000000003df0        0x3 ../../../gcc4mbed/mri/mri.ar(gdb_console.o)
 .rodata.g_memoryMapXml
                0x0000000000003df3      0x5c7 ../../../gcc4mbed/mri/mri.ar(lpc176x.o)
 *(.eh_frame*)
 *fill*         0x00000000000043ba        0x2 00
 .eh_frame      0x00000000000043bc        0x0 /depots/gcc-arm-none-eabi/install-native/lib/gcc/arm-none-eabi/4.7.4/armv7-m/crtbegin.o
 .eh_frame      0x00000000000043bc        0x4 /depots/gcc-arm-none-eabi/install-native/lib/gcc/arm-none-eabi/4.7.4/armv7-m/crtend.o

.glue_7         0x00000000000043c0        0x0
 .glue_7        0x0000000000000000        0x0 linker stubs

.glue_7t        0x00000000000043c0        0x0
 .glue_7t       0x0000000000000000        0x0 linker stubs

.vfp11_veneer   0x00000000000043c0        0x0
 .vfp11_veneer  0x0000000000000000        0x0 linker stubs

.v4_bx          0x00000000000043c0        0x0
 .v4_bx         0x0000000000000000        0x0 linker stubs

.iplt           0x00000000000043c0        0x0
 .iplt          0x0000000000000000        0x0 /depots/gcc-arm-none-eabi/install-native/lib/gcc/arm-none-eabi/4.7.4/armv7-m/crtbegin.o

.rel.dyn        0x00000000000043c0        0x0
 .rel.iplt      0x0000000000000000        0x0 /depots/gcc-arm-none-eabi/install-native/lib/gcc/arm-none-eabi/4.7.4/armv7-m/crtbegin.o

.ARM.extab
 *(.ARM.extab* .gnu.linkonce.armextab.*)
                0x00000000000043c0                __exidx_start = .

.ARM.exidx
 *(.ARM.exidx* .gnu.linkonce.armexidx.*)
                0x00000000000043c0                __exidx_end = .
                0x00000000000043c0                __etext = .

.data           0x00000000100000c8        0xc load address 0x00000000000043c0
                0x00000000100000c8                __data_start__ = .
                0x00000000100000c8                Image$$RW_IRAM1$$Base = .
 *(vtable)
 *(.data*)
 .data.SystemCoreClock
                0x00000000100000c8        0x4 ../../../gcc4mbed/external/mbed/libraries/Debug/NXP_LPC176X/mbed.a(system_LPC17xx.o)
                0x00000000100000c8                SystemCoreClock
                0x00000000100000cc                . = ALIGN (0x4)
                0x00000000100000cc                PROVIDE (__preinit_array_start, .)
 *(.preinit_array)
                0x00000000100000cc                PROVIDE (__preinit_array_end, .)
                0x00000000100000cc                . = ALIGN (0x4)
                0x00000000100000cc                PROVIDE (__init_array_start, .)
 *(SORT(.init_array.*))
 *(.init_array)
 .init_array    0x00000000100000cc        0x4 /depots/gcc-arm-none-eabi/install-native/lib/gcc/arm-none-eabi/4.7.4/armv7-m/crtbegin.o
                0x00000000100000d0                PROVIDE (__init_array_end, .)
                0x00000000100000d0                . = ALIGN (0x4)
                0x00000000100000d0                PROVIDE (__fini_array_start, .)
 *(SORT(.fini_array.*))
 *(.fini_array)
 .fini_array    0x00000000100000d0        0x4 /depots/gcc-arm-none-eabi/install-native/lib/gcc/arm-none-eabi/4.7.4/armv7-m/crtbegin.o
                0x00000000100000d4                PROVIDE (__fini_array_end, .)
                0x00000000100000d4                . = ALIGN (0x4)
                0x00000000100000d4                __data_end__ = .

.jcr            0x00000000100000d4        0x0 load address 0x00000000000043cc
 .jcr           0x00000000100000d4        0x0 /depots/gcc-arm-none-eabi/install-native/lib/gcc/arm-none-eabi/4.7.4/armv7-m/crtbegin.o

.igot.plt       0x00000000100000d4        0x0 load address 0x00000000000043cc
 .igot.plt      0x0000000000000000        0x0 /depots/gcc-arm-none-eabi/install-native/lib/gcc/arm-none-eabi/4.7.4/armv7-m/crtbegin.o

.bss            0x00000000100000d8      0x37c load address 0x00000000000043d0
                0x00000000100000d8                __bss_start__ = .
 *(.bss*)
 .bss           0x00000000100000d8       0x1c /depots/gcc-arm-none-eabi/install-native/lib/gcc/arm-none-eabi/4.7.4/armv7-m/crtbegin.o
 .bss.g_mri     0x00000000100000f4       0x24 ../../../gcc4mbed/mri/mri.ar(mri.o)
 .bss.g_state   0x0000000010000118       0x28 ../../../gcc4mbed/mri/mri.ar(mbed1768.o)
 .bss.us_ticker_inited
                0x0000000010000140        0x4 ../../../gcc4mbed/external/mbed/libraries/Debug/NXP_LPC176X/mbed.a(us_ticker.o)
                0x0000000010000140                us_ticker_inited
 .bss.event_handler
                0x0000000010000144        0x4 ../../../gcc4mbed/external/mbed/libraries/Debug/NXP_LPC176X/mbed.a(us_ticker_api.o)
 .bss.head      0x0000000010000148        0x4 ../../../gcc4mbed/external/mbed/libraries/Debug/NXP_LPC176X/mbed.a(us_ticker_api.o)
 *(COMMON)
 COMMON         0x000000001000014c        0x4 ../../../gcc4mbed/mri/mri.ar(try_catch.o)
                0x000000001000014c                __mriExceptionCode
 COMMON         0x0000000010000150      0x2f8 ../../../gcc4mbed/mri/mri.ar(armv7-m.o)
                0x0000000010000150                __mriCortexMState
 COMMON         0x0000000010000448        0x8 ../../../gcc4mbed/mri/mri.ar(lpc176x.o)
                0x0000000010000448                __mriLpc176xState
 COMMON         0x0000000010000450        0x4 /depots/gcc-arm-none-eabi/install-native/lib/gcc/arm-none-eabi/4.7.4/../../../../arm-none-eabi/lib/armv7-m/libc_s.a(lib_a-reent.o)
                0x0000000010000450                errno
                0x0000000010000454                __bss_end__ = .
                0x0000000010000454                Image$$RW_IRAM1$$ZI$$Limit = .

.heap           0x0000000010000458      0x800
                0x0000000010000458                __end__ = .
                0x0000000010000458                end = __end__
 *(.heap*)
 .heap          0x0000000010000458      0x800 ../../../gcc4mbed/external/mbed/libraries/Debug/NXP_LPC176X/mbed.a(startup_LPC17xx.o)
                0x0000000010000458                __HeapBase
                0x0000000010000c58                __HeapLimit = .

.stack_dummy    0x0000000010000458      0xc00
 *(.stack)
 .stack         0x0000000010000458      0xc00 ../../../gcc4mbed/external/mbed/libraries/Debug/NXP_LPC176X/mbed.a(startup_LPC17xx.o)
                0x0000000010008000                __StackTop = (ORIGIN (RAM) + 0x7f38)
                0x0000000010007400                __StackLimit = (__StackTop - SIZEOF (.stack_dummy))
                0x0000000010008000                PROVIDE (__stack, __StackTop)
                0x0000000000000001                ASSERT ((__StackLimit >= __HeapLimit), region RAM overflowed with stack)

.AHBSRAM0       0x000000002007c000        0x0
                0x000000002007c000                Image$$RW_IRAM2$$Base = .
 *(AHBSRAM0)
                0x000000002007c000                Image$$RW_IRAM2$$ZI$$Limit = .

.AHBSRAM1       0x0000000020080000        0x0
                0x0000000020080000                Image$$RW_IRAM3$$Base = .
 *(AHBSRAM1)
                0x0000000020080000                Image$$RW_IRAM3$$ZI$$Limit = .
OUTPUT(LPC1768/realarm.elf elf32-littlearm)

.ARM.attributes
                0x0000000000000000       0x29
 .ARM.attributes
                0x0000000000000000       0x1d /depots/gcc-arm-none-eabi/install-native/lib/gcc/arm-none-eabi/4.7.4/armv7-m/crti.o
 .ARM.attributes
                0x000000000000001d       0x2d /depots/gcc-arm-none-eabi/install-native/lib/gcc/arm-none-eabi/4.7.4/armv7-m/crtbegin.o
 .ARM.attributes
                0x000000000000004a       0x33 LPC1768/./main.o
 .ARM.attributes
                0x000000000000007d       0x33 LPC1768/gcc4mbed.o
 .ARM.attributes
                0x00000000000000b0       0x33 ../../../gcc4mbed/mri/mri.ar(mri.o)
 .ARM.attributes
                0x00000000000000e3       0x33 ../../../gcc4mbed/mri/mri.ar(packet.o)
 .ARM.attributes
                0x0000000000000116       0x33 ../../../gcc4mbed/mri/mri.ar(token.o)
 .ARM.attributes
                0x0000000000000149       0x33 ../../../gcc4mbed/mri/mri.ar(try_catch.o)
 .ARM.attributes
                0x000000000000017c       0x33 ../../../gcc4mbed/mri/mri.ar(semihost.o)
 .ARM.attributes
                0x00000000000001af       0x33 ../../../gcc4mbed/mri/mri.ar(semihost_newlib.o)
 .ARM.attributes
                0x00000000000001e2       0x21 ../../../gcc4mbed/mri/mri.ar(newlib_asm.o)
 .ARM.attributes
                0x0000000000000203       0x33 ../../../gcc4mbed/mri/mri.ar(semihost_mbed.o)
 .ARM.attributes
                0x0000000000000236       0x33 ../../../gcc4mbed/mri/mri.ar(armv7-m.o)
 .ARM.attributes
                0x0000000000000269       0x21 ../../../gcc4mbed/mri/mri.ar(armv7-m_asm.o)
 .ARM.attributes
                0x000000000000028a       0x33 ../../../gcc4mbed/mri/mri.ar(native-mem.o)
 .ARM.attributes
                0x00000000000002bd       0x33 ../../../gcc4mbed/mri/mri.ar(lpc176x_uart.o)
 .ARM.attributes
                0x00000000000002f0       0x33 ../../../gcc4mbed/mri/mri.ar(mbed1768.o)
 .ARM.attributes
                0x0000000000000323       0x21 ../../../gcc4mbed/mri/mri.ar(mbed1768_asm.o)
 .ARM.attributes
                0x0000000000000344       0x33 ../../../gcc4mbed/mri/mri.ar(buffer.o)
 .ARM.attributes
                0x0000000000000377       0x33 ../../../gcc4mbed/mri/mri.ar(cmd_break_watch.o)
 .ARM.attributes
                0x00000000000003aa       0x33 ../../../gcc4mbed/mri/mri.ar(cmd_common.o)
 .ARM.attributes
                0x00000000000003dd       0x33 ../../../gcc4mbed/mri/mri.ar(cmd_continue.o)
 .ARM.attributes
                0x0000000000000410       0x33 ../../../gcc4mbed/mri/mri.ar(cmd_file.o)
 .ARM.attributes
                0x0000000000000443       0x33 ../../../gcc4mbed/mri/mri.ar(cmd_memory.o)
 .ARM.attributes
                0x0000000000000476       0x33 ../../../gcc4mbed/mri/mri.ar(cmd_query.o)
 .ARM.attributes
                0x00000000000004a9       0x33 ../../../gcc4mbed/mri/mri.ar(cmd_registers.o)
 .ARM.attributes
                0x00000000000004dc       0x33 ../../../gcc4mbed/mri/mri.ar(cmd_step.o)
 .ARM.attributes
                0x000000000000050f       0x33 ../../../gcc4mbed/mri/mri.ar(gdb_console.o)
 .ARM.attributes
                0x0000000000000542       0x33 ../../../gcc4mbed/mri/mri.ar(memory.o)
 .ARM.attributes
                0x0000000000000575       0x33 ../../../gcc4mbed/mri/mri.ar(lpc176x.o)
 .ARM.attributes
                0x00000000000005a8       0x33 ../../../gcc4mbed/external/mbed/libraries/Debug/NXP_LPC176X/mbed.a(cmsis_nvic.o)
 .ARM.attributes
                0x00000000000005db       0x33 ../../../gcc4mbed/external/mbed/libraries/Debug/NXP_LPC176X/mbed.a(system_LPC17xx.o)
 .ARM.attributes
                0x000000000000060e       0x33 ../../../gcc4mbed/external/mbed/libraries/Debug/NXP_LPC176X/mbed.a(exit.o)
 .ARM.attributes
                0x0000000000000641       0x33 ../../../gcc4mbed/external/mbed/libraries/Debug/NXP_LPC176X/mbed.a(mbed_interface.o)
 .ARM.attributes
                0x0000000000000674       0x33 ../../../gcc4mbed/external/mbed/libraries/Debug/NXP_LPC176X/mbed.a(semihost_api.o)
 .ARM.attributes
                0x00000000000006a7       0x1b ../../../gcc4mbed/external/mbed/libraries/Debug/NXP_LPC176X/mbed.a(startup_LPC17xx.o)
 .ARM.attributes
                0x00000000000006c2       0x33 ../../../gcc4mbed/external/mbed/libraries/Debug/NXP_LPC176X/mbed.a(pinmap.o)
 .ARM.attributes
                0x00000000000006f5       0x33 ../../../gcc4mbed/external/mbed/libraries/Debug/NXP_LPC176X/mbed.a(board.o)
 .ARM.attributes
                0x0000000000000728       0x33 ../../../gcc4mbed/external/mbed/libraries/Debug/NXP_LPC176X/mbed.a(wait_api.o)
 .ARM.attributes
                0x000000000000075b       0x33 ../../../gcc4mbed/external/mbed/libraries/Debug/NXP_LPC176X/mbed.a(gpio_api.o)
 .ARM.attributes
                0x000000000000078e       0x33 ../../../gcc4mbed/external/mbed/libraries/Debug/NXP_LPC176X/mbed.a(us_ticker.o)
 .ARM.attributes
                0x00000000000007c1       0x33 ../../../gcc4mbed/external/mbed/libraries/Debug/NXP_LPC176X/mbed.a(us_ticker_api.o)
 .ARM.attributes
                0x00000000000007f4       0x2d /depots/gcc-arm-none-eabi/install-native/lib/gcc/arm-none-eabi/4.7.4/../../../../arm-none-eabi/lib/armv7-m/libc_s.a(lib_a-init.o)
 .ARM.attributes
                0x0000000000000821       0x2d /depots/gcc-arm-none-eabi/install-native/lib/gcc/arm-none-eabi/4.7.4/../../../../arm-none-eabi/lib/armv7-m/libc_s.a(lib_a-memcpy.o)
 .ARM.attributes
                0x000000000000084e       0x2d /depots/gcc-arm-none-eabi/install-native/lib/gcc/arm-none-eabi/4.7.4/../../../../arm-none-eabi/lib/armv7-m/libc_s.a(lib_a-memset.o)
 .ARM.attributes
                0x000000000000087b       0x2d /depots/gcc-arm-none-eabi/install-native/lib/gcc/arm-none-eabi/4.7.4/../../../../arm-none-eabi/lib/armv7-m/libc_s.a(lib_a-reent.o)
 .ARM.attributes
                0x00000000000008a8       0x2d /depots/gcc-arm-none-eabi/install-native/lib/gcc/arm-none-eabi/4.7.4/../../../../arm-none-eabi/lib/armv7-m/libc_s.a(lib_a-strcmp.o)
 .ARM.attributes
                0x00000000000008d5       0x2d /depots/gcc-arm-none-eabi/install-native/lib/gcc/arm-none-eabi/4.7.4/../../../../arm-none-eabi/lib/armv7-m/libc_s.a(lib_a-strlen.o)
 .ARM.attributes
                0x0000000000000902       0x2d /depots/gcc-arm-none-eabi/install-native/lib/gcc/arm-none-eabi/4.7.4/../../../../arm-none-eabi/lib/armv7-m/libc_s.a(lib_a-strncmp.o)
 .ARM.attributes
                0x000000000000092f       0x2d /depots/gcc-arm-none-eabi/install-native/lib/gcc/arm-none-eabi/4.7.4/../../../../arm-none-eabi/lib/armv7-m/libc_s.a(lib_a-strstr.o)
 .ARM.attributes
                0x000000000000095c       0x2d /depots/gcc-arm-none-eabi/install-native/lib/gcc/arm-none-eabi/4.7.4/armv7-m/crtend.o
 .ARM.attributes
                0x0000000000000989       0x1d /depots/gcc-arm-none-eabi/install-native/lib/gcc/arm-none-eabi/4.7.4/armv7-m/crtn.o

.comment        0x0000000000000000       0x70
 .comment       0x0000000000000000       0x70 LPC1768/./main.o
                                         0x71 (size before relaxing)
 .comment       0x0000000000000000       0x71 LPC1768/gcc4mbed.o
 .comment       0x0000000000000000       0x71 ../../../gcc4mbed/mri/mri.ar(mri.o)
 .comment       0x0000000000000000       0x71 ../../../gcc4mbed/mri/mri.ar(packet.o)
 .comment       0x0000000000000000       0x71 ../../../gcc4mbed/mri/mri.ar(token.o)
 .comment       0x0000000000000000       0x71 ../../../gcc4mbed/mri/mri.ar(try_catch.o)
 .comment       0x0000000000000000       0x71 ../../../gcc4mbed/mri/mri.ar(semihost.o)
 .comment       0x0000000000000000       0x71 ../../../gcc4mbed/mri/mri.ar(semihost_newlib.o)
 .comment       0x0000000000000000       0x71 ../../../gcc4mbed/mri/mri.ar(semihost_mbed.o)
 .comment       0x0000000000000000       0x71 ../../../gcc4mbed/mri/mri.ar(armv7-m.o)
 .comment       0x0000000000000000       0x71 ../../../gcc4mbed/mri/mri.ar(native-mem.o)
 .comment       0x0000000000000000       0x71 ../../../gcc4mbed/mri/mri.ar(lpc176x_uart.o)
 .comment       0x0000000000000000       0x71 ../../../gcc4mbed/mri/mri.ar(mbed1768.o)
 .comment       0x0000000000000000       0x71 ../../../gcc4mbed/mri/mri.ar(buffer.o)
 .comment       0x0000000000000000       0x71 ../../../gcc4mbed/mri/mri.ar(cmd_break_watch.o)
 .comment       0x0000000000000000       0x71 ../../../gcc4mbed/mri/mri.ar(cmd_common.o)
 .comment       0x0000000000000000       0x71 ../../../gcc4mbed/mri/mri.ar(cmd_continue.o)
 .comment       0x0000000000000000       0x71 ../../../gcc4mbed/mri/mri.ar(cmd_file.o)
 .comment       0x0000000000000000       0x71 ../../../gcc4mbed/mri/mri.ar(cmd_memory.o)
 .comment       0x0000000000000000       0x71 ../../../gcc4mbed/mri/mri.ar(cmd_query.o)
 .comment       0x0000000000000000       0x71 ../../../gcc4mbed/mri/mri.ar(cmd_registers.o)
 .comment       0x0000000000000000       0x71 ../../../gcc4mbed/mri/mri.ar(cmd_step.o)
 .comment       0x0000000000000000       0x71 ../../../gcc4mbed/mri/mri.ar(gdb_console.o)
 .comment       0x0000000000000000       0x71 ../../../gcc4mbed/mri/mri.ar(memory.o)
 .comment       0x0000000000000000       0x71 ../../../gcc4mbed/mri/mri.ar(lpc176x.o)
 .comment       0x0000000000000000       0x71 ../../../gcc4mbed/external/mbed/libraries/Debug/NXP_LPC176X/mbed.a(cmsis_nvic.o)
 .comment       0x0000000000000000       0x71 ../../../gcc4mbed/external/mbed/libraries/Debug/NXP_LPC176X/mbed.a(system_LPC17xx.o)
 .comment       0x0000000000000000       0x71 ../../../gcc4mbed/external/mbed/libraries/Debug/NXP_LPC176X/mbed.a(exit.o)
 .comment       0x0000000000000000       0x71 ../../../gcc4mbed/external/mbed/libraries/Debug/NXP_LPC176X/mbed.a(mbed_interface.o)
 .comment       0x0000000000000000       0x71 ../../../gcc4mbed/external/mbed/libraries/Debug/NXP_LPC176X/mbed.a(semihost_api.o)
 .comment       0x0000000000000000       0x71 ../../../gcc4mbed/external/mbed/libraries/Debug/NXP_LPC176X/mbed.a(pinmap.o)
 .comment       0x0000000000000000       0x71 ../../../gcc4mbed/external/mbed/libraries/Debug/NXP_LPC176X/mbed.a(board.o)
 .comment       0x0000000000000000       0x71 ../../../gcc4mbed/external/mbed/libraries/Debug/NXP_LPC176X/mbed.a(wait_api.o)
 .comment       0x0000000000000000       0x71 ../../../gcc4mbed/external/mbed/libraries/Debug/NXP_LPC176X/mbed.a(gpio_api.o)
 .comment       0x0000000000000000       0x71 ../../../gcc4mbed/external/mbed/libraries/Debug/NXP_LPC176X/mbed.a(us_ticker.o)
 .comment       0x0000000000000000       0x71 ../../../gcc4mbed/external/mbed/libraries/Debug/NXP_LPC176X/mbed.a(us_ticker_api.o)

.debug_info     0x0000000000000000    0x13e91
 .debug_info    0x0000000000000000     0x1566 LPC1768/./main.o
 .debug_info    0x0000000000001566      0x23a LPC1768/gcc4mbed.o
 .debug_info    0x00000000000017a0      0xc6e ../../../gcc4mbed/mri/mri.ar(mri.o)
 .debug_info    0x000000000000240e      0xa74 ../../../gcc4mbed/mri/mri.ar(packet.o)
 .debug_info    0x0000000000002e82      0x7bc ../../../gcc4mbed/mri/mri.ar(token.o)
 .debug_info    0x000000000000363e       0x3b ../../../gcc4mbed/mri/mri.ar(try_catch.o)
 .debug_info    0x0000000000003679      0x214 ../../../gcc4mbed/mri/mri.ar(semihost.o)
 .debug_info    0x000000000000388d      0x7a4 ../../../gcc4mbed/mri/mri.ar(semihost_newlib.o)
 .debug_info    0x0000000000004031      0xb23 ../../../gcc4mbed/mri/mri.ar(semihost_mbed.o)
 .debug_info    0x0000000000004b54     0x38b0 ../../../gcc4mbed/mri/mri.ar(armv7-m.o)
 .debug_info    0x0000000000008404      0x1d6 ../../../gcc4mbed/mri/mri.ar(native-mem.o)
 .debug_info    0x00000000000085da     0x22a9 ../../../gcc4mbed/mri/mri.ar(lpc176x_uart.o)
 .debug_info    0x000000000000a883      0x478 ../../../gcc4mbed/mri/mri.ar(mbed1768.o)
 .debug_info    0x000000000000acfb      0xe9e ../../../gcc4mbed/mri/mri.ar(buffer.o)
 .debug_info    0x000000000000bb99      0x5a1 ../../../gcc4mbed/mri/mri.ar(cmd_break_watch.o)
 .debug_info    0x000000000000c13a      0x334 ../../../gcc4mbed/mri/mri.ar(cmd_common.o)
 .debug_info    0x000000000000c46e      0x262 ../../../gcc4mbed/mri/mri.ar(cmd_continue.o)
 .debug_info    0x000000000000c6d0      0xe9f ../../../gcc4mbed/mri/mri.ar(cmd_file.o)
 .debug_info    0x000000000000d56f      0x3e4 ../../../gcc4mbed/mri/mri.ar(cmd_memory.o)
 .debug_info    0x000000000000d953      0xb72 ../../../gcc4mbed/mri/mri.ar(cmd_query.o)
 .debug_info    0x000000000000e4c5      0x2e8 ../../../gcc4mbed/mri/mri.ar(cmd_registers.o)
 .debug_info    0x000000000000e7ad      0x118 ../../../gcc4mbed/mri/mri.ar(cmd_step.o)
 .debug_info    0x000000000000e8c5      0x3c9 ../../../gcc4mbed/mri/mri.ar(gdb_console.o)
 .debug_info    0x000000000000ec8e      0xc6a ../../../gcc4mbed/mri/mri.ar(memory.o)
 .debug_info    0x000000000000f8f8      0x9a4 ../../../gcc4mbed/mri/mri.ar(lpc176x.o)
 .debug_info    0x000000000001029c      0x432 ../../../gcc4mbed/external/mbed/libraries/Debug/NXP_LPC176X/mbed.a(cmsis_nvic.o)
 .debug_info    0x00000000000106ce      0x37d ../../../gcc4mbed/external/mbed/libraries/Debug/NXP_LPC176X/mbed.a(system_LPC17xx.o)
 .debug_info    0x0000000000010a4b       0xc2 ../../../gcc4mbed/external/mbed/libraries/Debug/NXP_LPC176X/mbed.a(exit.o)
 .debug_info    0x0000000000010b0d      0x225 ../../../gcc4mbed/external/mbed/libraries/Debug/NXP_LPC176X/mbed.a(mbed_interface.o)
 .debug_info    0x0000000000010d32      0x524 ../../../gcc4mbed/external/mbed/libraries/Debug/NXP_LPC176X/mbed.a(semihost_api.o)
 .debug_info    0x0000000000011256       0xca ../../../gcc4mbed/external/mbed/libraries/Debug/NXP_LPC176X/mbed.a(startup_LPC17xx.o)
 .debug_info    0x0000000000011320      0x9c6 ../../../gcc4mbed/external/mbed/libraries/Debug/NXP_LPC176X/mbed.a(pinmap.o)
 .debug_info    0x0000000000011ce6      0x95c ../../../gcc4mbed/external/mbed/libraries/Debug/NXP_LPC176X/mbed.a(board.o)
 .debug_info    0x0000000000012642      0x107 ../../../gcc4mbed/external/mbed/libraries/Debug/NXP_LPC176X/mbed.a(wait_api.o)
 .debug_info    0x0000000000012749      0xd0a ../../../gcc4mbed/external/mbed/libraries/Debug/NXP_LPC176X/mbed.a(gpio_api.o)
 .debug_info    0x0000000000013453      0x7c3 ../../../gcc4mbed/external/mbed/libraries/Debug/NXP_LPC176X/mbed.a(us_ticker.o)
 .debug_info    0x0000000000013c16      0x27b ../../../gcc4mbed/external/mbed/libraries/Debug/NXP_LPC176X/mbed.a(us_ticker_api.o)

.debug_abbrev   0x0000000000000000     0x43b0
 .debug_abbrev  0x0000000000000000      0x2b7 LPC1768/./main.o
 .debug_abbrev  0x00000000000002b7      0x15a LPC1768/gcc4mbed.o
 .debug_abbrev  0x0000000000000411      0x383 ../../../gcc4mbed/mri/mri.ar(mri.o)
 .debug_abbrev  0x0000000000000794      0x287 ../../../gcc4mbed/mri/mri.ar(packet.o)
 .debug_abbrev  0x0000000000000a1b      0x27f ../../../gcc4mbed/mri/mri.ar(token.o)
 .debug_abbrev  0x0000000000000c9a       0x2f ../../../gcc4mbed/mri/mri.ar(try_catch.o)
 .debug_abbrev  0x0000000000000cc9      0x133 ../../../gcc4mbed/mri/mri.ar(semihost.o)
 .debug_abbrev  0x0000000000000dfc      0x15d ../../../gcc4mbed/mri/mri.ar(semihost_newlib.o)
 .debug_abbrev  0x0000000000000f59      0x243 ../../../gcc4mbed/mri/mri.ar(semihost_mbed.o)
 .debug_abbrev  0x000000000000119c      0x638 ../../../gcc4mbed/mri/mri.ar(armv7-m.o)
 .debug_abbrev  0x00000000000017d4       0xc5 ../../../gcc4mbed/mri/mri.ar(native-mem.o)
 .debug_abbrev  0x0000000000001899      0x4b9 ../../../gcc4mbed/mri/mri.ar(lpc176x_uart.o)
 .debug_abbrev  0x0000000000001d52      0x262 ../../../gcc4mbed/mri/mri.ar(mbed1768.o)
 .debug_abbrev  0x0000000000001fb4      0x3cb ../../../gcc4mbed/mri/mri.ar(buffer.o)
 .debug_abbrev  0x000000000000237f      0x20d ../../../gcc4mbed/mri/mri.ar(cmd_break_watch.o)
 .debug_abbrev  0x000000000000258c      0x195 ../../../gcc4mbed/mri/mri.ar(cmd_common.o)
 .debug_abbrev  0x0000000000002721      0x186 ../../../gcc4mbed/mri/mri.ar(cmd_continue.o)
 .debug_abbrev  0x00000000000028a7      0x1e5 ../../../gcc4mbed/mri/mri.ar(cmd_file.o)
 .debug_abbrev  0x0000000000002a8c      0x172 ../../../gcc4mbed/mri/mri.ar(cmd_memory.o)
 .debug_abbrev  0x0000000000002bfe      0x2b6 ../../../gcc4mbed/mri/mri.ar(cmd_query.o)
 .debug_abbrev  0x0000000000002eb4      0x12c ../../../gcc4mbed/mri/mri.ar(cmd_registers.o)
 .debug_abbrev  0x0000000000002fe0       0xc6 ../../../gcc4mbed/mri/mri.ar(cmd_step.o)
 .debug_abbrev  0x00000000000030a6      0x1d1 ../../../gcc4mbed/mri/mri.ar(gdb_console.o)
 .debug_abbrev  0x0000000000003277      0x2de ../../../gcc4mbed/mri/mri.ar(memory.o)
 .debug_abbrev  0x0000000000003555      0x2a2 ../../../gcc4mbed/mri/mri.ar(lpc176x.o)
 .debug_abbrev  0x00000000000037f7      0x132 ../../../gcc4mbed/external/mbed/libraries/Debug/NXP_LPC176X/mbed.a(cmsis_nvic.o)
 .debug_abbrev  0x0000000000003929       0xd9 ../../../gcc4mbed/external/mbed/libraries/Debug/NXP_LPC176X/mbed.a(system_LPC17xx.o)
 .debug_abbrev  0x0000000000003a02       0x7d ../../../gcc4mbed/external/mbed/libraries/Debug/NXP_LPC176X/mbed.a(exit.o)
 .debug_abbrev  0x0000000000003a7f      0x10d ../../../gcc4mbed/external/mbed/libraries/Debug/NXP_LPC176X/mbed.a(mbed_interface.o)
 .debug_abbrev  0x0000000000003b8c      0x13b ../../../gcc4mbed/external/mbed/libraries/Debug/NXP_LPC176X/mbed.a(semihost_api.o)
 .debug_abbrev  0x0000000000003cc7       0x14 ../../../gcc4mbed/external/mbed/libraries/Debug/NXP_LPC176X/mbed.a(startup_LPC17xx.o)
 .debug_abbrev  0x0000000000003cdb       0xe8 ../../../gcc4mbed/external/mbed/libraries/Debug/NXP_LPC176X/mbed.a(pinmap.o)
 .debug_abbrev  0x0000000000003dc3      0x10d ../../../gcc4mbed/external/mbed/libraries/Debug/NXP_LPC176X/mbed.a(board.o)
 .debug_abbrev  0x0000000000003ed0       0x8c ../../../gcc4mbed/external/mbed/libraries/Debug/NXP_LPC176X/mbed.a(wait_api.o)
 .debug_abbrev  0x0000000000003f5c      0x167 ../../../gcc4mbed/external/mbed/libraries/Debug/NXP_LPC176X/mbed.a(gpio_api.o)
 .debug_abbrev  0x00000000000040c3      0x1cb ../../../gcc4mbed/external/mbed/libraries/Debug/NXP_LPC176X/mbed.a(us_ticker.o)
 .debug_abbrev  0x000000000000428e      0x122 ../../../gcc4mbed/external/mbed/libraries/Debug/NXP_LPC176X/mbed.a(us_ticker_api.o)

.debug_loc      0x0000000000000000     0x5b59
 .debug_loc     0x0000000000000000      0x190 LPC1768/./main.o
 .debug_loc     0x0000000000000190      0x11c LPC1768/gcc4mbed.o
 .debug_loc     0x00000000000002ac      0x247 ../../../gcc4mbed/mri/mri.ar(mri.o)
 .debug_loc     0x00000000000004f3      0x322 ../../../gcc4mbed/mri/mri.ar(packet.o)
 .debug_loc     0x0000000000000815      0x512 ../../../gcc4mbed/mri/mri.ar(token.o)
 .debug_loc     0x0000000000000d27       0x71 ../../../gcc4mbed/mri/mri.ar(semihost.o)
 .debug_loc     0x0000000000000d98      0x16c ../../../gcc4mbed/mri/mri.ar(semihost_newlib.o)
 .debug_loc     0x0000000000000f04      0x527 ../../../gcc4mbed/mri/mri.ar(semihost_mbed.o)
 .debug_loc     0x000000000000142b     0x1451 ../../../gcc4mbed/mri/mri.ar(armv7-m.o)
 .debug_loc     0x000000000000287c       0x63 ../../../gcc4mbed/mri/mri.ar(native-mem.o)
 .debug_loc     0x00000000000028df      0x795 ../../../gcc4mbed/mri/mri.ar(lpc176x_uart.o)
 .debug_loc     0x0000000000003074       0x68 ../../../gcc4mbed/mri/mri.ar(mbed1768.o)
 .debug_loc     0x00000000000030dc      0xa52 ../../../gcc4mbed/mri/mri.ar(buffer.o)
 .debug_loc     0x0000000000003b2e      0x1b0 ../../../gcc4mbed/mri/mri.ar(cmd_break_watch.o)
 .debug_loc     0x0000000000003cde      0x185 ../../../gcc4mbed/mri/mri.ar(cmd_common.o)
 .debug_loc     0x0000000000003e63       0x75 ../../../gcc4mbed/mri/mri.ar(cmd_continue.o)
 .debug_loc     0x0000000000003ed8      0x465 ../../../gcc4mbed/mri/mri.ar(cmd_file.o)
 .debug_loc     0x000000000000433d       0xba ../../../gcc4mbed/mri/mri.ar(cmd_memory.o)
 .debug_loc     0x00000000000043f7      0x36f ../../../gcc4mbed/mri/mri.ar(cmd_query.o)
 .debug_loc     0x0000000000004766       0x9c ../../../gcc4mbed/mri/mri.ar(cmd_registers.o)
 .debug_loc     0x0000000000004802       0x20 ../../../gcc4mbed/mri/mri.ar(cmd_step.o)
 .debug_loc     0x0000000000004822      0x10c ../../../gcc4mbed/mri/mri.ar(gdb_console.o)
 .debug_loc     0x000000000000492e      0xa30 ../../../gcc4mbed/mri/mri.ar(memory.o)
 .debug_loc     0x000000000000535e       0x85 ../../../gcc4mbed/mri/mri.ar(lpc176x.o)
 .debug_loc     0x00000000000053e3       0x40 ../../../gcc4mbed/external/mbed/libraries/Debug/NXP_LPC176X/mbed.a(cmsis_nvic.o)
 .debug_loc     0x0000000000005423       0x20 ../../../gcc4mbed/external/mbed/libraries/Debug/NXP_LPC176X/mbed.a(system_LPC17xx.o)
 .debug_loc     0x0000000000005443       0x2c ../../../gcc4mbed/external/mbed/libraries/Debug/NXP_LPC176X/mbed.a(exit.o)
 .debug_loc     0x000000000000546f      0x13d ../../../gcc4mbed/external/mbed/libraries/Debug/NXP_LPC176X/mbed.a(mbed_interface.o)
 .debug_loc     0x00000000000055ac      0x2bc ../../../gcc4mbed/external/mbed/libraries/Debug/NXP_LPC176X/mbed.a(semihost_api.o)
 .debug_loc     0x0000000000005868       0x40 ../../../gcc4mbed/external/mbed/libraries/Debug/NXP_LPC176X/mbed.a(pinmap.o)
 .debug_loc     0x00000000000058a8       0x4d ../../../gcc4mbed/external/mbed/libraries/Debug/NXP_LPC176X/mbed.a(board.o)
 .debug_loc     0x00000000000058f5       0x84 ../../../gcc4mbed/external/mbed/libraries/Debug/NXP_LPC176X/mbed.a(wait_api.o)
 .debug_loc     0x0000000000005979       0xa4 ../../../gcc4mbed/external/mbed/libraries/Debug/NXP_LPC176X/mbed.a(gpio_api.o)
 .debug_loc     0x0000000000005a1d       0x8c ../../../gcc4mbed/external/mbed/libraries/Debug/NXP_LPC176X/mbed.a(us_ticker.o)
 .debug_loc     0x0000000000005aa9       0xb0 ../../../gcc4mbed/external/mbed/libraries/Debug/NXP_LPC176X/mbed.a(us_ticker_api.o)

.debug_aranges  0x0000000000000000      0xaf8
 .debug_aranges
                0x0000000000000000       0x98 LPC1768/./main.o
 .debug_aranges
                0x0000000000000098       0x58 LPC1768/gcc4mbed.o
 .debug_aranges
                0x00000000000000f0       0xb8 ../../../gcc4mbed/mri/mri.ar(mri.o)
 .debug_aranges
                0x00000000000001a8       0x30 ../../../gcc4mbed/mri/mri.ar(packet.o)
 .debug_aranges
                0x00000000000001d8       0x60 ../../../gcc4mbed/mri/mri.ar(token.o)
 .debug_aranges
                0x0000000000000238       0x18 ../../../gcc4mbed/mri/mri.ar(try_catch.o)
 .debug_aranges
                0x0000000000000250       0x28 ../../../gcc4mbed/mri/mri.ar(semihost.o)
 .debug_aranges
                0x0000000000000278       0x20 ../../../gcc4mbed/mri/mri.ar(semihost_newlib.o)
 .debug_aranges
                0x0000000000000298       0x28 ../../../gcc4mbed/mri/mri.ar(semihost_mbed.o)
 .debug_aranges
                0x00000000000002c0      0x158 ../../../gcc4mbed/mri/mri.ar(armv7-m.o)
 .debug_aranges
                0x0000000000000418       0x48 ../../../gcc4mbed/mri/mri.ar(native-mem.o)
 .debug_aranges
                0x0000000000000460       0x78 ../../../gcc4mbed/mri/mri.ar(lpc176x_uart.o)
 .debug_aranges
                0x00000000000004d8       0x30 ../../../gcc4mbed/mri/mri.ar(mbed1768.o)
 .debug_aranges
                0x0000000000000508       0xc0 ../../../gcc4mbed/mri/mri.ar(buffer.o)
 .debug_aranges
                0x00000000000005c8       0x48 ../../../gcc4mbed/mri/mri.ar(cmd_break_watch.o)
 .debug_aranges
                0x0000000000000610       0x38 ../../../gcc4mbed/mri/mri.ar(cmd_common.o)
 .debug_aranges
                0x0000000000000648       0x20 ../../../gcc4mbed/mri/mri.ar(cmd_continue.o)
 .debug_aranges
                0x0000000000000668       0x70 ../../../gcc4mbed/mri/mri.ar(cmd_file.o)
 .debug_aranges
                0x00000000000006d8       0x30 ../../../gcc4mbed/mri/mri.ar(cmd_memory.o)
 .debug_aranges
                0x0000000000000708       0x30 ../../../gcc4mbed/mri/mri.ar(cmd_query.o)
 .debug_aranges
                0x0000000000000738       0x30 ../../../gcc4mbed/mri/mri.ar(cmd_registers.o)
 .debug_aranges
                0x0000000000000768       0x20 ../../../gcc4mbed/mri/mri.ar(cmd_step.o)
 .debug_aranges
                0x0000000000000788       0x28 ../../../gcc4mbed/mri/mri.ar(gdb_console.o)
 .debug_aranges
                0x00000000000007b0       0x50 ../../../gcc4mbed/mri/mri.ar(memory.o)
 .debug_aranges
                0x0000000000000800       0x30 ../../../gcc4mbed/mri/mri.ar(lpc176x.o)
 .debug_aranges
                0x0000000000000830       0x28 ../../../gcc4mbed/external/mbed/libraries/Debug/NXP_LPC176X/mbed.a(cmsis_nvic.o)
 .debug_aranges
                0x0000000000000858       0x28 ../../../gcc4mbed/external/mbed/libraries/Debug/NXP_LPC176X/mbed.a(system_LPC17xx.o)
 .debug_aranges
                0x0000000000000880       0x20 ../../../gcc4mbed/external/mbed/libraries/Debug/NXP_LPC176X/mbed.a(exit.o)
 .debug_aranges
                0x00000000000008a0       0x58 ../../../gcc4mbed/external/mbed/libraries/Debug/NXP_LPC176X/mbed.a(mbed_interface.o)
 .debug_aranges
                0x00000000000008f8       0xa8 ../../../gcc4mbed/external/mbed/libraries/Debug/NXP_LPC176X/mbed.a(semihost_api.o)
 .debug_aranges
                0x00000000000009a0       0x20 ../../../gcc4mbed/external/mbed/libraries/Debug/NXP_LPC176X/mbed.a(startup_LPC17xx.o)
 .debug_aranges
                0x00000000000009c0       0x28 ../../../gcc4mbed/external/mbed/libraries/Debug/NXP_LPC176X/mbed.a(pinmap.o)
 .debug_aranges
                0x00000000000009e8       0x28 ../../../gcc4mbed/external/mbed/libraries/Debug/NXP_LPC176X/mbed.a(board.o)
 .debug_aranges
                0x0000000000000a10       0x30 ../../../gcc4mbed/external/mbed/libraries/Debug/NXP_LPC176X/mbed.a(wait_api.o)
 .debug_aranges
                0x0000000000000a40       0x38 ../../../gcc4mbed/external/mbed/libraries/Debug/NXP_LPC176X/mbed.a(gpio_api.o)
 .debug_aranges
                0x0000000000000a78       0x48 ../../../gcc4mbed/external/mbed/libraries/Debug/NXP_LPC176X/mbed.a(us_ticker.o)
 .debug_aranges
                0x0000000000000ac0       0x38 ../../../gcc4mbed/external/mbed/libraries/Debug/NXP_LPC176X/mbed.a(us_ticker_api.o)

.debug_ranges   0x0000000000000000     0x15a0
 .debug_ranges  0x0000000000000000       0x88 LPC1768/./main.o
 .debug_ranges  0x0000000000000088       0x48 LPC1768/gcc4mbed.o
 .debug_ranges  0x00000000000000d0      0x130 ../../../gcc4mbed/mri/mri.ar(mri.o)
 .debug_ranges  0x0000000000000200       0xc8 ../../../gcc4mbed/mri/mri.ar(packet.o)
 .debug_ranges  0x00000000000002c8       0xa0 ../../../gcc4mbed/mri/mri.ar(token.o)
 .debug_ranges  0x0000000000000368       0x18 ../../../gcc4mbed/mri/mri.ar(semihost.o)
 .debug_ranges  0x0000000000000380       0x10 ../../../gcc4mbed/mri/mri.ar(semihost_newlib.o)
 .debug_ranges  0x0000000000000390       0xa8 ../../../gcc4mbed/mri/mri.ar(semihost_mbed.o)
 .debug_ranges  0x0000000000000438      0x548 ../../../gcc4mbed/mri/mri.ar(armv7-m.o)
 .debug_ranges  0x0000000000000980       0x38 ../../../gcc4mbed/mri/mri.ar(native-mem.o)
 .debug_ranges  0x00000000000009b8      0x1e0 ../../../gcc4mbed/mri/mri.ar(lpc176x_uart.o)
 .debug_ranges  0x0000000000000b98       0xf0 ../../../gcc4mbed/mri/mri.ar(mbed1768.o)
 .debug_ranges  0x0000000000000c88      0x268 ../../../gcc4mbed/mri/mri.ar(buffer.o)
 .debug_ranges  0x0000000000000ef0       0xc0 ../../../gcc4mbed/mri/mri.ar(cmd_break_watch.o)
 .debug_ranges  0x0000000000000fb0       0x58 ../../../gcc4mbed/mri/mri.ar(cmd_common.o)
 .debug_ranges  0x0000000000001008       0x28 ../../../gcc4mbed/mri/mri.ar(cmd_continue.o)
 .debug_ranges  0x0000000000001030       0x60 ../../../gcc4mbed/mri/mri.ar(cmd_file.o)
 .debug_ranges  0x0000000000001090       0x68 ../../../gcc4mbed/mri/mri.ar(cmd_memory.o)
 .debug_ranges  0x00000000000010f8       0xa8 ../../../gcc4mbed/mri/mri.ar(cmd_query.o)
 .debug_ranges  0x00000000000011a0       0x20 ../../../gcc4mbed/mri/mri.ar(cmd_registers.o)
 .debug_ranges  0x00000000000011c0       0x10 ../../../gcc4mbed/mri/mri.ar(cmd_step.o)
 .debug_ranges  0x00000000000011d0       0x48 ../../../gcc4mbed/mri/mri.ar(gdb_console.o)
 .debug_ranges  0x0000000000001218      0x130 ../../../gcc4mbed/mri/mri.ar(memory.o)
 .debug_ranges  0x0000000000001348       0x60 ../../../gcc4mbed/mri/mri.ar(lpc176x.o)
 .debug_ranges  0x00000000000013a8       0x18 ../../../gcc4mbed/external/mbed/libraries/Debug/NXP_LPC176X/mbed.a(cmsis_nvic.o)
 .debug_ranges  0x00000000000013c0       0x18 ../../../gcc4mbed/external/mbed/libraries/Debug/NXP_LPC176X/mbed.a(system_LPC17xx.o)
 .debug_ranges  0x00000000000013d8       0x10 ../../../gcc4mbed/external/mbed/libraries/Debug/NXP_LPC176X/mbed.a(exit.o)
 .debug_ranges  0x00000000000013e8       0x48 ../../../gcc4mbed/external/mbed/libraries/Debug/NXP_LPC176X/mbed.a(mbed_interface.o)
 .debug_ranges  0x0000000000001430       0x98 ../../../gcc4mbed/external/mbed/libraries/Debug/NXP_LPC176X/mbed.a(semihost_api.o)
 .debug_ranges  0x00000000000014c8       0x18 ../../../gcc4mbed/external/mbed/libraries/Debug/NXP_LPC176X/mbed.a(pinmap.o)
 .debug_ranges  0x00000000000014e0       0x18 ../../../gcc4mbed/external/mbed/libraries/Debug/NXP_LPC176X/mbed.a(board.o)
 .debug_ranges  0x00000000000014f8       0x20 ../../../gcc4mbed/external/mbed/libraries/Debug/NXP_LPC176X/mbed.a(wait_api.o)
 .debug_ranges  0x0000000000001518       0x28 ../../../gcc4mbed/external/mbed/libraries/Debug/NXP_LPC176X/mbed.a(gpio_api.o)
 .debug_ranges  0x0000000000001540       0x38 ../../../gcc4mbed/external/mbed/libraries/Debug/NXP_LPC176X/mbed.a(us_ticker.o)
 .debug_ranges  0x0000000000001578       0x28 ../../../gcc4mbed/external/mbed/libraries/Debug/NXP_LPC176X/mbed.a(us_ticker_api.o)

.debug_macro    0x0000000000000000     0xa126
 .debug_macro   0x0000000000000000      0x4bd LPC1768/./main.o
 .debug_macro   0x00000000000004bd      0x868 LPC1768/./main.o
 .debug_macro   0x0000000000000d25       0x10 LPC1768/./main.o
 .debug_macro   0x0000000000000d35       0x10 LPC1768/./main.o
 .debug_macro   0x0000000000000d45       0x94 LPC1768/./main.o
 .debug_macro   0x0000000000000dd9       0x1c LPC1768/./main.o
 .debug_macro   0x0000000000000df5       0x3a LPC1768/./main.o
 .debug_macro   0x0000000000000e2f       0x3a LPC1768/./main.o
 .debug_macro   0x0000000000000e69       0x10 LPC1768/./main.o
 .debug_macro   0x0000000000000e79       0x2e LPC1768/./main.o
 .debug_macro   0x0000000000000ea7       0xa3 LPC1768/./main.o
 .debug_macro   0x0000000000000f4a      0x20e LPC1768/./main.o
 .debug_macro   0x0000000000001158       0x2d LPC1768/./main.o
 .debug_macro   0x0000000000001185      0xbb1 LPC1768/./main.o
 .debug_macro   0x0000000000001d36      0x2c7 LPC1768/./main.o
 .debug_macro   0x0000000000001ffd       0x10 LPC1768/./main.o
 .debug_macro   0x000000000000200d       0x1c LPC1768/./main.o
 .debug_macro   0x0000000000002029       0x16 LPC1768/./main.o
 .debug_macro   0x000000000000203f       0xe3 LPC1768/./main.o
 .debug_macro   0x0000000000002122      0x314 LPC1768/./main.o
 .debug_macro   0x0000000000002436      0x173 LPC1768/./main.o
 .debug_macro   0x00000000000025a9       0x10 LPC1768/./main.o
 .debug_macro   0x00000000000025b9       0x35 LPC1768/./main.o
 .debug_macro   0x00000000000025ee       0x3a LPC1768/./main.o
 .debug_macro   0x0000000000002628       0x52 LPC1768/./main.o
 .debug_macro   0x000000000000267a       0x43 LPC1768/./main.o
 .debug_macro   0x00000000000026bd      0x189 LPC1768/./main.o
 .debug_macro   0x0000000000002846       0x16 LPC1768/./main.o
 .debug_macro   0x000000000000285c       0x23 LPC1768/./main.o
 .debug_macro   0x000000000000287f       0xac LPC1768/./main.o
 .debug_macro   0x000000000000292b       0x16 LPC1768/./main.o
 .debug_macro   0x0000000000002941       0x10 LPC1768/./main.o
 .debug_macro   0x0000000000002951       0x10 LPC1768/./main.o
 .debug_macro   0x0000000000002961       0x22 LPC1768/./main.o
 .debug_macro   0x0000000000002983       0x91 LPC1768/./main.o
 .debug_macro   0x0000000000002a14       0x16 LPC1768/./main.o
 .debug_macro   0x0000000000002a2a      0x158 LPC1768/./main.o
 .debug_macro   0x0000000000002b82       0xfa LPC1768/./main.o
 .debug_macro   0x0000000000002c7c       0x10 LPC1768/./main.o
 .debug_macro   0x0000000000002c8c       0x1c LPC1768/./main.o
 .debug_macro   0x0000000000002ca8       0x8e LPC1768/./main.o
 .debug_macro   0x0000000000002d36      0x1cc LPC1768/./main.o
 .debug_macro   0x0000000000002f02       0x10 LPC1768/./main.o
 .debug_macro   0x0000000000002f12       0x16 LPC1768/./main.o
 .debug_macro   0x0000000000002f28       0x34 LPC1768/./main.o
 .debug_macro   0x0000000000002f5c       0x10 LPC1768/./main.o
 .debug_macro   0x0000000000002f6c       0x3a LPC1768/./main.o
 .debug_macro   0x0000000000002fa6      0x18e LPC1768/./main.o
 .debug_macro   0x0000000000003134      0x126 LPC1768/./main.o
 .debug_macro   0x000000000000325a       0x10 LPC1768/./main.o
 .debug_macro   0x000000000000326a       0x7c LPC1768/./main.o
 .debug_macro   0x00000000000032e6       0x58 LPC1768/./main.o
 .debug_macro   0x000000000000333e       0xa0 LPC1768/./main.o
 .debug_macro   0x00000000000033de      0x161 LPC1768/gcc4mbed.o
 .debug_macro   0x000000000000353f      0x856 LPC1768/gcc4mbed.o
 .debug_macro   0x0000000000003d95       0xa3 LPC1768/gcc4mbed.o
 .debug_macro   0x0000000000003e38       0x19 LPC1768/gcc4mbed.o
 .debug_macro   0x0000000000003e51       0x89 LPC1768/gcc4mbed.o
 .debug_macro   0x0000000000003eda       0x22 LPC1768/gcc4mbed.o
 .debug_macro   0x0000000000003efc       0xf5 LPC1768/gcc4mbed.o
 .debug_macro   0x0000000000003ff1       0x10 LPC1768/gcc4mbed.o
 .debug_macro   0x0000000000004001      0x23f LPC1768/gcc4mbed.o
 .debug_macro   0x0000000000004240      0x214 LPC1768/gcc4mbed.o
 .debug_macro   0x0000000000004454       0x52 LPC1768/gcc4mbed.o
 .debug_macro   0x00000000000044a6      0xbb1 LPC1768/gcc4mbed.o
 .debug_macro   0x0000000000005057      0x24f ../../../gcc4mbed/mri/mri.ar(mri.o)
 .debug_macro   0x00000000000052a6      0x7fc ../../../gcc4mbed/mri/mri.ar(mri.o)
 .debug_macro   0x0000000000005aa2       0xa2 ../../../gcc4mbed/mri/mri.ar(mri.o)
 .debug_macro   0x0000000000005b44      0x16d ../../../gcc4mbed/mri/mri.ar(mri.o)
 .debug_macro   0x0000000000005cb1      0x131 ../../../gcc4mbed/mri/mri.ar(mri.o)
 .debug_macro   0x0000000000005de2       0x16 ../../../gcc4mbed/mri/mri.ar(mri.o)
 .debug_macro   0x0000000000005df8       0x22 ../../../gcc4mbed/mri/mri.ar(mri.o)
 .debug_macro   0x0000000000005e1a       0x76 ../../../gcc4mbed/mri/mri.ar(mri.o)
 .debug_macro   0x0000000000005e90       0x8e ../../../gcc4mbed/mri/mri.ar(mri.o)
 .debug_macro   0x0000000000005f1e       0x10 ../../../gcc4mbed/mri/mri.ar(mri.o)
 .debug_macro   0x0000000000005f2e       0x35 ../../../gcc4mbed/mri/mri.ar(mri.o)
 .debug_macro   0x0000000000005f63      0x16d ../../../gcc4mbed/mri/mri.ar(mri.o)
 .debug_macro   0x00000000000060d0       0x16 ../../../gcc4mbed/mri/mri.ar(mri.o)
 .debug_macro   0x00000000000060e6       0x40 ../../../gcc4mbed/mri/mri.ar(mri.o)
 .debug_macro   0x0000000000006126       0x82 ../../../gcc4mbed/mri/mri.ar(mri.o)
 .debug_macro   0x00000000000061a8      0x12e ../../../gcc4mbed/mri/mri.ar(mri.o)
 .debug_macro   0x00000000000062d6       0x1c ../../../gcc4mbed/mri/mri.ar(mri.o)
 .debug_macro   0x00000000000062f2       0x34 ../../../gcc4mbed/mri/mri.ar(mri.o)
 .debug_macro   0x0000000000006326       0x46 ../../../gcc4mbed/mri/mri.ar(mri.o)
 .debug_macro   0x000000000000636c       0x1c ../../../gcc4mbed/mri/mri.ar(mri.o)
 .debug_macro   0x0000000000006388       0x1c ../../../gcc4mbed/mri/mri.ar(mri.o)
 .debug_macro   0x00000000000063a4       0x10 ../../../gcc4mbed/mri/mri.ar(mri.o)
 .debug_macro   0x00000000000063b4       0x10 ../../../gcc4mbed/mri/mri.ar(mri.o)
 .debug_macro   0x00000000000063c4       0x16 ../../../gcc4mbed/mri/mri.ar(mri.o)
 .debug_macro   0x00000000000063da       0x10 ../../../gcc4mbed/mri/mri.ar(mri.o)
 .debug_macro   0x00000000000063ea       0x1c ../../../gcc4mbed/mri/mri.ar(mri.o)
 .debug_macro   0x0000000000006406      0x173 ../../../gcc4mbed/mri/mri.ar(packet.o)
 .debug_macro   0x0000000000006579       0xdc ../../../gcc4mbed/mri/mri.ar(token.o)
 .debug_macro   0x0000000000006655       0x1a ../../../gcc4mbed/mri/mri.ar(try_catch.o)
 .debug_macro   0x000000000000666f       0xba ../../../gcc4mbed/mri/mri.ar(semihost.o)
 .debug_macro   0x0000000000006729      0x16c ../../../gcc4mbed/mri/mri.ar(semihost.o)
 .debug_macro   0x0000000000006895      0x132 ../../../gcc4mbed/mri/mri.ar(semihost_newlib.o)
 .debug_macro   0x00000000000069c7      0x153 ../../../gcc4mbed/mri/mri.ar(semihost_mbed.o)
 .debug_macro   0x0000000000006b1a       0x7c ../../../gcc4mbed/mri/mri.ar(semihost_mbed.o)
 .debug_macro   0x0000000000006b96       0x64 ../../../gcc4mbed/mri/mri.ar(semihost_mbed.o)
 .debug_macro   0x0000000000006bfa       0x28 ../../../gcc4mbed/mri/mri.ar(semihost_mbed.o)
 .debug_macro   0x0000000000006c22       0x10 ../../../gcc4mbed/mri/mri.ar(semihost_mbed.o)
 .debug_macro   0x0000000000006c32      0x201 ../../../gcc4mbed/mri/mri.ar(armv7-m.o)
 .debug_macro   0x0000000000006e33      0x239 ../../../gcc4mbed/mri/mri.ar(armv7-m.o)
 .debug_macro   0x000000000000706c       0x16 ../../../gcc4mbed/mri/mri.ar(armv7-m.o)
 .debug_macro   0x0000000000007082      0xba3 ../../../gcc4mbed/mri/mri.ar(armv7-m.o)
 .debug_macro   0x0000000000007c25       0x58 ../../../gcc4mbed/mri/mri.ar(armv7-m.o)
 .debug_macro   0x0000000000007c7d      0x214 ../../../gcc4mbed/mri/mri.ar(armv7-m.o)
 .debug_macro   0x0000000000007e91       0xa7 ../../../gcc4mbed/mri/mri.ar(native-mem.o)
 .debug_macro   0x0000000000007f38      0x20a ../../../gcc4mbed/mri/mri.ar(lpc176x_uart.o)
 .debug_macro   0x0000000000008142       0x89 ../../../gcc4mbed/mri/mri.ar(lpc176x_uart.o)
 .debug_macro   0x00000000000081cb       0x85 ../../../gcc4mbed/mri/mri.ar(lpc176x_uart.o)
 .debug_macro   0x0000000000008250       0x10 ../../../gcc4mbed/mri/mri.ar(lpc176x_uart.o)
 .debug_macro   0x0000000000008260      0x1e8 ../../../gcc4mbed/mri/mri.ar(mbed1768.o)