Archive member included because of file (symbol)

../../../gcc4mbed/mri/mri.ar(mri.o)
                              LPC1768/gcc4mbed.o (__mriInit)
../../../gcc4mbed/mri/mri.ar(packet.o)
                              ../../../gcc4mbed/mri/mri.ar(mri.o) (__mriPacket_Init)
../../../gcc4mbed/mri/mri.ar(token.o)
                              ../../../gcc4mbed/mri/mri.ar(mri.o) (__mriToken_Init)
../../../gcc4mbed/mri/mri.ar(try_catch.o)
                              ../../../gcc4mbed/mri/mri.ar(mri.o) (__mriExceptionCode)
../../../gcc4mbed/mri/mri.ar(cortex-m.o)
                              ../../../gcc4mbed/mri/mri.ar(mri.o) (__mriPlatform_IsSingleStepping)
../../../gcc4mbed/mri/mri.ar(lpc176x_uart.o)
                              ../../../gcc4mbed/mri/mri.ar(mri.o) (__mriPlatform_CommHasReceiveData)
../../../gcc4mbed/mri/mri.ar(lpc176x.o)
                              ../../../gcc4mbed/mri/mri.ar(lpc176x_uart.o) (__mriLpc176xState)
../../../gcc4mbed/mri/mri.ar(mbed1768.o)
                              ../../../gcc4mbed/mri/mri.ar(mri.o) (__mriPlatform_Init)
../../../gcc4mbed/mri/mri.ar(semihost.o)
                              ../../../gcc4mbed/mri/mri.ar(mri.o) (__mriSemihost_IsDebuggeeMakingSemihostCall)
../../../gcc4mbed/mri/mri.ar(semihost_newlib.o)
                              ../../../gcc4mbed/mri/mri.ar(semihost.o) (__mriSemihost_HandleNewlibSemihostRequest)
../../../gcc4mbed/mri/mri.ar(semihost_mbed.o)
                              ../../../gcc4mbed/mri/mri.ar(semihost.o) (__mriSemihost_HandleMbedSemihostRequest)
../../../gcc4mbed/mri/mri.ar(cortex-m_asm.o)
                              ../../../gcc4mbed/mri/mri.ar(cortex-m.o) (__mriGetIPSR)
../../../gcc4mbed/mri/mri.ar(mbed1768_asm.o)
                              ../../../gcc4mbed/mri/mri.ar(mbed1768.o) (__mriDisableMbed)
../../../gcc4mbed/mri/mri.ar(newlib_asm.o)
                              LPC1768/retarget_gcc.o (__mriNewlib_SemihostWrite)
../../../gcc4mbed/mri/mri.ar(buffer.o)
                              ../../../gcc4mbed/mri/mri.ar(mri.o) (__mriBuffer_Init)
../../../gcc4mbed/mri/mri.ar(cmd_break_watch.o)
                              ../../../gcc4mbed/mri/mri.ar(mri.o) (__mriCmd_HandleBreakpointWatchpointSetCommand)
../../../gcc4mbed/mri/mri.ar(cmd_common.o)
                              ../../../gcc4mbed/mri/mri.ar(cmd_break_watch.o) (__mriCmd_ReadUIntegerArgument)
../../../gcc4mbed/mri/mri.ar(cmd_continue.o)
                              ../../../gcc4mbed/mri/mri.ar(mri.o) (__mriCmd_HandleContinueCommand)
../../../gcc4mbed/mri/mri.ar(cmd_file.o)
                              ../../../gcc4mbed/mri/mri.ar(semihost_newlib.o) (__mriIssueGdbFileOpenRequest)
../../../gcc4mbed/mri/mri.ar(cmd_memory.o)
                              ../../../gcc4mbed/mri/mri.ar(mri.o) (__mriCmd_HandleMemoryReadCommand)
../../../gcc4mbed/mri/mri.ar(cmd_query.o)
                              ../../../gcc4mbed/mri/mri.ar(mri.o) (__mriCmd_HandleQueryCommand)
../../../gcc4mbed/mri/mri.ar(cmd_registers.o)
                              ../../../gcc4mbed/mri/mri.ar(mri.o) (__mriCmd_Send_T_StopResponse)
../../../gcc4mbed/mri/mri.ar(cmd_step.o)
                              ../../../gcc4mbed/mri/mri.ar(mri.o) (__mriCmd_HandleSingleStepCommand)
../../../gcc4mbed/mri/mri.ar(gdb_console.o)
                              ../../../gcc4mbed/mri/mri.ar(cortex-m.o) (__mriGdbConsole_WriteString)
../../../gcc4mbed/mri/mri.ar(memory.o)
                              ../../../gcc4mbed/mri/mri.ar(cmd_memory.o) (__mriMem_ReadMemoryIntoHexBuffer)
../../../gcc4mbed/mri/mri.ar(native-mem.o)
                              ../../../gcc4mbed/mri/mri.ar(memory.o) (__mriPlatform_MemRead32)
../../../gcc4mbed/external/mbed/libraries/Debug/NXP_LPC176X/mbed.a(serial_api.o)
                              LPC1768/retarget_gcc.o (stdio_uart_inited)
../../../gcc4mbed/external/mbed/libraries/Debug/NXP_LPC176X/mbed.a(cmsis_nvic.o)
                              ../../../gcc4mbed/external/mbed/libraries/Debug/NXP_LPC176X/mbed.a(serial_api.o) (NVIC_SetVector)
../../../gcc4mbed/external/mbed/libraries/Debug/NXP_LPC176X/mbed.a(system_LPC17xx.o)
                              ../../../gcc4mbed/mri/mri.ar(lpc176x_uart.o) (SystemCoreClock)
../../../gcc4mbed/external/mbed/libraries/Debug/NXP_LPC176X/mbed.a(exit.o)
                              LPC1768/gcc4mbed.o (exit)
../../../gcc4mbed/external/mbed/libraries/Debug/NXP_LPC176X/mbed.a(mbed_interface.o)
                              ../../../gcc4mbed/external/mbed/libraries/Debug/NXP_LPC176X/mbed.a(exit.o) (mbed_interface_connected)
../../../gcc4mbed/external/mbed/libraries/Debug/NXP_LPC176X/mbed.a(pinmap_common.o)
                              ../../../gcc4mbed/external/mbed/libraries/Debug/NXP_LPC176X/mbed.a(serial_api.o) (pinmap_pinout)
../../../gcc4mbed/external/mbed/libraries/Debug/NXP_LPC176X/mbed.a(semihost_api.o)
                              ../../../gcc4mbed/external/mbed/libraries/Debug/NXP_LPC176X/mbed.a(exit.o) (semihost_exit)
[...]
Memory Configuration

Name             Origin             Length             Attributes
FLASH            0x0000000000000000 0x0000000000080000 xr
RAM              0x00000000100000c8 0x0000000000007f38 xrw
USB_RAM          0x000000002007c000 0x0000000000004000 xrw
ETH_RAM          0x0000000020080000 0x0000000000004000 xrw
*default*        0x0000000000000000 0xffffffffffffffff

Linker script and memory map

LOAD /depots/gcc-arm-none-eabi/install-native/lib/gcc/arm-none-eabi/4.7.4/armv7-m/crti.o
LOAD /depots/gcc-arm-none-eabi/install-native/lib/gcc/arm-none-eabi/4.7.4/armv7-m/crtbegin.o
LOAD LPC1768/./main.o
LOAD LPC1768/gcc4mbed.o
LOAD LPC1768/retarget_gcc.o
LOAD ../../../gcc4mbed/mri/mri.ar
LOAD ../../../gcc4mbed/external/mbed/libraries/Debug/NXP_LPC176X/mbed.a
LOAD /depots/gcc-arm-none-eabi/install-native/lib/gcc/arm-none-eabi/4.7.4/../../../../arm-none-eabi/lib/armv7-m/libstdc++_s.a
LOAD /depots/gcc-arm-none-eabi/install-native/lib/gcc/arm-none-eabi/4.7.4/../../../../arm-none-eabi/lib/armv7-m/libsupc++_s.a
LOAD /depots/gcc-arm-none-eabi/install-native/lib/gcc/arm-none-eabi/4.7.4/armv7-m/libgcc.a
LOAD /depots/gcc-arm-none-eabi/install-native/lib/gcc/arm-none-eabi/4.7.4/armv7-m/libgcc.a
LOAD /depots/gcc-arm-none-eabi/install-native/lib/gcc/arm-none-eabi/4.7.4/../../../../arm-none-eabi/lib/armv7-m/libc_s.a
LOAD /depots/gcc-arm-none-eabi/install-native/lib/gcc/arm-none-eabi/4.7.4/../../../../arm-none-eabi/lib/armv7-m/libstdc++_s.a
LOAD /depots/gcc-arm-none-eabi/install-native/lib/gcc/arm-none-eabi/4.7.4/../../../../arm-none-eabi/lib/armv7-m/libm.a
LOAD /depots/gcc-arm-none-eabi/install-native/lib/gcc/arm-none-eabi/4.7.4/../../../../arm-none-eabi/lib/armv7-m/libc_s.a
START GROUP
LOAD /depots/gcc-arm-none-eabi/install-native/lib/gcc/arm-none-eabi/4.7.4/armv7-m/libgcc.a
LOAD /depots/gcc-arm-none-eabi/install-native/lib/gcc/arm-none-eabi/4.7.4/../../../../arm-none-eabi/lib/armv7-m/libc_s.a
END GROUP
LOAD /depots/gcc-arm-none-eabi/install-native/lib/gcc/arm-none-eabi/4.7.4/armv7-m/crtend.o
LOAD /depots/gcc-arm-none-eabi/install-native/lib/gcc/arm-none-eabi/4.7.4/armv7-m/crtn.o

.text           0x0000000000000000     0x419c
 *(.isr_vector)
 .isr_vector    0x0000000000000000       0xcc ../../../gcc4mbed/external/mbed/libraries/Debug/NXP_LPC176X/mbed.a(startup_LPC17xx.o)
                0x0000000000000000                __isr_vector
 *(.text*)
 .text          0x00000000000000cc       0x54 /depots/gcc-arm-none-eabi/install-native/lib/gcc/arm-none-eabi/4.7.4/armv7-m/crtbegin.o
 .text._ZL21getMPUDataRegionCountv
                0x0000000000000120       0x18 LPC1768/./main.o
 .text._ZL28getHighestMPUDataRegionIndexv
                0x0000000000000138       0x10 LPC1768/./main.o
 .text._ZL22isMPURegionNumberValidm
                0x0000000000000148       0x20 LPC1768/./main.o
 .text._ZL15isMPUNotPresentv
                0x0000000000000168       0x18 LPC1768/./main.o
 .text._ZL10disableMPUv
                0x0000000000000180       0x3c LPC1768/./main.o
 .text._ZL29enableMPUWithHardAndNMIFaultsv
                0x00000000000001bc       0x3c LPC1768/./main.o
 .text._ZL24prepareToAccessMPURegionm
                0x00000000000001f8       0x38 LPC1768/./main.o
 .text._ZL19setMPURegionAddressm
                0x0000000000000230       0x34 LPC1768/./main.o
 .text._ZL28setMPURegionAttributeAndSizem
                0x0000000000000264       0x30 LPC1768/./main.o
 .text._ZL22attemptUnalignedAccessv
                0x0000000000000294        0x4 LPC1768/./main.o
 .text._ZL23attemptMemoryWriteFaultv
                0x0000000000000298        0x4 LPC1768/./main.o
 .text._ZL25disallowUnalignedAccessesv
                0x000000000000029c       0x1c LPC1768/./main.o
 .text._ZL44noForce8ByteAlignmentDuringExceptionStackingv
                0x00000000000002b8       0x1c LPC1768/./main.o
 .text._ZL55configureHighestMpuRegionToAccessAllMemoryWithNoCachingv
                0x00000000000002d4       0x24 LPC1768/./main.o
 .text._ZL19disableWriteCachingv
                0x00000000000002f8       0x10 LPC1768/./main.o
 .text.main     0x0000000000000308       0x1c LPC1768/./main.o
                0x0000000000000308                main
 .text._start   0x0000000000000324       0x4c LPC1768/gcc4mbed.o
                0x0000000000000324                _start
 .text.__wrap_semihost_connected
                0x0000000000000370        0x8 LPC1768/gcc4mbed.o
                0x0000000000000370                __wrap_semihost_connected
 .text.__mriInit
                0x0000000000000378       0x50 ../../../gcc4mbed/mri/mri.ar(mri.o)
                0x0000000000000378                __mriInit
 .text.__mriCore_InitBuffer
                0x00000000000003c8       0x20 ../../../gcc4mbed/mri/mri.ar(mri.o)
                0x00000000000003c8                __mriCore_InitBuffer
 .text.__mriCore_PrepareStringResponse
                0x00000000000003e8       0x18 ../../../gcc4mbed/mri/mri.ar(mri.o)
                0x00000000000003e8                __mriCore_PrepareStringResponse
 .text.__mriCore_WasControlCFlagSentFromGdb
                0x0000000000000400       0x10 ../../../gcc4mbed/mri/mri.ar(mri.o)
                0x0000000000000400                __mriCore_WasControlCFlagSentFromGdb
 .text.__mriCore_IsWaitingForGdbToConnect
                0x0000000000000410       0x1c ../../../gcc4mbed/mri/mri.ar(mri.o)
                0x0000000000000410                __mriCore_IsWaitingForGdbToConnect
 .text.__mriCore_RecordControlCFlagSentFromGdb
                0x000000000000042c       0x18 ../../../gcc4mbed/mri/mri.ar(mri.o)
                0x000000000000042c                __mriCore_RecordControlCFlagSentFromGdb
 .text.__mriCore_WasSemihostCallCancelledByGdb
                0x0000000000000444       0x14 ../../../gcc4mbed/mri/mri.ar(mri.o)
                0x0000000000000444                __mriCore_WasSemihostCallCancelledByGdb
 .text.__mriCore_FlagSemihostCallAsHandled
                0x0000000000000458       0x24 ../../../gcc4mbed/mri/mri.ar(mri.o)
                0x0000000000000458                __mriCore_FlagSemihostCallAsHandled
 .text.__mriCore_IsFirstException
                0x000000000000047c       0x10 ../../../gcc4mbed/mri/mri.ar(mri.o)
                0x000000000000047c                __mriCore_IsFirstException
 .text.__mriCore_SetSignalValue
                0x000000000000048c        0xc ../../../gcc4mbed/mri/mri.ar(mri.o)
                0x000000000000048c                __mriCore_SetSignalValue
 .text.__mriCore_GetSignalValue
                0x0000000000000498        0xc ../../../gcc4mbed/mri/mri.ar(mri.o)
                0x0000000000000498                __mriCore_GetSignalValue
 .text.__mriCore_SetSemihostReturnValues
                0x00000000000004a4        0xc ../../../gcc4mbed/mri/mri.ar(mri.o)
                0x00000000000004a4                __mriCore_SetSemihostReturnValues
 .text.__mriCore_GetSemihostReturnCode
                0x00000000000004b0        0xc ../../../gcc4mbed/mri/mri.ar(mri.o)
                0x00000000000004b0                __mriCore_GetSemihostReturnCode
 .text.__mriCore_GetBuffer
                0x00000000000004bc        0x8 ../../../gcc4mbed/mri/mri.ar(mri.o)
                0x00000000000004bc                __mriCore_GetBuffer
 .text.__mriCore_GetInitializedBuffer
                0x00000000000004c4       0x10 ../../../gcc4mbed/mri/mri.ar(mri.o)
                0x00000000000004c4                __mriCore_GetInitializedBuffer
 .text.__mriCore_SendPacketToGdb
                0x00000000000004d4       0x38 ../../../gcc4mbed/mri/mri.ar(mri.o)
                0x00000000000004d4                __mriCore_SendPacketToGdb
 .text.__mriCore_GdbCommandHandlingLoop
                0x000000000000050c       0x60 ../../../gcc4mbed/mri/mri.ar(mri.o)
                0x000000000000050c                __mriCore_GdbCommandHandlingLoop
 .text.__mriDebugException
                0x000000000000056c       0xa0 ../../../gcc4mbed/mri/mri.ar(mri.o)
                0x000000000000056c                __mriDebugException
 .text.HexCharToNibble
                0x000000000000060c       0x38 ../../../gcc4mbed/mri/mri.ar(packet.o)
 .text.__mriPacket_Init
                0x0000000000000644        0x8 ../../../gcc4mbed/mri/mri.ar(packet.o)
                0x0000000000000644                __mriPacket_Init
 .text.__mriPacket_GetFromGDB
                0x000000000000064c       0xa0 ../../../gcc4mbed/mri/mri.ar(packet.o)
                0x000000000000064c                __mriPacket_GetFromGDB
 .text.__mriPacket_SendToGDB
                0x00000000000006ec       0x6c ../../../gcc4mbed/mri/mri.ar(packet.o)
                0x00000000000006ec                __mriPacket_SendToGDB
 .text.clearTokenObject
                0x0000000000000758       0x16 ../../../gcc4mbed/mri/mri.ar(token.o)
 *fill*         0x000000000000076e        0x2 00
 .text.__mriToken_Init
                0x0000000000000770       0x14 ../../../gcc4mbed/mri/mri.ar(token.o)
                0x0000000000000770                __mriToken_Init
 .text.__mriToken_SplitString
                0x0000000000000784       0xb4 ../../../gcc4mbed/mri/mri.ar(token.o)
                0x0000000000000784                __mriToken_SplitString
 .text.__mriToken_MatchingString
                0x0000000000000838       0x2a ../../../gcc4mbed/mri/mri.ar(token.o)
                0x0000000000000838                __mriToken_MatchingString
 .text.__mriToken_MatchingStringPrefix
                0x0000000000000862       0x2c ../../../gcc4mbed/mri/mri.ar(token.o)
                0x0000000000000862                __mriToken_MatchingStringPrefix
 *fill*         0x000000000000088e        0x2 00
 .text.findDWTComparator
                0x0000000000000890       0x54 ../../../gcc4mbed/mri/mri.ar(cortex-m.o)
 .text.getFPBCodeComparatorCount
                0x00000000000008e4       0x18 ../../../gcc4mbed/mri/mri.ar(cortex-m.o)
 .text.prepareToAccessMPURegion
                0x00000000000008fc       0x1c ../../../gcc4mbed/mri/mri.ar(cortex-m.o)
 .text.displayMemFaultCauseToGdbConsole
                0x0000000000000918       0xa4 ../../../gcc4mbed/mri/mri.ar(cortex-m.o)
 .text.displayBusFaultCauseToGdbConsole
                0x00000000000009bc       0xb4 ../../../gcc4mbed/mri/mri.ar(cortex-m.o)
 .text.displayUsageFaultCauseToGdbConsole
                0x0000000000000a70       0x84 ../../../gcc4mbed/mri/mri.ar(cortex-m.o)
 .text.calculateFPBComparatorValue
                0x0000000000000af4       0x38 ../../../gcc4mbed/mri/mri.ar(cortex-m.o)
 .text.findFPBBreakpointComparator
                0x0000000000000b2c       0x34 ../../../gcc4mbed/mri/mri.ar(cortex-m.o)
 .text.isMPUNotPresent
                0x0000000000000b60       0x18 ../../../gcc4mbed/mri/mri.ar(cortex-m.o)
 .text.sendRegisterForTResponse
                0x0000000000000b78       0x34 ../../../gcc4mbed/mri/mri.ar(cortex-m.o)
 .text.__mriPlatform_DisableSingleStep
                0x0000000000000bac       0x24 ../../../gcc4mbed/mri/mri.ar(cortex-m.o)
                0x0000000000000bac                __mriPlatform_DisableSingleStep
 .text.__mriCortexMInit
                0x0000000000000bd0       0xb0 ../../../gcc4mbed/mri/mri.ar(cortex-m.o)
                0x0000000000000bd0                __mriCortexMInit
 .text.__mriPlatform_EnableSingleStep
                0x0000000000000c80       0x68 ../../../gcc4mbed/mri/mri.ar(cortex-m.o)
                0x0000000000000c80                __mriPlatform_EnableSingleStep
 .text.__mriPlatform_IsSingleStepping
                0x0000000000000ce8       0x10 ../../../gcc4mbed/mri/mri.ar(cortex-m.o)
                0x0000000000000ce8                __mriPlatform_IsSingleStepping
 .text.__mriPlatform_GetPacketBuffer
                0x0000000000000cf8        0x8 ../../../gcc4mbed/mri/mri.ar(cortex-m.o)
                0x0000000000000cf8                __mriPlatform_GetPacketBuffer
 .text.__mriPlatform_GetPacketBufferSize
                0x0000000000000d00        0x4 ../../../gcc4mbed/mri/mri.ar(cortex-m.o)
                0x0000000000000d00                __mriPlatform_GetPacketBufferSize
 .text.__mriPlatform_DetermineCauseOfException
                0x0000000000000d04       0x68 ../../../gcc4mbed/mri/mri.ar(cortex-m.o)
                0x0000000000000d04                __mriPlatform_DetermineCauseOfException
 .text.__mriPlatform_DisplayFaultCauseToGdbConsole
                0x0000000000000d6c       0x8c ../../../gcc4mbed/mri/mri.ar(cortex-m.o)
                0x0000000000000d6c                __mriPlatform_DisplayFaultCauseToGdbConsole
 .text.__mriPlatform_EnteringDebugger
                0x0000000000000df8       0xfc ../../../gcc4mbed/mri/mri.ar(cortex-m.o)
                0x0000000000000df8                __mriPlatform_EnteringDebugger
 .text.__mriPlatform_LeavingDebugger
                0x0000000000000ef4       0xac ../../../gcc4mbed/mri/mri.ar(cortex-m.o)
                0x0000000000000ef4                __mriPlatform_LeavingDebugger
 .text.__mriPlatform_GetProgramCounter
                0x0000000000000fa0        0xc ../../../gcc4mbed/mri/mri.ar(cortex-m.o)
                0x0000000000000fa0                __mriPlatform_GetProgramCounter
 .text.__mriPlatform_SetProgramCounter
                0x0000000000000fac        0xc ../../../gcc4mbed/mri/mri.ar(cortex-m.o)
                0x0000000000000fac                __mriPlatform_SetProgramCounter
 .text.__mriPlatform_AdvanceProgramCounterToNextInstruction
                0x0000000000000fb8       0x34 ../../../gcc4mbed/mri/mri.ar(cortex-m.o)
                0x0000000000000fb8                __mriPlatform_AdvanceProgramCounterToNextInstruction
 .text.__mriPlatform_IsCurrentInstructionHardcodedBreakpoint
                0x0000000000000fec       0x18 ../../../gcc4mbed/mri/mri.ar(cortex-m.o)
                0x0000000000000fec                __mriPlatform_IsCurrentInstructionHardcodedBreakpoint
 .text.__mriPlatform_WasProgramCounterModifiedByUser
                0x0000000000001004       0x18 ../../../gcc4mbed/mri/mri.ar(cortex-m.o)
                0x0000000000001004                __mriPlatform_WasProgramCounterModifiedByUser
 .text.__mriPlatform_TypeOfCurrentInstruction
                0x000000000000101c       0x28 ../../../gcc4mbed/mri/mri.ar(cortex-m.o)
                0x000000000000101c                __mriPlatform_TypeOfCurrentInstruction
 .text.__mriPlatform_GetSemihostCallParameters
                0x0000000000001044       0x24 ../../../gcc4mbed/mri/mri.ar(cortex-m.o)
                0x0000000000001044                __mriPlatform_GetSemihostCallParameters
 .text.__mriPlatform_SetSemihostCallReturnValue
                0x0000000000001068        0xc ../../../gcc4mbed/mri/mri.ar(cortex-m.o)
                0x0000000000001068                __mriPlatform_SetSemihostCallReturnValue
 .text.__mriPlatform_WasMemoryFaultEncountered
                0x0000000000001074       0x24 ../../../gcc4mbed/mri/mri.ar(cortex-m.o)
                0x0000000000001074                __mriPlatform_WasMemoryFaultEncountered
 .text.__mriPlatform_WriteTResponseRegistersToBuffer
                0x0000000000001098       0x3c ../../../gcc4mbed/mri/mri.ar(cortex-m.o)
                0x0000000000001098                __mriPlatform_WriteTResponseRegistersToBuffer
 .text.__mriPlatform_CopyContextToBuffer
                0x00000000000010d4       0x20 ../../../gcc4mbed/mri/mri.ar(cortex-m.o)
                0x00000000000010d4                __mriPlatform_CopyContextToBuffer
 .text.__mriPlatform_CopyContextFromBuffer
                0x00000000000010f4       0x38 ../../../gcc4mbed/mri/mri.ar(cortex-m.o)
                0x00000000000010f4                __mriPlatform_CopyContextFromBuffer
 .text.__mriPlatform_SetHardwareBreakpoint
                0x000000000000112c       0x70 ../../../gcc4mbed/mri/mri.ar(cortex-m.o)
                0x000000000000112c                __mriPlatform_SetHardwareBreakpoint
 .text.__mriPlatform_ClearHardwareBreakpoint
                0x000000000000119c       0x38 ../../../gcc4mbed/mri/mri.ar(cortex-m.o)
                0x000000000000119c                __mriPlatform_ClearHardwareBreakpoint
 .text.__mriPlatform_SetHardwareWatchpoint
                0x00000000000011d4       0x90 ../../../gcc4mbed/mri/mri.ar(cortex-m.o)
                0x00000000000011d4                __mriPlatform_SetHardwareWatchpoint
 .text.__mriPlatform_ClearHardwareWatchpoint
                0x0000000000001264       0x54 ../../../gcc4mbed/mri/mri.ar(cortex-m.o)
                0x0000000000001264                __mriPlatform_ClearHardwareWatchpoint
 .text.__mriPlatform_GetTargetXmlSize
                0x00000000000012b8        0x6 ../../../gcc4mbed/mri/mri.ar(cortex-m.o)
                0x00000000000012b8                __mriPlatform_GetTargetXmlSize
 *fill*         0x00000000000012be        0x2 00
 .text.__mriPlatform_GetTargetXml
                0x00000000000012c0        0x8 ../../../gcc4mbed/mri/mri.ar(cortex-m.o)
                0x00000000000012c0                __mriPlatform_GetTargetXml
 .text.__mriPlatform_CommUartIndex
                0x00000000000012c8       0x1c ../../../gcc4mbed/mri/mri.ar(lpc176x_uart.o)
                0x00000000000012c8                __mriPlatform_CommUartIndex
 .text.__mriPlatform_CommHasReceiveData
                0x00000000000012e4       0x14 ../../../gcc4mbed/mri/mri.ar(lpc176x_uart.o)
                0x00000000000012e4                __mriPlatform_CommHasReceiveData
 .text.__mriPlatform_CommReceiveChar
                0x00000000000012f8       0x18 ../../../gcc4mbed/mri/mri.ar(lpc176x_uart.o)
                0x00000000000012f8                __mriPlatform_CommReceiveChar
 .text.__mriPlatform_CommSendChar
                0x0000000000001310       0x1c ../../../gcc4mbed/mri/mri.ar(lpc176x_uart.o)
                0x0000000000001310                __mriPlatform_CommSendChar
 .text.__mriPlatform_CommCausedInterrupt
                0x000000000000132c       0x18 ../../../gcc4mbed/mri/mri.ar(lpc176x_uart.o)
                0x000000000000132c                __mriPlatform_CommCausedInterrupt
 .text.__mriPlatform_CommClearInterrupt
                0x0000000000001344       0x10 ../../../gcc4mbed/mri/mri.ar(lpc176x_uart.o)
                0x0000000000001344                __mriPlatform_CommClearInterrupt
 .text.__mriPlatform_CommSharingWithApplication
                0x0000000000001354       0x10 ../../../gcc4mbed/mri/mri.ar(lpc176x_uart.o)
                0x0000000000001354                __mriPlatform_CommSharingWithApplication
 .text.__mriPlatform_CommShouldWaitForGdbConnect
                0x0000000000001364       0x1c ../../../gcc4mbed/mri/mri.ar(lpc176x_uart.o)
                0x0000000000001364                __mriPlatform_CommShouldWaitForGdbConnect
 .text.__mriPlatform_CommIsWaitingForGdbToConnect
                0x0000000000001380       0x1c ../../../gcc4mbed/mri/mri.ar(lpc176x_uart.o)
                0x0000000000001380                __mriPlatform_CommIsWaitingForGdbToConnect
 .text.__mriPlatform_CommPrepareToWaitForGdbConnection
                0x000000000000139c       0x18 ../../../gcc4mbed/mri/mri.ar(lpc176x_uart.o)
                0x000000000000139c                __mriPlatform_CommPrepareToWaitForGdbConnection
 .text.__mriLpc176xUart_Init
                0x00000000000013b4      0x2ac ../../../gcc4mbed/mri/mri.ar(lpc176x_uart.o)
                0x00000000000013b4                __mriLpc176xUart_Init
 .text.__mriPlatform_CommWaitForReceiveDataToStop
                0x0000000000001660       0x54 ../../../gcc4mbed/mri/mri.ar(lpc176x_uart.o)
                0x0000000000001660                __mriPlatform_CommWaitForReceiveDataToStop
 .text.__mriLpc176x_Init
                0x00000000000016b4       0x38 ../../../gcc4mbed/mri/mri.ar(lpc176x.o)
                0x00000000000016b4                __mriLpc176x_Init
 .text.__mriPlatform_GetDeviceMemoryMapXmlSize
                0x00000000000016ec        0x6 ../../../gcc4mbed/mri/mri.ar(lpc176x.o)
                0x00000000000016ec                __mriPlatform_GetDeviceMemoryMapXmlSize
 *fill*         0x00000000000016f2        0x2 00
 .text.__mriPlatform_GetDeviceMemoryMapXml
                0x00000000000016f4        0x8 ../../../gcc4mbed/mri/mri.ar(lpc176x.o)
                0x00000000000016f4                __mriPlatform_GetDeviceMemoryMapXml
 .text.__mriPlatform_Init
                0x00000000000016fc       0x94 ../../../gcc4mbed/mri/mri.ar(mbed1768.o)
                0x00000000000016fc                __mriPlatform_Init
 .text.__mriMbed1768_GetMbedUid
                0x0000000000001790        0x8 ../../../gcc4mbed/mri/mri.ar(mbed1768.o)
                0x0000000000001790                __mriMbed1768_GetMbedUid
 .text.__mriSemihost_IsDebuggeeMakingSemihostCall
                0x0000000000001798       0x14 ../../../gcc4mbed/mri/mri.ar(semihost.o)
                0x0000000000001798                __mriSemihost_IsDebuggeeMakingSemihostCall
 .text.__mriSemihost_HandleSemihostRequest
                0x00000000000017ac       0x2c ../../../gcc4mbed/mri/mri.ar(semihost.o)
                0x00000000000017ac                __mriSemihost_HandleSemihostRequest
 .text.__mriSemihost_HandleNewlibSemihostRequest
                0x00000000000017d8       0xfc ../../../gcc4mbed/mri/mri.ar(semihost_newlib.o)
                0x00000000000017d8                __mriSemihost_HandleNewlibSemihostRequest
 .text.convertBytesTransferredToBytesNotTransferred
                0x00000000000018d4       0x18 ../../../gcc4mbed/mri/mri.ar(semihost_mbed.o)
 .text.__mriSemihost_HandleMbedSemihostRequest
                0x00000000000018ec      0x12a ../../../gcc4mbed/mri/mri.ar(semihost_mbed.o)
                0x00000000000018ec                __mriSemihost_HandleMbedSemihostRequest
 *fill*         0x0000000000001a16        0x2 00
 .text          0x0000000000001a18      0x1a8 ../../../gcc4mbed/mri/mri.ar(cortex-m_asm.o)
                0x0000000000001a18                __mriGetIPSR
                0x0000000000001a1e                __mriSetBASEPRI
                0x0000000000001a24                __mriGetBASEPRI
                0x0000000000001a2a                __mriDSB
                0x0000000000001a30                __mriISB
                0x0000000000001b6e                HardFault_Handler
                0x0000000000001b72                MemManage_Handler
                0x0000000000001b76                BusFault_Handler
                0x0000000000001b7a                UsageFault_Handler
                0x0000000000001b7e                DebugMon_Handler
                0x0000000000001b82                UART0_IRQHandler
                0x0000000000001b86                UART1_IRQHandler
                0x0000000000001b8a                UART2_IRQHandler
                0x0000000000001b8e                UART3_IRQHandler
 .text          0x0000000000001bc0       0x2c ../../../gcc4mbed/mri/mri.ar(mbed1768_asm.o)
                0x0000000000001bc0                __mriDisableMbed
                0x0000000000001bd8                __mriGetMbedUid
 .text          0x0000000000001bec       0x24 ../../../gcc4mbed/mri/mri.ar(newlib_asm.o)
                0x0000000000001bec                __mriNewlib_SemihostWrite
                0x0000000000001bf0                __mriNewlib_SemihostRead
                0x0000000000001bf4                __mriNewLib_SemihostOpen
                0x0000000000001bf8                __mriNewLib_SemihostRename
                0x0000000000001bfc                __mriNewLib_SemihostUnlink
                0x0000000000001c00                __mriNewLib_SemihostStat
                0x0000000000001c04                __mriNewlib_SemihostLSeek
                0x0000000000001c08                __mriNewlib_SemihostClose
                0x0000000000001c0c                __mriNewlib_SemihostFStat
 .text.HexCharToNibble
                0x0000000000001c10       0x38 ../../../gcc4mbed/mri/mri.ar(buffer.o)
 .text.__mriBuffer_Init
                0x0000000000001c48        0xa ../../../gcc4mbed/mri/mri.ar(buffer.o)
                0x0000000000001c48                __mriBuffer_Init
 .text.__mriBuffer_Reset
                0x0000000000001c52        0x6 ../../../gcc4mbed/mri/mri.ar(buffer.o)
                0x0000000000001c52                __mriBuffer_Reset
 .text.__mriBuffer_SetEndOfBuffer
                0x0000000000001c58        0x6 ../../../gcc4mbed/mri/mri.ar(buffer.o)
                0x0000000000001c58                __mriBuffer_SetEndOfBuffer
 .text.__mriBuffer_BytesLeft
                0x0000000000001c5e       0x10 ../../../gcc4mbed/mri/mri.ar(buffer.o)
                0x0000000000001c5e                __mriBuffer_BytesLeft
 *fill*         0x0000000000001c6e        0x2 00
 .text.throwExceptionAndFlagBufferOverrunIfBufferLeftIsSmallerThan
                0x0000000000001c70       0x28 ../../../gcc4mbed/mri/mri.ar(buffer.o)
 .text.__mriBuffer_OverrunDetected
                0x0000000000001c98        0xe ../../../gcc4mbed/mri/mri.ar(buffer.o)
                0x0000000000001c98                __mriBuffer_OverrunDetected
 *fill*         0x0000000000001ca6        0x2 00
 .text.__mriBuffer_WriteChar
                0x0000000000001ca8       0x24 ../../../gcc4mbed/mri/mri.ar(buffer.o)
                0x0000000000001ca8                __mriBuffer_WriteChar
 .text.__mriBuffer_ReadChar
                0x0000000000001ccc       0x28 ../../../gcc4mbed/mri/mri.ar(buffer.o)
                0x0000000000001ccc                __mriBuffer_ReadChar
 .text.__mriBuffer_WriteByteAsHex
                0x0000000000001cf4       0x38 ../../../gcc4mbed/mri/mri.ar(buffer.o)
                0x0000000000001cf4                __mriBuffer_WriteByteAsHex
 .text.__mriBuffer_ReadByteAsHex
                0x0000000000001d2c       0x4c ../../../gcc4mbed/mri/mri.ar(buffer.o)
                0x0000000000001d2c                __mriBuffer_ReadByteAsHex
 .text.__mriBuffer_WriteSizedString
                0x0000000000001d78       0x34 ../../../gcc4mbed/mri/mri.ar(buffer.o)
                0x0000000000001d78                __mriBuffer_WriteSizedString
 .text.__mriBuffer_WriteString
                0x0000000000001dac       0x1a ../../../gcc4mbed/mri/mri.ar(buffer.o)
                0x0000000000001dac                __mriBuffer_WriteString
 *fill*         0x0000000000001dc6        0x2 00
 .text.__mriBuffer_ReadUIntegerAsHex
                0x0000000000001dc8       0x5c ../../../gcc4mbed/mri/mri.ar(buffer.o)
                0x0000000000001dc8                __mriBuffer_ReadUIntegerAsHex
 .text.__mriBuffer_WriteUIntegerAsHex
                0x0000000000001e24       0x54 ../../../gcc4mbed/mri/mri.ar(buffer.o)
                0x0000000000001e24                __mriBuffer_WriteUIntegerAsHex
 .text.__mriBuffer_WriteIntegerAsHex
                0x0000000000001e78       0x30 ../../../gcc4mbed/mri/mri.ar(buffer.o)
                0x0000000000001e78                __mriBuffer_WriteIntegerAsHex
 .text.__mriBuffer_IsNextCharEqualTo
                0x0000000000001ea8       0x34 ../../../gcc4mbed/mri/mri.ar(buffer.o)
                0x0000000000001ea8                __mriBuffer_IsNextCharEqualTo
 .text.__mriBuffer_ReadIntegerAsHex
                0x0000000000001edc       0x54 ../../../gcc4mbed/mri/mri.ar(buffer.o)
                0x0000000000001edc                __mriBuffer_ReadIntegerAsHex
 .text.__mriBuffer_MatchesString
                0x0000000000001f30       0x54 ../../../gcc4mbed/mri/mri.ar(buffer.o)
                0x0000000000001f30                __mriBuffer_MatchesString
 .text.handleBreakpointWatchpointException
                0x0000000000001f84       0x24 ../../../gcc4mbed/mri/mri.ar(cmd_break_watch.o)
 .text.parseBreakpointWatchpointCommandArguments
                0x0000000000001fa8       0x4c ../../../gcc4mbed/mri/mri.ar(cmd_break_watch.o)
 .text.handleWatchpointRemoveCommand
                0x0000000000001ff4       0x30 ../../../gcc4mbed/mri/mri.ar(cmd_break_watch.o)
 .text.handleWatchpointSetCommand
                0x0000000000002024       0x30 ../../../gcc4mbed/mri/mri.ar(cmd_break_watch.o)
 .text.__mriCmd_HandleBreakpointWatchpointSetCommand
                0x0000000000002054       0x6c ../../../gcc4mbed/mri/mri.ar(cmd_break_watch.o)
                0x0000000000002054                __mriCmd_HandleBreakpointWatchpointSetCommand
 .text.__mriCmd_HandleBreakpointWatchpointRemoveCommand
                0x00000000000020c0       0x6c ../../../gcc4mbed/mri/mri.ar(cmd_break_watch.o)
                0x00000000000020c0                __mriCmd_HandleBreakpointWatchpointRemoveCommand
 .text.__mriCmd_ReadUIntegerArgument
                0x000000000000212c       0x1c ../../../gcc4mbed/mri/mri.ar(cmd_common.o)
                0x000000000000212c                __mriCmd_ReadUIntegerArgument
 .text.__mriCmd_ThrowIfNextCharIsNotEqualTo
                0x0000000000002148       0x1c ../../../gcc4mbed/mri/mri.ar(cmd_common.o)
                0x0000000000002148                __mriCmd_ThrowIfNextCharIsNotEqualTo
 .text.__mriCmd_ReadAddressAndLengthArguments
                0x0000000000002164       0x30 ../../../gcc4mbed/mri/mri.ar(cmd_common.o)
                0x0000000000002164                __mriCmd_ReadAddressAndLengthArguments
 .text.__mriCmd_ReadAddressAndLengthArgumentsWithColon
                0x0000000000002194       0x24 ../../../gcc4mbed/mri/mri.ar(cmd_common.o)
                0x0000000000002194                __mriCmd_ReadAddressAndLengthArgumentsWithColon
 .text.__mriCmd_HandleContinueCommand
                0x00000000000021b8       0x3c ../../../gcc4mbed/mri/mri.ar(cmd_continue.o)
                0x00000000000021b8                __mriCmd_HandleContinueCommand
 .text.processGdbFileResponseCommands
                0x00000000000021f4       0x28 ../../../gcc4mbed/mri/mri.ar(cmd_file.o)
 .text.__mriIssueGdbFileOpenRequest
                0x000000000000221c       0x5c ../../../gcc4mbed/mri/mri.ar(cmd_file.o)
                0x000000000000221c                __mriIssueGdbFileOpenRequest
 .text.__mriIssueGdbFileWriteRequest
                0x0000000000002278       0x48 ../../../gcc4mbed/mri/mri.ar(cmd_file.o)
                0x0000000000002278                __mriIssueGdbFileWriteRequest
 .text.__mriIssueGdbFileReadRequest
                0x00000000000022c0       0x48 ../../../gcc4mbed/mri/mri.ar(cmd_file.o)
                0x00000000000022c0                __mriIssueGdbFileReadRequest
 .text.__mriIssueGdbFileCloseRequest
                0x0000000000002308       0x28 ../../../gcc4mbed/mri/mri.ar(cmd_file.o)
                0x0000000000002308                __mriIssueGdbFileCloseRequest
 .text.__mriIssueGdbFileSeekRequest
                0x0000000000002330       0x48 ../../../gcc4mbed/mri/mri.ar(cmd_file.o)
                0x0000000000002330                __mriIssueGdbFileSeekRequest
 .text.__mriIssueGdbFileFStatRequest
                0x0000000000002378       0x3c ../../../gcc4mbed/mri/mri.ar(cmd_file.o)
                0x0000000000002378                __mriIssueGdbFileFStatRequest
 .text.__mriIssueGdbFileUnlinkRequest
                0x00000000000023b4       0x3c ../../../gcc4mbed/mri/mri.ar(cmd_file.o)
                0x00000000000023b4                __mriIssueGdbFileUnlinkRequest
 .text.__mriIssueGdbFileStatRequest
                0x00000000000023f0       0x50 ../../../gcc4mbed/mri/mri.ar(cmd_file.o)
                0x00000000000023f0                __mriIssueGdbFileStatRequest
 .text.__mriIssueGdbFileRenameRequest
                0x0000000000002440       0x68 ../../../gcc4mbed/mri/mri.ar(cmd_file.o)
                0x0000000000002440                __mriIssueGdbFileRenameRequest
 .text.__mriHandleFileIOCommand
                0x00000000000024a8       0x48 ../../../gcc4mbed/mri/mri.ar(cmd_file.o)
                0x00000000000024a8                __mriHandleFileIOCommand
 .text.__mriCmd_HandleMemoryReadCommand
                0x00000000000024f0       0x3c ../../../gcc4mbed/mri/mri.ar(cmd_memory.o)
                0x00000000000024f0                __mriCmd_HandleMemoryReadCommand
 .text.__mriCmd_HandleMemoryWriteCommand
                0x000000000000252c       0x48 ../../../gcc4mbed/mri/mri.ar(cmd_memory.o)
                0x000000000000252c                __mriCmd_HandleMemoryWriteCommand
 .text.__mriCmd_HandleBinaryMemoryWriteCommand
                0x0000000000002574       0x64 ../../../gcc4mbed/mri/mri.ar(cmd_memory.o)
                0x0000000000002574                __mriCmd_HandleBinaryMemoryWriteCommand
 .text.handleQueryTransferReadCommand
                0x00000000000025d8       0x5a ../../../gcc4mbed/mri/mri.ar(cmd_query.o)
 *fill*         0x0000000000002632        0x2 00
 .text.readQueryTransferReadArguments
                0x0000000000002634       0xa4 ../../../gcc4mbed/mri/mri.ar(cmd_query.o)
 .text.__mriCmd_HandleQueryCommand
                0x00000000000026d8      0x100 ../../../gcc4mbed/mri/mri.ar(cmd_query.o)
                0x00000000000026d8                __mriCmd_HandleQueryCommand
 .text.__mriCmd_Send_T_StopResponse
                0x00000000000027d8       0x28 ../../../gcc4mbed/mri/mri.ar(cmd_registers.o)
                0x00000000000027d8                __mriCmd_Send_T_StopResponse
 .text.__mriCmd_HandleRegisterReadCommand
                0x0000000000002800        0xe ../../../gcc4mbed/mri/mri.ar(cmd_registers.o)
                0x0000000000002800                __mriCmd_HandleRegisterReadCommand
 *fill*         0x000000000000280e        0x2 00
 .text.__mriCmd_HandleRegisterWriteCommand
                0x0000000000002810       0x2c ../../../gcc4mbed/mri/mri.ar(cmd_registers.o)
                0x0000000000002810                __mriCmd_HandleRegisterWriteCommand
 .text.__mriCmd_HandleSingleStepCommand
                0x000000000000283c       0x1a ../../../gcc4mbed/mri/mri.ar(cmd_step.o)
                0x000000000000283c                __mriCmd_HandleSingleStepCommand
 .text.__mriGdbConsole_WriteString
                0x0000000000002856       0x4e ../../../gcc4mbed/mri/mri.ar(gdb_console.o)
                0x0000000000002856                __mriGdbConsole_WriteString
 .text.__mriGdbConsole_WriteHexValue
                0x00000000000028a4       0x38 ../../../gcc4mbed/mri/mri.ar(gdb_console.o)
                0x00000000000028a4                __mriGdbConsole_WriteHexValue
 .text.writeBinaryBufferToByteMemory
                0x00000000000028dc       0x64 ../../../gcc4mbed/mri/mri.ar(memory.o)
 .text.writeHexBufferToByteMemory
                0x0000000000002940       0x40 ../../../gcc4mbed/mri/mri.ar(memory.o)
 .text.readMemoryBytesIntoHexBuffer
                0x0000000000002980       0x2e ../../../gcc4mbed/mri/mri.ar(memory.o)
 .text.__mriMem_ReadMemoryIntoHexBuffer
                0x00000000000029ae       0x5a ../../../gcc4mbed/mri/mri.ar(memory.o)
                0x00000000000029ae                __mriMem_ReadMemoryIntoHexBuffer
 .text.__mriMem_WriteHexBufferToMemory
                0x0000000000002a08       0x50 ../../../gcc4mbed/mri/mri.ar(memory.o)
                0x0000000000002a08                __mriMem_WriteHexBufferToMemory
 .text.__mriMem_WriteBinaryBufferToMemory
                0x0000000000002a58       0x50 ../../../gcc4mbed/mri/mri.ar(memory.o)
                0x0000000000002a58                __mriMem_WriteBinaryBufferToMemory
 .text.__mriPlatform_MemRead32
                0x0000000000002aa8        0x4 ../../../gcc4mbed/mri/mri.ar(native-mem.o)
                0x0000000000002aa8                __mriPlatform_MemRead32
 .text.__mriPlatform_MemRead16
                0x0000000000002aac        0x6 ../../../gcc4mbed/mri/mri.ar(native-mem.o)
                0x0000000000002aac                __mriPlatform_MemRead16
 .text.__mriPlatform_MemRead8
                0x0000000000002ab2        0x4 ../../../gcc4mbed/mri/mri.ar(native-mem.o)
                0x0000000000002ab2                __mriPlatform_MemRead8
 .text.__mriPlatform_MemWrite32
                0x0000000000002ab6        0x4 ../../../gcc4mbed/mri/mri.ar(native-mem.o)
                0x0000000000002ab6                __mriPlatform_MemWrite32
 .text.__mriPlatform_MemWrite16
                0x0000000000002aba        0x4 ../../../gcc4mbed/mri/mri.ar(native-mem.o)
                0x0000000000002aba                __mriPlatform_MemWrite16
 .text.__mriPlatform_MemWrite8
                0x0000000000002abe        0x4 ../../../gcc4mbed/mri/mri.ar(native-mem.o)
                0x0000000000002abe                __mriPlatform_MemWrite8
 *fill*         0x0000000000002ac2        0x2 00
 .text.NVIC_SetVector
                0x0000000000002ac4       0x84 ../../../gcc4mbed/external/mbed/libraries/Debug/NXP_LPC176X/mbed.a(cmsis_nvic.o)
                0x0000000000002ac4                NVIC_SetVector
 .text.SystemInit
                0x0000000000002b48      0x190 ../../../gcc4mbed/external/mbed/libraries/Debug/NXP_LPC176X/mbed.a(system_LPC17xx.o)
                0x0000000000002b48                SystemInit
 .text.exit     0x0000000000002cd8       0x20 ../../../gcc4mbed/external/mbed/libraries/Debug/NXP_LPC176X/mbed.a(exit.o)
                0x0000000000002cd8                exit
 .text.mbed_interface_connected
                0x0000000000002cf8        0xc ../../../gcc4mbed/external/mbed/libraries/Debug/NXP_LPC176X/mbed.a(mbed_interface.o)
                0x0000000000002cf8                mbed_interface_connected
 .text.__semihost
                0x0000000000002d04       0x20 ../../../gcc4mbed/external/mbed/libraries/Debug/NXP_LPC176X/mbed.a(semihost_api.o)
 .text.semihost_exit
                0x0000000000002d24       0x18 ../../../gcc4mbed/external/mbed/libraries/Debug/NXP_LPC176X/mbed.a(semihost_api.o)
                0x0000000000002d24                semihost_exit
 .text          0x0000000000002d3c       0x90 ../../../gcc4mbed/external/mbed/libraries/Debug/NXP_LPC176X/mbed.a(startup_LPC17xx.o)
                0x0000000000002d3c                Reset_Handler
                0x0000000000002d70                NMI_Handler
                0x0000000000002d7a                SVC_Handler
                0x0000000000002d7e                PendSV_Handler
                0x0000000000002d80                SysTick_Handler
                0x0000000000002d82                Default_Handler
                0x0000000000002d82                DEF_IRQHandler
                0x0000000000002d84                WDT_IRQHandler
                0x0000000000002d86                TIMER0_IRQHandler
                0x0000000000002d88                TIMER1_IRQHandler
                0x0000000000002d8a                TIMER2_IRQHandler
                0x0000000000002d8c                TIMER3_IRQHandler
                0x0000000000002d96                PWM1_IRQHandler
                0x0000000000002d98                I2C0_IRQHandler
                0x0000000000002d9a                I2C1_IRQHandler
                0x0000000000002d9c                I2C2_IRQHandler
                0x0000000000002d9e                SPI_IRQHandler
                0x0000000000002da0                SSP0_IRQHandler
                0x0000000000002da2                SSP1_IRQHandler
                0x0000000000002da4                PLL0_IRQHandler
                0x0000000000002da6                RTC_IRQHandler
                0x0000000000002da8                EINT0_IRQHandler
                0x0000000000002daa                EINT1_IRQHandler
                0x0000000000002dac                EINT2_IRQHandler
                0x0000000000002dae                EINT3_IRQHandler
                0x0000000000002db0                ADC_IRQHandler
                0x0000000000002db2                BOD_IRQHandler
                0x0000000000002db4                USB_IRQHandler
                0x0000000000002db6                CAN_IRQHandler
                0x0000000000002db8                DMA_IRQHandler
                0x0000000000002dba                I2S_IRQHandler
                0x0000000000002dbc                ENET_IRQHandler
                0x0000000000002dbe                RIT_IRQHandler
                0x0000000000002dc0                MCPWM_IRQHandler
                0x0000000000002dc2                QEI_IRQHandler
                0x0000000000002dc4                PLL1_IRQHandler
                0x0000000000002dc6                USBActivity_IRQHandler
                0x0000000000002dc8                CANActivity_IRQHandler
 .text.pin_function
                0x0000000000002dcc       0x88 ../../../gcc4mbed/external/mbed/libraries/Debug/NXP_LPC176X/mbed.a(pinmap.o)
                0x0000000000002dcc                pin_function
 .text.pin_mode
                0x0000000000002e54      0x124 ../../../gcc4mbed/external/mbed/libraries/Debug/NXP_LPC176X/mbed.a(pinmap.o)
                0x0000000000002e54                pin_mode
 .text.gpio_write
                0x0000000000002f78       0x28 ../../../gcc4mbed/external/mbed/libraries/Debug/NXP_LPC176X/mbed.a(board.o)
 .text.mbed_die
                0x0000000000002fa0       0xc8 ../../../gcc4mbed/external/mbed/libraries/Debug/NXP_LPC176X/mbed.a(board.o)
                0x0000000000002fa0                mbed_die
 .text.wait_ms  0x0000000000003068       0x1c ../../../gcc4mbed/external/mbed/libraries/Debug/NXP_LPC176X/mbed.a(wait_api.o)
                0x0000000000003068                wait_ms
 .text.wait_us  0x0000000000003084       0x24 ../../../gcc4mbed/external/mbed/libraries/Debug/NXP_LPC176X/mbed.a(wait_api.o)
                0x0000000000003084                wait_us
 .text.gpio_set
                0x00000000000030a8       0x24 ../../../gcc4mbed/external/mbed/libraries/Debug/NXP_LPC176X/mbed.a(gpio_api.o)
                0x00000000000030a8                gpio_set
 .text.gpio_init
                0x00000000000030cc       0x8c ../../../gcc4mbed/external/mbed/libraries/Debug/NXP_LPC176X/mbed.a(gpio_api.o)
                0x00000000000030cc                gpio_init
 .text.gpio_dir
                0x0000000000003158       0x48 ../../../gcc4mbed/external/mbed/libraries/Debug/NXP_LPC176X/mbed.a(gpio_api.o)
                0x0000000000003158                gpio_dir
 .text.NVIC_EnableIRQ
                0x00000000000031a0       0x30 ../../../gcc4mbed/external/mbed/libraries/Debug/NXP_LPC176X/mbed.a(us_ticker.o)
 .text.us_ticker_init
                0x00000000000031d0       0xbc ../../../gcc4mbed/external/mbed/libraries/Debug/NXP_LPC176X/mbed.a(us_ticker.o)
                0x00000000000031d0                us_ticker_init
 .text.us_ticker_read
                0x000000000000328c       0x24 ../../../gcc4mbed/external/mbed/libraries/Debug/NXP_LPC176X/mbed.a(us_ticker.o)
                0x000000000000328c                us_ticker_read
 .text.us_ticker_set_interrupt
                0x00000000000032b0       0x2c ../../../gcc4mbed/external/mbed/libraries/Debug/NXP_LPC176X/mbed.a(us_ticker.o)
                0x00000000000032b0                us_ticker_set_interrupt
 .text.us_ticker_disable_interrupt
                0x00000000000032dc       0x1c ../../../gcc4mbed/external/mbed/libraries/Debug/NXP_LPC176X/mbed.a(us_ticker.o)
                0x00000000000032dc                us_ticker_disable_interrupt
 .text.us_ticker_clear_interrupt
                0x00000000000032f8       0x10 ../../../gcc4mbed/external/mbed/libraries/Debug/NXP_LPC176X/mbed.a(us_ticker.o)
                0x00000000000032f8                us_ticker_clear_interrupt
 .text.us_ticker_irq_handler
                0x0000000000003308       0x94 ../../../gcc4mbed/external/mbed/libraries/Debug/NXP_LPC176X/mbed.a(us_ticker_api.o)
                0x0000000000003308                us_ticker_irq_handler
 .text.__libc_init_array
                0x000000000000339c       0x4c /depots/gcc-arm-none-eabi/install-native/lib/gcc/arm-none-eabi/4.7.4/../../../../arm-none-eabi/lib/armv7-m/libc_s.a(lib_a-init.o)
                0x000000000000339c                __libc_init_array
 .text.memcpy   0x00000000000033e8       0x12 /depots/gcc-arm-none-eabi/install-native/lib/gcc/arm-none-eabi/4.7.4/../../../../arm-none-eabi/lib/armv7-m/libc_s.a(lib_a-memcpy.o)
                0x00000000000033e8                memcpy
 .text.memset   0x00000000000033fa       0x10 /depots/gcc-arm-none-eabi/install-native/lib/gcc/arm-none-eabi/4.7.4/../../../../arm-none-eabi/lib/armv7-m/libc_s.a(lib_a-memset.o)
                0x00000000000033fa                memset
 .text.strcmp   0x000000000000340a       0x16 /depots/gcc-arm-none-eabi/install-native/lib/gcc/arm-none-eabi/4.7.4/../../../../arm-none-eabi/lib/armv7-m/libc_s.a(lib_a-strcmp.o)
                0x000000000000340a                strcmp
 .text.strlen   0x0000000000003420       0x10 /depots/gcc-arm-none-eabi/install-native/lib/gcc/arm-none-eabi/4.7.4/../../../../arm-none-eabi/lib/armv7-m/libc_s.a(lib_a-strlen.o)
                0x0000000000003420                strlen
 .text.strncmp  0x0000000000003430       0x2e /depots/gcc-arm-none-eabi/install-native/lib/gcc/arm-none-eabi/4.7.4/../../../../arm-none-eabi/lib/armv7-m/libc_s.a(lib_a-strncmp.o)
                0x0000000000003430                strncmp
 .text.strstr   0x000000000000345e       0x2e /depots/gcc-arm-none-eabi/install-native/lib/gcc/arm-none-eabi/4.7.4/../../../../arm-none-eabi/lib/armv7-m/libc_s.a(lib_a-strstr.o)
                0x000000000000345e                strstr
 *(.init)
 .init          0x000000000000348c        0x4 /depots/gcc-arm-none-eabi/install-native/lib/gcc/arm-none-eabi/4.7.4/armv7-m/crti.o
                0x000000000000348c                _init
 .init          0x0000000000003490        0x8 /depots/gcc-arm-none-eabi/install-native/lib/gcc/arm-none-eabi/4.7.4/armv7-m/crtn.o
 *(.fini)
 .fini          0x0000000000003498        0x4 /depots/gcc-arm-none-eabi/install-native/lib/gcc/arm-none-eabi/4.7.4/armv7-m/crti.o
                0x0000000000003498                _fini
 .fini          0x000000000000349c        0x8 /depots/gcc-arm-none-eabi/install-native/lib/gcc/arm-none-eabi/4.7.4/armv7-m/crtn.o
 *crtbegin.o(.ctors)
 *crtbegin?.o(.ctors)
 *(EXCLUDE_FILE(*crtend.o *crtend?.o) .ctors)
 *(SORT(.ctors.*))
 *(.ctors)
 *crtbegin.o(.dtors)
 *crtbegin?.o(.dtors)
 *(EXCLUDE_FILE(*crtend.o *crtend?.o) .dtors)
 *(SORT(.dtors.*))
 *(.dtors)
 *(.rodata*)
 .rodata        0x00000000000034a4       0x14 LPC1768/gcc4mbed.o
 .rodata.str1.1
                0x00000000000034b8        0x4 ../../../gcc4mbed/mri/mri.ar(mri.o)
                                          0x5 (size before relaxing)
 .rodata.commandTable.5674
                0x00000000000034bc       0x60 ../../../gcc4mbed/mri/mri.ar(mri.o)
 .rodata.NibbleToHexChar
                0x000000000000351c       0x10 ../../../gcc4mbed/mri/mri.ar(packet.o)
 .rodata.str1.1
                0x000000000000352c        0x3 ../../../gcc4mbed/mri/mri.ar(token.o)
 .rodata.g_targetXml
                0x000000000000352f      0x2ba ../../../gcc4mbed/mri/mri.ar(cortex-m.o)
 *fill*         0x00000000000037e9        0x3 00
 .rodata.debugEventToSignalMap.6975
                0x00000000000037ec       0x20 ../../../gcc4mbed/mri/mri.ar(cortex-m.o)
 .rodata.__mriCortexMFakeStack
                0x000000000000380c       0x20 ../../../gcc4mbed/mri/mri.ar(cortex-m.o)
                0x000000000000380c                __mriCortexMFakeStack
 .rodata.CSWTCH.106
                0x000000000000382c        0x3 ../../../gcc4mbed/mri/mri.ar(cortex-m.o)
 .rodata.str1.1
                0x000000000000382f      0x1ff ../../../gcc4mbed/mri/mri.ar(cortex-m.o)
 .rodata.baudRatePrefix.7339
                0x0000000000003a2e        0xf ../../../gcc4mbed/mri/mri.ar(lpc176x_uart.o)
 .rodata.str1.1
                0x0000000000003a3d       0x8e ../../../gcc4mbed/mri/mri.ar(lpc176x_uart.o)
 .rodata.g_memoryMapXml
                0x0000000000003acb      0x5c7 ../../../gcc4mbed/mri/mri.ar(lpc176x.o)
 .rodata        0x0000000000004092       0x24 ../../../gcc4mbed/mri/mri.ar(mbed1768.o)
 .rodata.NibbleToHexChar
                0x00000000000040b6       0x10 ../../../gcc4mbed/mri/mri.ar(buffer.o)
 .rodata.str1.1
                0x00000000000040c6        0xb ../../../gcc4mbed/mri/mri.ar(cmd_break_watch.o)
                                          0xc (size before relaxing)
 .rodata.gdbCloseCommand.4654
                0x00000000000040d1        0x8 ../../../gcc4mbed/mri/mri.ar(cmd_file.o)
 .rodata.gdbStatCommand.4676
                0x00000000000040d9        0x7 ../../../gcc4mbed/mri/mri.ar(cmd_file.o)
 .rodata.controlCFlag.4687
                0x00000000000040e0        0x3 ../../../gcc4mbed/mri/mri.ar(cmd_file.o)
 .rodata.gdbCommand.4682
                0x00000000000040e3        0x9 ../../../gcc4mbed/mri/mri.ar(cmd_file.o)
 .rodata.gdbWriteCommand.4644
                0x00000000000040ec        0x8 ../../../gcc4mbed/mri/mri.ar(cmd_file.o)
 .rodata.gdbOpenCommand.4639
                0x00000000000040f4        0x7 ../../../gcc4mbed/mri/mri.ar(cmd_file.o)
 .rodata.gdbStatCommand.4665
                0x00000000000040fb        0x8 ../../../gcc4mbed/mri/mri.ar(cmd_file.o)
 .rodata.gdbReadCommand.4649
                0x0000000000004103        0x7 ../../../gcc4mbed/mri/mri.ar(cmd_file.o)
 .rodata.gdbSeekCommand.4659
                0x000000000000410a        0x8 ../../../gcc4mbed/mri/mri.ar(cmd_file.o)
 .rodata.gdbUnlinkCommand.4670
                0x0000000000004112        0x9 ../../../gcc4mbed/mri/mri.ar(cmd_file.o)
 .rodata.str1.1
                0x000000000000411b        0x4 ../../../gcc4mbed/mri/mri.ar(cmd_memory.o)
                                          0xf (size before relaxing)
 .rodata.readCommand.4768
                0x000000000000411f        0x5 ../../../gcc4mbed/mri/mri.ar(cmd_query.o)
 .rodata.qXferCommand.4745
                0x0000000000004124        0x5 ../../../gcc4mbed/mri/mri.ar(cmd_query.o)
 .rodata.qSupportedCommand.4744
                0x0000000000004129        0xa ../../../gcc4mbed/mri/mri.ar(cmd_query.o)
 .rodata.targetXmlAnnex.4773
                0x0000000000004133        0xb ../../../gcc4mbed/mri/mri.ar(cmd_query.o)
 .rodata.str1.1
                0x000000000000413e        0xb ../../../gcc4mbed/mri/mri.ar(cmd_query.o)
                                         0x10 (size before relaxing)
 .rodata.querySupportResponse.4749
                0x0000000000004149       0x38 ../../../gcc4mbed/mri/mri.ar(cmd_query.o)
 .rodata.featureObject.4757
                0x0000000000004181        0x9 ../../../gcc4mbed/mri/mri.ar(cmd_query.o)
 .rodata.memoryMapObject.4756
                0x000000000000418a        0xb ../../../gcc4mbed/mri/mri.ar(cmd_query.o)
 .rodata.str1.1
                0x0000000000000000        0x7 ../../../gcc4mbed/mri/mri.ar(cmd_registers.o)
 .rodata.str1.1
                0x0000000000004195        0x3 ../../../gcc4mbed/mri/mri.ar(gdb_console.o)
 *(.eh_frame*)
 .eh_frame      0x0000000000004198        0x0 /depots/gcc-arm-none-eabi/install-native/lib/gcc/arm-none-eabi/4.7.4/armv7-m/crtbegin.o
 .eh_frame      0x0000000000004198        0x4 /depots/gcc-arm-none-eabi/install-native/lib/gcc/arm-none-eabi/4.7.4/armv7-m/crtend.o

.glue_7         0x000000000000419c        0x0
 .glue_7        0x0000000000000000        0x0 linker stubs

.glue_7t        0x000000000000419c        0x0
 .glue_7t       0x0000000000000000        0x0 linker stubs

.vfp11_veneer   0x000000000000419c        0x0
 .vfp11_veneer  0x0000000000000000        0x0 linker stubs

.v4_bx          0x000000000000419c        0x0
 .v4_bx         0x0000000000000000        0x0 linker stubs

.iplt           0x000000000000419c        0x0
 .iplt          0x0000000000000000        0x0 /depots/gcc-arm-none-eabi/install-native/lib/gcc/arm-none-eabi/4.7.4/armv7-m/crtbegin.o

.rel.dyn        0x000000000000419c        0x0
 .rel.iplt      0x0000000000000000        0x0 /depots/gcc-arm-none-eabi/install-native/lib/gcc/arm-none-eabi/4.7.4/armv7-m/crtbegin.o

.ARM.extab
 *(.ARM.extab* .gnu.linkonce.armextab.*)
                0x000000000000419c                __exidx_start = .

.ARM.exidx
 *(.ARM.exidx* .gnu.linkonce.armexidx.*)
                0x000000000000419c                __exidx_end = .
                0x000000000000419c                __etext = .

.data           0x00000000100000c8       0x9c load address 0x000000000000419c
                0x00000000100000c8                __data_start__ = .
                0x00000000100000c8                Image$$RW_IRAM1$$Base = .
 *(vtable)
 *(.data*)
 .data.g_uartConfigurations
                0x00000000100000c8       0x90 ../../../gcc4mbed/mri/mri.ar(lpc176x_uart.o)
 .data.SystemCoreClock
                0x0000000010000158        0x4 ../../../gcc4mbed/external/mbed/libraries/Debug/NXP_LPC176X/mbed.a(system_LPC17xx.o)
                0x0000000010000158                SystemCoreClock
                0x000000001000015c                . = ALIGN (0x4)
                0x000000001000015c                PROVIDE (__preinit_array_start, .)
 *(.preinit_array)
                0x000000001000015c                PROVIDE (__preinit_array_end, .)
                0x000000001000015c                . = ALIGN (0x4)
                0x000000001000015c                PROVIDE (__init_array_start, .)
 *(SORT(.init_array.*))
 *(.init_array)
 .init_array    0x000000001000015c        0x4 /depots/gcc-arm-none-eabi/install-native/lib/gcc/arm-none-eabi/4.7.4/armv7-m/crtbegin.o
                0x0000000010000160                PROVIDE (__init_array_end, .)
                0x0000000010000160                . = ALIGN (0x4)
                0x0000000010000160                PROVIDE (__fini_array_start, .)
 *(SORT(.fini_array.*))
 *(.fini_array)
 .fini_array    0x0000000010000160        0x4 /depots/gcc-arm-none-eabi/install-native/lib/gcc/arm-none-eabi/4.7.4/armv7-m/crtbegin.o
                0x0000000010000164                PROVIDE (__fini_array_end, .)
                0x0000000010000164                . = ALIGN (0x4)
                0x0000000010000164                __data_end__ = .

.jcr            0x0000000010000164        0x0 load address 0x0000000000004238
 .jcr           0x0000000010000164        0x0 /depots/gcc-arm-none-eabi/install-native/lib/gcc/arm-none-eabi/4.7.4/armv7-m/crtbegin.o

.igot.plt       0x0000000010000164        0x0 load address 0x0000000000004238
 .igot.plt      0x0000000000000000        0x0 /depots/gcc-arm-none-eabi/install-native/lib/gcc/arm-none-eabi/4.7.4/armv7-m/crtbegin.o

.bss            0x0000000010000168      0x384 load address 0x0000000000004240
                0x0000000010000168                __bss_start__ = .
 *(.bss*)
 .bss           0x0000000010000168       0x1c /depots/gcc-arm-none-eabi/install-native/lib/gcc/arm-none-eabi/4.7.4/armv7-m/crtbegin.o
 .bss.g_mri     0x0000000010000184       0x24 ../../../gcc4mbed/mri/mri.ar(mri.o)
 .bss.g_state   0x00000000100001a8       0x28 ../../../gcc4mbed/mri/mri.ar(mbed1768.o)
 .bss.us_ticker_inited
                0x00000000100001d0        0x4 ../../../gcc4mbed/external/mbed/libraries/Debug/NXP_LPC176X/mbed.a(us_ticker.o)
                0x00000000100001d0                us_ticker_inited
 .bss.event_handler
                0x00000000100001d4        0x4 ../../../gcc4mbed/external/mbed/libraries/Debug/NXP_LPC176X/mbed.a(us_ticker_api.o)
 .bss.head      0x00000000100001d8        0x4 ../../../gcc4mbed/external/mbed/libraries/Debug/NXP_LPC176X/mbed.a(us_ticker_api.o)
 *(COMMON)
 COMMON         0x00000000100001dc        0x4 ../../../gcc4mbed/mri/mri.ar(try_catch.o)
                0x00000000100001dc                __mriExceptionCode
 COMMON         0x00000000100001e0      0x300 ../../../gcc4mbed/mri/mri.ar(cortex-m.o)
                0x00000000100001e0                __mriCortexMState
 COMMON         0x00000000100004e0        0x8 ../../../gcc4mbed/mri/mri.ar(lpc176x.o)
                0x00000000100004e0                __mriLpc176xState
 COMMON         0x00000000100004e8        0x4 /depots/gcc-arm-none-eabi/install-native/lib/gcc/arm-none-eabi/4.7.4/../../../../arm-none-eabi/lib/armv7-m/libc_s.a(lib_a-reent.o)
                0x00000000100004e8                errno
                0x00000000100004ec                __bss_end__ = .
                0x00000000100004ec                Image$$RW_IRAM1$$ZI$$Limit = .

.heap           0x00000000100004f0      0x800
                0x00000000100004f0                __end__ = .
                0x00000000100004f0                end = __end__
 *(.heap*)
 .heap          0x00000000100004f0      0x800 ../../../gcc4mbed/external/mbed/libraries/Debug/NXP_LPC176X/mbed.a(startup_LPC17xx.o)
                0x00000000100004f0                __HeapBase
                0x0000000010000cf0                __HeapLimit = .

.stack_dummy    0x00000000100004f0      0xc00
 *(.stack)
 .stack         0x00000000100004f0      0xc00 ../../../gcc4mbed/external/mbed/libraries/Debug/NXP_LPC176X/mbed.a(startup_LPC17xx.o)
                0x0000000010008000                __StackTop = (ORIGIN (RAM) + 0x7f38)
                0x0000000010007400                __StackLimit = (__StackTop - SIZEOF (.stack_dummy))
                0x0000000010008000                PROVIDE (__stack, __StackTop)
                0x0000000000000001                ASSERT ((__StackLimit >= __HeapLimit), region RAM overflowed with stack)

.AHBSRAM0       0x000000002007c000        0x0
                0x000000002007c000                Image$$RW_IRAM2$$Base = .
 *(AHBSRAM0)
                0x000000002007c000                Image$$RW_IRAM2$$ZI$$Limit = .

.AHBSRAM1       0x0000000020080000        0x0
                0x0000000020080000                Image$$RW_IRAM3$$Base = .
 *(AHBSRAM1)
                0x0000000020080000                Image$$RW_IRAM3$$ZI$$Limit = .
OUTPUT(LPC1768/realarm.elf elf32-littlearm)

.ARM.attributes
                0x0000000000000000       0x29
 .ARM.attributes
                0x0000000000000000       0x1d /depots/gcc-arm-none-eabi/install-native/lib/gcc/arm-none-eabi/4.7.4/armv7-m/crti.o
 .ARM.attributes
                0x000000000000001d       0x2d /depots/gcc-arm-none-eabi/install-native/lib/gcc/arm-none-eabi/4.7.4/armv7-m/crtbegin.o
 .ARM.attributes
                0x000000000000004a       0x33 LPC1768/./main.o
 .ARM.attributes
                0x000000000000007d       0x33 LPC1768/gcc4mbed.o
 .ARM.attributes
                0x00000000000000b0       0x33 ../../../gcc4mbed/mri/mri.ar(mri.o)
 .ARM.attributes
                0x00000000000000e3       0x33 ../../../gcc4mbed/mri/mri.ar(packet.o)
 .ARM.attributes
                0x0000000000000116       0x33 ../../../gcc4mbed/mri/mri.ar(token.o)
 .ARM.attributes
                0x0000000000000149       0x33 ../../../gcc4mbed/mri/mri.ar(try_catch.o)
 .ARM.attributes
                0x000000000000017c       0x33 ../../../gcc4mbed/mri/mri.ar(cortex-m.o)
 .ARM.attributes
                0x00000000000001af       0x33 ../../../gcc4mbed/mri/mri.ar(lpc176x_uart.o)
 .ARM.attributes
                0x00000000000001e2       0x33 ../../../gcc4mbed/mri/mri.ar(lpc176x.o)
 .ARM.attributes
                0x0000000000000215       0x33 ../../../gcc4mbed/mri/mri.ar(mbed1768.o)
 .ARM.attributes
                0x0000000000000248       0x33 ../../../gcc4mbed/mri/mri.ar(semihost.o)
 .ARM.attributes
                0x000000000000027b       0x33 ../../../gcc4mbed/mri/mri.ar(semihost_newlib.o)
 .ARM.attributes
                0x00000000000002ae       0x33 ../../../gcc4mbed/mri/mri.ar(semihost_mbed.o)
 .ARM.attributes
                0x00000000000002e1       0x21 ../../../gcc4mbed/mri/mri.ar(cortex-m_asm.o)
 .ARM.attributes
                0x0000000000000302       0x21 ../../../gcc4mbed/mri/mri.ar(mbed1768_asm.o)
 .ARM.attributes
                0x0000000000000323       0x21 ../../../gcc4mbed/mri/mri.ar(newlib_asm.o)
 .ARM.attributes
                0x0000000000000344       0x33 ../../../gcc4mbed/mri/mri.ar(buffer.o)
 .ARM.attributes
                0x0000000000000377       0x33 ../../../gcc4mbed/mri/mri.ar(cmd_break_watch.o)
 .ARM.attributes
                0x00000000000003aa       0x33 ../../../gcc4mbed/mri/mri.ar(cmd_common.o)
 .ARM.attributes
                0x00000000000003dd       0x33 ../../../gcc4mbed/mri/mri.ar(cmd_continue.o)
 .ARM.attributes
                0x0000000000000410       0x33 ../../../gcc4mbed/mri/mri.ar(cmd_file.o)
 .ARM.attributes
                0x0000000000000443       0x33 ../../../gcc4mbed/mri/mri.ar(cmd_memory.o)
 .ARM.attributes
                0x0000000000000476       0x33 ../../../gcc4mbed/mri/mri.ar(cmd_query.o)
 .ARM.attributes
                0x00000000000004a9       0x33 ../../../gcc4mbed/mri/mri.ar(cmd_registers.o)
 .ARM.attributes
                0x00000000000004dc       0x33 ../../../gcc4mbed/mri/mri.ar(cmd_step.o)
 .ARM.attributes
                0x000000000000050f       0x33 ../../../gcc4mbed/mri/mri.ar(gdb_console.o)
 .ARM.attributes
                0x0000000000000542       0x33 ../../../gcc4mbed/mri/mri.ar(memory.o)
 .ARM.attributes
                0x0000000000000575       0x33 ../../../gcc4mbed/mri/mri.ar(native-mem.o)
 .ARM.attributes
                0x00000000000005a8       0x33 ../../../gcc4mbed/external/mbed/libraries/Debug/NXP_LPC176X/mbed.a(cmsis_nvic.o)
 .ARM.attributes
                0x00000000000005db       0x33 ../../../gcc4mbed/external/mbed/libraries/Debug/NXP_LPC176X/mbed.a(system_LPC17xx.o)
 .ARM.attributes
                0x000000000000060e       0x33 ../../../gcc4mbed/external/mbed/libraries/Debug/NXP_LPC176X/mbed.a(exit.o)
 .ARM.attributes
                0x0000000000000641       0x33 ../../../gcc4mbed/external/mbed/libraries/Debug/NXP_LPC176X/mbed.a(mbed_interface.o)
 .ARM.attributes
                0x0000000000000674       0x33 ../../../gcc4mbed/external/mbed/libraries/Debug/NXP_LPC176X/mbed.a(semihost_api.o)
 .ARM.attributes
                0x00000000000006a7       0x1b ../../../gcc4mbed/external/mbed/libraries/Debug/NXP_LPC176X/mbed.a(startup_LPC17xx.o)
 .ARM.attributes
                0x00000000000006c2       0x33 ../../../gcc4mbed/external/mbed/libraries/Debug/NXP_LPC176X/mbed.a(pinmap.o)
 .ARM.attributes
                0x00000000000006f5       0x33 ../../../gcc4mbed/external/mbed/libraries/Debug/NXP_LPC176X/mbed.a(board.o)
 .ARM.attributes
                0x0000000000000728       0x33 ../../../gcc4mbed/external/mbed/libraries/Debug/NXP_LPC176X/mbed.a(wait_api.o)
 .ARM.attributes
                0x000000000000075b       0x33 ../../../gcc4mbed/external/mbed/libraries/Debug/NXP_LPC176X/mbed.a(gpio_api.o)
 .ARM.attributes
                0x000000000000078e       0x33 ../../../gcc4mbed/external/mbed/libraries/Debug/NXP_LPC176X/mbed.a(us_ticker.o)
 .ARM.attributes
                0x00000000000007c1       0x33 ../../../gcc4mbed/external/mbed/libraries/Debug/NXP_LPC176X/mbed.a(us_ticker_api.o)
 .ARM.attributes
                0x00000000000007f4       0x2d /depots/gcc-arm-none-eabi/install-native/lib/gcc/arm-none-eabi/4.7.4/../../../../arm-none-eabi/lib/armv7-m/libc_s.a(lib_a-init.o)
 .ARM.attributes
                0x0000000000000821       0x2d /depots/gcc-arm-none-eabi/install-native/lib/gcc/arm-none-eabi/4.7.4/../../../../arm-none-eabi/lib/armv7-m/libc_s.a(lib_a-memcpy.o)
 .ARM.attributes
                0x000000000000084e       0x2d /depots/gcc-arm-none-eabi/install-native/lib/gcc/arm-none-eabi/4.7.4/../../../../arm-none-eabi/lib/armv7-m/libc_s.a(lib_a-memset.o)
 .ARM.attributes
                0x000000000000087b       0x2d /depots/gcc-arm-none-eabi/install-native/lib/gcc/arm-none-eabi/4.7.4/../../../../arm-none-eabi/lib/armv7-m/libc_s.a(lib_a-reent.o)
 .ARM.attributes
                0x00000000000008a8       0x2d /depots/gcc-arm-none-eabi/install-native/lib/gcc/arm-none-eabi/4.7.4/../../../../arm-none-eabi/lib/armv7-m/libc_s.a(lib_a-strcmp.o)
 .ARM.attributes
                0x00000000000008d5       0x2d /depots/gcc-arm-none-eabi/install-native/lib/gcc/arm-none-eabi/4.7.4/../../../../arm-none-eabi/lib/armv7-m/libc_s.a(lib_a-strlen.o)
 .ARM.attributes
                0x0000000000000902       0x2d /depots/gcc-arm-none-eabi/install-native/lib/gcc/arm-none-eabi/4.7.4/../../../../arm-none-eabi/lib/armv7-m/libc_s.a(lib_a-strncmp.o)
 .ARM.attributes
                0x000000000000092f       0x2d /depots/gcc-arm-none-eabi/install-native/lib/gcc/arm-none-eabi/4.7.4/../../../../arm-none-eabi/lib/armv7-m/libc_s.a(lib_a-strstr.o)
 .ARM.attributes
                0x000000000000095c       0x2d /depots/gcc-arm-none-eabi/install-native/lib/gcc/arm-none-eabi/4.7.4/armv7-m/crtend.o
 .ARM.attributes
                0x0000000000000989       0x1d /depots/gcc-arm-none-eabi/install-native/lib/gcc/arm-none-eabi/4.7.4/armv7-m/crtn.o

.comment        0x0000000000000000       0x70
 .comment       0x0000000000000000       0x70 LPC1768/./main.o
                                         0x71 (size before relaxing)
 .comment       0x0000000000000000       0x71 LPC1768/gcc4mbed.o
 .comment       0x0000000000000000       0x71 ../../../gcc4mbed/mri/mri.ar(mri.o)
 .comment       0x0000000000000000       0x71 ../../../gcc4mbed/mri/mri.ar(packet.o)
 .comment       0x0000000000000000       0x71 ../../../gcc4mbed/mri/mri.ar(token.o)
 .comment       0x0000000000000000       0x71 ../../../gcc4mbed/mri/mri.ar(try_catch.o)
 .comment       0x0000000000000000       0x71 ../../../gcc4mbed/mri/mri.ar(cortex-m.o)
 .comment       0x0000000000000000       0x71 ../../../gcc4mbed/mri/mri.ar(lpc176x_uart.o)
 .comment       0x0000000000000000       0x71 ../../../gcc4mbed/mri/mri.ar(lpc176x.o)
 .comment       0x0000000000000000       0x71 ../../../gcc4mbed/mri/mri.ar(mbed1768.o)
 .comment       0x0000000000000000       0x71 ../../../gcc4mbed/mri/mri.ar(semihost.o)
 .comment       0x0000000000000000       0x71 ../../../gcc4mbed/mri/mri.ar(semihost_newlib.o)
 .comment       0x0000000000000000       0x71 ../../../gcc4mbed/mri/mri.ar(semihost_mbed.o)
 .comment       0x0000000000000000       0x71 ../../../gcc4mbed/mri/mri.ar(buffer.o)
 .comment       0x0000000000000000       0x71 ../../../gcc4mbed/mri/mri.ar(cmd_break_watch.o)
 .comment       0x0000000000000000       0x71 ../../../gcc4mbed/mri/mri.ar(cmd_common.o)
 .comment       0x0000000000000000       0x71 ../../../gcc4mbed/mri/mri.ar(cmd_continue.o)
 .comment       0x0000000000000000       0x71 ../../../gcc4mbed/mri/mri.ar(cmd_file.o)
 .comment       0x0000000000000000       0x71 ../../../gcc4mbed/mri/mri.ar(cmd_memory.o)
 .comment       0x0000000000000000       0x71 ../../../gcc4mbed/mri/mri.ar(cmd_query.o)
 .comment       0x0000000000000000       0x71 ../../../gcc4mbed/mri/mri.ar(cmd_registers.o)
 .comment       0x0000000000000000       0x71 ../../../gcc4mbed/mri/mri.ar(cmd_step.o)
 .comment       0x0000000000000000       0x71 ../../../gcc4mbed/mri/mri.ar(gdb_console.o)
 .comment       0x0000000000000000       0x71 ../../../gcc4mbed/mri/mri.ar(memory.o)
 .comment       0x0000000000000000       0x71 ../../../gcc4mbed/mri/mri.ar(native-mem.o)
 .comment       0x0000000000000000       0x71 ../../../gcc4mbed/external/mbed/libraries/Debug/NXP_LPC176X/mbed.a(cmsis_nvic.o)
 .comment       0x0000000000000000       0x71 ../../../gcc4mbed/external/mbed/libraries/Debug/NXP_LPC176X/mbed.a(system_LPC17xx.o)
 .comment       0x0000000000000000       0x71 ../../../gcc4mbed/external/mbed/libraries/Debug/NXP_LPC176X/mbed.a(exit.o)
 .comment       0x0000000000000000       0x71 ../../../gcc4mbed/external/mbed/libraries/Debug/NXP_LPC176X/mbed.a(mbed_interface.o)
 .comment       0x0000000000000000       0x71 ../../../gcc4mbed/external/mbed/libraries/Debug/NXP_LPC176X/mbed.a(semihost_api.o)
 .comment       0x0000000000000000       0x71 ../../../gcc4mbed/external/mbed/libraries/Debug/NXP_LPC176X/mbed.a(pinmap.o)
 .comment       0x0000000000000000       0x71 ../../../gcc4mbed/external/mbed/libraries/Debug/NXP_LPC176X/mbed.a(board.o)
 .comment       0x0000000000000000       0x71 ../../../gcc4mbed/external/mbed/libraries/Debug/NXP_LPC176X/mbed.a(wait_api.o)
 .comment       0x0000000000000000       0x71 ../../../gcc4mbed/external/mbed/libraries/Debug/NXP_LPC176X/mbed.a(gpio_api.o)
 .comment       0x0000000000000000       0x71 ../../../gcc4mbed/external/mbed/libraries/Debug/NXP_LPC176X/mbed.a(us_ticker.o)
 .comment       0x0000000000000000       0x71 ../../../gcc4mbed/external/mbed/libraries/Debug/NXP_LPC176X/mbed.a(us_ticker_api.o)

.debug_info     0x0000000000000000     0x5394
 .debug_info    0x0000000000000000     0x1565 LPC1768/./main.o
 .debug_info    0x0000000000001565      0x23a LPC1768/gcc4mbed.o
 .debug_info    0x000000000000179f      0x432 ../../../gcc4mbed/external/mbed/libraries/Debug/NXP_LPC176X/mbed.a(cmsis_nvic.o)
 .debug_info    0x0000000000001bd1      0x37d ../../../gcc4mbed/external/mbed/libraries/Debug/NXP_LPC176X/mbed.a(system_LPC17xx.o)
 .debug_info    0x0000000000001f4e       0xc2 ../../../gcc4mbed/external/mbed/libraries/Debug/NXP_LPC176X/mbed.a(exit.o)
 .debug_info    0x0000000000002010      0x225 ../../../gcc4mbed/external/mbed/libraries/Debug/NXP_LPC176X/mbed.a(mbed_interface.o)
 .debug_info    0x0000000000002235      0x524 ../../../gcc4mbed/external/mbed/libraries/Debug/NXP_LPC176X/mbed.a(semihost_api.o)
 .debug_info    0x0000000000002759       0xca ../../../gcc4mbed/external/mbed/libraries/Debug/NXP_LPC176X/mbed.a(startup_LPC17xx.o)
 .debug_info    0x0000000000002823      0x9c6 ../../../gcc4mbed/external/mbed/libraries/Debug/NXP_LPC176X/mbed.a(pinmap.o)
 .debug_info    0x00000000000031e9      0x95c ../../../gcc4mbed/external/mbed/libraries/Debug/NXP_LPC176X/mbed.a(board.o)
 .debug_info    0x0000000000003b45      0x107 ../../../gcc4mbed/external/mbed/libraries/Debug/NXP_LPC176X/mbed.a(wait_api.o)
 .debug_info    0x0000000000003c4c      0xd0a ../../../gcc4mbed/external/mbed/libraries/Debug/NXP_LPC176X/mbed.a(gpio_api.o)
 .debug_info    0x0000000000004956      0x7c3 ../../../gcc4mbed/external/mbed/libraries/Debug/NXP_LPC176X/mbed.a(us_ticker.o)
 .debug_info    0x0000000000005119      0x27b ../../../gcc4mbed/external/mbed/libraries/Debug/NXP_LPC176X/mbed.a(us_ticker_api.o)

.debug_abbrev   0x0000000000000000      0xfb4
 .debug_abbrev  0x0000000000000000      0x2a1 LPC1768/./main.o
 .debug_abbrev  0x00000000000002a1      0x15a LPC1768/gcc4mbed.o
 .debug_abbrev  0x00000000000003fb      0x132 ../../../gcc4mbed/external/mbed/libraries/Debug/NXP_LPC176X/mbed.a(cmsis_nvic.o)
 .debug_abbrev  0x000000000000052d       0xd9 ../../../gcc4mbed/external/mbed/libraries/Debug/NXP_LPC176X/mbed.a(system_LPC17xx.o)
 .debug_abbrev  0x0000000000000606       0x7d ../../../gcc4mbed/external/mbed/libraries/Debug/NXP_LPC176X/mbed.a(exit.o)
 .debug_abbrev  0x0000000000000683      0x10d ../../../gcc4mbed/external/mbed/libraries/Debug/NXP_LPC176X/mbed.a(mbed_interface.o)
 .debug_abbrev  0x0000000000000790      0x13b ../../../gcc4mbed/external/mbed/libraries/Debug/NXP_LPC176X/mbed.a(semihost_api.o)
 .debug_abbrev  0x00000000000008cb       0x14 ../../../gcc4mbed/external/mbed/libraries/Debug/NXP_LPC176X/mbed.a(startup_LPC17xx.o)
 .debug_abbrev  0x00000000000008df       0xe8 ../../../gcc4mbed/external/mbed/libraries/Debug/NXP_LPC176X/mbed.a(pinmap.o)
 .debug_abbrev  0x00000000000009c7      0x10d ../../../gcc4mbed/external/mbed/libraries/Debug/NXP_LPC176X/mbed.a(board.o)
 .debug_abbrev  0x0000000000000ad4       0x8c ../../../gcc4mbed/external/mbed/libraries/Debug/NXP_LPC176X/mbed.a(wait_api.o)
 .debug_abbrev  0x0000000000000b60      0x167 ../../../gcc4mbed/external/mbed/libraries/Debug/NXP_LPC176X/mbed.a(gpio_api.o)
 .debug_abbrev  0x0000000000000cc7      0x1cb ../../../gcc4mbed/external/mbed/libraries/Debug/NXP_LPC176X/mbed.a(us_ticker.o)
 .debug_abbrev  0x0000000000000e92      0x122 ../../../gcc4mbed/external/mbed/libraries/Debug/NXP_LPC176X/mbed.a(us_ticker_api.o)

.debug_loc      0x0000000000000000      0xa22
 .debug_loc     0x0000000000000000      0x190 LPC1768/./main.o
 .debug_loc     0x0000000000000190      0x11c LPC1768/gcc4mbed.o
 .debug_loc     0x00000000000002ac       0x40 ../../../gcc4mbed/external/mbed/libraries/Debug/NXP_LPC176X/mbed.a(cmsis_nvic.o)
 .debug_loc     0x00000000000002ec       0x20 ../../../gcc4mbed/external/mbed/libraries/Debug/NXP_LPC176X/mbed.a(system_LPC17xx.o)
 .debug_loc     0x000000000000030c       0x2c ../../../gcc4mbed/external/mbed/libraries/Debug/NXP_LPC176X/mbed.a(exit.o)
 .debug_loc     0x0000000000000338      0x13d ../../../gcc4mbed/external/mbed/libraries/Debug/NXP_LPC176X/mbed.a(mbed_interface.o)
 .debug_loc     0x0000000000000475      0x2bc ../../../gcc4mbed/external/mbed/libraries/Debug/NXP_LPC176X/mbed.a(semihost_api.o)
 .debug_loc     0x0000000000000731       0x40 ../../../gcc4mbed/external/mbed/libraries/Debug/NXP_LPC176X/mbed.a(pinmap.o)
 .debug_loc     0x0000000000000771       0x4d ../../../gcc4mbed/external/mbed/libraries/Debug/NXP_LPC176X/mbed.a(board.o)
 .debug_loc     0x00000000000007be       0x84 ../../../gcc4mbed/external/mbed/libraries/Debug/NXP_LPC176X/mbed.a(wait_api.o)
 .debug_loc     0x0000000000000842       0xa4 ../../../gcc4mbed/external/mbed/libraries/Debug/NXP_LPC176X/mbed.a(gpio_api.o)
 .debug_loc     0x00000000000008e6       0x8c ../../../gcc4mbed/external/mbed/libraries/Debug/NXP_LPC176X/mbed.a(us_ticker.o)
 .debug_loc     0x0000000000000972       0xb0 ../../../gcc4mbed/external/mbed/libraries/Debug/NXP_LPC176X/mbed.a(us_ticker_api.o)

.debug_aranges  0x0000000000000000      0x3b8
 .debug_aranges
                0x0000000000000000       0x98 LPC1768/./main.o
 .debug_aranges
                0x0000000000000098       0x58 LPC1768/gcc4mbed.o
 .debug_aranges
                0x00000000000000f0       0x28 ../../../gcc4mbed/external/mbed/libraries/Debug/NXP_LPC176X/mbed.a(cmsis_nvic.o)
 .debug_aranges
                0x0000000000000118       0x28 ../../../gcc4mbed/external/mbed/libraries/Debug/NXP_LPC176X/mbed.a(system_LPC17xx.o)
 .debug_aranges
                0x0000000000000140       0x20 ../../../gcc4mbed/external/mbed/libraries/Debug/NXP_LPC176X/mbed.a(exit.o)
 .debug_aranges
                0x0000000000000160       0x58 ../../../gcc4mbed/external/mbed/libraries/Debug/NXP_LPC176X/mbed.a(mbed_interface.o)
 .debug_aranges
                0x00000000000001b8       0xa8 ../../../gcc4mbed/external/mbed/libraries/Debug/NXP_LPC176X/mbed.a(semihost_api.o)
 .debug_aranges
                0x0000000000000260       0x20 ../../../gcc4mbed/external/mbed/libraries/Debug/NXP_LPC176X/mbed.a(startup_LPC17xx.o)
 .debug_aranges
                0x0000000000000280       0x28 ../../../gcc4mbed/external/mbed/libraries/Debug/NXP_LPC176X/mbed.a(pinmap.o)
 .debug_aranges
                0x00000000000002a8       0x28 ../../../gcc4mbed/external/mbed/libraries/Debug/NXP_LPC176X/mbed.a(board.o)
 .debug_aranges
                0x00000000000002d0       0x30 ../../../gcc4mbed/external/mbed/libraries/Debug/NXP_LPC176X/mbed.a(wait_api.o)
 .debug_aranges
                0x0000000000000300       0x38 ../../../gcc4mbed/external/mbed/libraries/Debug/NXP_LPC176X/mbed.a(gpio_api.o)
 .debug_aranges
                0x0000000000000338       0x48 ../../../gcc4mbed/external/mbed/libraries/Debug/NXP_LPC176X/mbed.a(us_ticker.o)
 .debug_aranges
                0x0000000000000380       0x38 ../../../gcc4mbed/external/mbed/libraries/Debug/NXP_LPC176X/mbed.a(us_ticker_api.o)

.debug_ranges   0x0000000000000000      0x2c8
 .debug_ranges  0x0000000000000000       0x88 LPC1768/./main.o
 .debug_ranges  0x0000000000000088       0x48 LPC1768/gcc4mbed.o
 .debug_ranges  0x00000000000000d0       0x18 ../../../gcc4mbed/external/mbed/libraries/Debug/NXP_LPC176X/mbed.a(cmsis_nvic.o)
 .debug_ranges  0x00000000000000e8       0x18 ../../../gcc4mbed/external/mbed/libraries/Debug/NXP_LPC176X/mbed.a(system_LPC17xx.o)
 .debug_ranges  0x0000000000000100       0x10 ../../../gcc4mbed/external/mbed/libraries/Debug/NXP_LPC176X/mbed.a(exit.o)
 .debug_ranges  0x0000000000000110       0x48 ../../../gcc4mbed/external/mbed/libraries/Debug/NXP_LPC176X/mbed.a(mbed_interface.o)
 .debug_ranges  0x0000000000000158       0x98 ../../../gcc4mbed/external/mbed/libraries/Debug/NXP_LPC176X/mbed.a(semihost_api.o)
 .debug_ranges  0x00000000000001f0       0x18 ../../../gcc4mbed/external/mbed/libraries/Debug/NXP_LPC176X/mbed.a(pinmap.o)
 .debug_ranges  0x0000000000000208       0x18 ../../../gcc4mbed/external/mbed/libraries/Debug/NXP_LPC176X/mbed.a(board.o)
 .debug_ranges  0x0000000000000220       0x20 ../../../gcc4mbed/external/mbed/libraries/Debug/NXP_LPC176X/mbed.a(wait_api.o)
 .debug_ranges  0x0000000000000240       0x28 ../../../gcc4mbed/external/mbed/libraries/Debug/NXP_LPC176X/mbed.a(gpio_api.o)
 .debug_ranges  0x0000000000000268       0x38 ../../../gcc4mbed/external/mbed/libraries/Debug/NXP_LPC176X/mbed.a(us_ticker.o)
 .debug_ranges  0x00000000000002a0       0x28 ../../../gcc4mbed/external/mbed/libraries/Debug/NXP_LPC176X/mbed.a(us_ticker_api.o)

.debug_macro    0x0000000000000000     0x5fc8
 .debug_macro   0x0000000000000000      0x4bd LPC1768/./main.o
 .debug_macro   0x00000000000004bd      0x868 LPC1768/./main.o
 .debug_macro   0x0000000000000d25       0x10 LPC1768/./main.o
 .debug_macro   0x0000000000000d35       0x10 LPC1768/./main.o
 .debug_macro   0x0000000000000d45       0x94 LPC1768/./main.o
 .debug_macro   0x0000000000000dd9       0x1c LPC1768/./main.o
 .debug_macro   0x0000000000000df5       0x3a LPC1768/./main.o
 .debug_macro   0x0000000000000e2f       0x3a LPC1768/./main.o
 .debug_macro   0x0000000000000e69       0x10 LPC1768/./main.o
 .debug_macro   0x0000000000000e79       0x2e LPC1768/./main.o
 .debug_macro   0x0000000000000ea7       0xa3 LPC1768/./main.o
 .debug_macro   0x0000000000000f4a      0x20e LPC1768/./main.o
 .debug_macro   0x0000000000001158       0x2d LPC1768/./main.o
 .debug_macro   0x0000000000001185      0xbb1 LPC1768/./main.o
 .debug_macro   0x0000000000001d36      0x2c7 LPC1768/./main.o
 .debug_macro   0x0000000000001ffd       0x10 LPC1768/./main.o
 .debug_macro   0x000000000000200d       0x1c LPC1768/./main.o
 .debug_macro   0x0000000000002029       0x16 LPC1768/./main.o
 .debug_macro   0x000000000000203f       0xe3 LPC1768/./main.o
 .debug_macro   0x0000000000002122      0x314 LPC1768/./main.o
 .debug_macro   0x0000000000002436      0x173 LPC1768/./main.o
 .debug_macro   0x00000000000025a9       0x10 LPC1768/./main.o
 .debug_macro   0x00000000000025b9       0x35 LPC1768/./main.o
 .debug_macro   0x00000000000025ee       0x3a LPC1768/./main.o
 .debug_macro   0x0000000000002628       0x52 LPC1768/./main.o
 .debug_macro   0x000000000000267a       0x43 LPC1768/./main.o
 .debug_macro   0x00000000000026bd      0x189 LPC1768/./main.o
 .debug_macro   0x0000000000002846       0x16 LPC1768/./main.o
 .debug_macro   0x000000000000285c       0x23 LPC1768/./main.o
 .debug_macro   0x000000000000287f       0xac LPC1768/./main.o
 .debug_macro   0x000000000000292b       0x16 LPC1768/./main.o
 .debug_macro   0x0000000000002941       0x10 LPC1768/./main.o
 .debug_macro   0x0000000000002951       0x10 LPC1768/./main.o
 .debug_macro   0x0000000000002961       0x22 LPC1768/./main.o
 .debug_macro   0x0000000000002983       0x91 LPC1768/./main.o
 .debug_macro   0x0000000000002a14       0x16 LPC1768/./main.o
 .debug_macro   0x0000000000002a2a      0x158 LPC1768/./main.o
 .debug_macro   0x0000000000002b82       0xfa LPC1768/./main.o
 .debug_macro   0x0000000000002c7c       0x10 LPC1768/./main.o
 .debug_macro   0x0000000000002c8c       0x1c LPC1768/./main.o
 .debug_macro   0x0000000000002ca8       0x8e LPC1768/./main.o
 .debug_macro   0x0000000000002d36      0x1cc LPC1768/./main.o
 .debug_macro   0x0000000000002f02       0x10 LPC1768/./main.o
 .debug_macro   0x0000000000002f12       0x16 LPC1768/./main.o
 .debug_macro   0x0000000000002f28       0x34 LPC1768/./main.o
 .debug_macro   0x0000000000002f5c       0x10 LPC1768/./main.o
 .debug_macro   0x0000000000002f6c       0x3a LPC1768/./main.o
 .debug_macro   0x0000000000002fa6      0x18e LPC1768/./main.o
 .debug_macro   0x0000000000003134      0x126 LPC1768/./main.o
 .debug_macro   0x000000000000325a       0x10 LPC1768/./main.o
 .debug_macro   0x000000000000326a       0x7c LPC1768/./main.o
 .debug_macro   0x00000000000032e6       0x58 LPC1768/./main.o
 .debug_macro   0x000000000000333e       0xa0 LPC1768/./main.o
 .debug_macro   0x00000000000033de      0x161 LPC1768/gcc4mbed.o
 .debug_macro   0x000000000000353f      0x856 LPC1768/gcc4mbed.o
 .debug_macro   0x0000000000003d95       0xa3 LPC1768/gcc4mbed.o
 .debug_macro   0x0000000000003e38       0x19 LPC1768/gcc4mbed.o
 .debug_macro   0x0000000000003e51       0x89 LPC1768/gcc4mbed.o
 .debug_macro   0x0000000000003eda       0x22 LPC1768/gcc4mbed.o
 .debug_macro   0x0000000000003efc       0xf5 LPC1768/gcc4mbed.o
 .debug_macro   0x0000000000003ff1       0x10 LPC1768/gcc4mbed.o
 .debug_macro   0x0000000000004001      0x23f LPC1768/gcc4mbed.o
 .debug_macro   0x0000000000004240      0x214 LPC1768/gcc4mbed.o
 .debug_macro   0x0000000000004454       0x52 LPC1768/gcc4mbed.o
 .debug_macro   0x00000000000044a6      0xbb1 LPC1768/gcc4mbed.o
 .debug_macro   0x0000000000005057       0xc9 ../../../gcc4mbed/external/mbed/libraries/Debug/NXP_LPC176X/mbed.a(cmsis_nvic.o)
 .debug_macro   0x0000000000005120      0x155 ../../../gcc4mbed/external/mbed/libraries/Debug/NXP_LPC176X/mbed.a(system_LPC17xx.o)
 .debug_macro   0x0000000000005275      0x117 ../../../gcc4mbed/external/mbed/libraries/Debug/NXP_LPC176X/mbed.a(exit.o)
 .debug_macro   0x000000000000538c       0x16 ../../../gcc4mbed/external/mbed/libraries/Debug/NXP_LPC176X/mbed.a(exit.o)
 .debug_macro   0x00000000000053a2      0x210 ../../../gcc4mbed/external/mbed/libraries/Debug/NXP_LPC176X/mbed.a(mbed_interface.o)
 .debug_macro   0x00000000000055b2       0x10 ../../../gcc4mbed/external/mbed/libraries/Debug/NXP_LPC176X/mbed.a(mbed_interface.o)
 .debug_macro   0x00000000000055c2       0x34 ../../../gcc4mbed/external/mbed/libraries/Debug/NXP_LPC176X/mbed.a(mbed_interface.o)
 .debug_macro   0x00000000000055f6       0x35 ../../../gcc4mbed/external/mbed/libraries/Debug/NXP_LPC176X/mbed.a(mbed_interface.o)
 .debug_macro   0x000000000000562b      0x1e4 ../../../gcc4mbed/external/mbed/libraries/Debug/NXP_LPC176X/mbed.a(semihost_api.o)
 .debug_macro   0x000000000000580f      0x1e5 ../../../gcc4mbed/external/mbed/libraries/Debug/NXP_LPC176X/mbed.a(pinmap.o)
 .debug_macro   0x00000000000059f4      0x113 ../../../gcc4mbed/external/mbed/libraries/Debug/NXP_LPC176X/mbed.a(board.o)
 .debug_macro   0x0000000000005b07       0x78 ../../../gcc4mbed/external/mbed/libraries/Debug/NXP_LPC176X/mbed.a(wait_api.o)
 .debug_macro   0x0000000000005b7f      0x10e ../../../gcc4mbed/external/mbed/libraries/Debug/NXP_LPC176X/mbed.a(gpio_api.o)
 .debug_macro   0x0000000000005c8d       0xea ../../../gcc4mbed/external/mbed/libraries/Debug/NXP_LPC176X/mbed.a(us_ticker.o)
 .debug_macro   0x0000000000005d77      0x16c ../../../gcc4mbed/external/mbed/libraries/Debug/NXP_LPC176X/mbed.a(us_ticker.o)
 .debug_macro   0x0000000000005ee3       0x16 ../../../gcc4mbed/external/mbed/libraries/Debug/NXP_LPC176X/mbed.a(us_ticker.o)
 .debug_macro   0x0000000000005ef9       0xcf ../../../gcc4mbed/external/mbed/libraries/Debug/NXP_LPC176X/mbed.a(us_ticker_api.o)

.debug_line     0x0000000000000000     0x4224
 .debug_line    0x0000000000000000      0xb28 LPC1768/./main.o
 .debug_line    0x0000000000000b28      0x476 LPC1768/gcc4mbed.o
 .debug_line    0x0000000000000f9e      0x34b ../../../gcc4mbed/external/mbed/libraries/Debug/NXP_LPC176X/mbed.a(cmsis_nvic.o)
 .debug_line    0x00000000000012e9      0x373 ../../../gcc4mbed/external/mbed/libraries/Debug/NXP_LPC176X/mbed.a(system_LPC17xx.o)
 .debug_line    0x000000000000165c      0x472 ../../../gcc4mbed/external/mbed/libraries/Debug/NXP_LPC176X/mbed.a(exit.o)
 .debug_line    0x0000000000001ace      0x635 ../../../gcc4mbed/external/mbed/libraries/Debug/NXP_LPC176X/mbed.a(mbed_interface.o)
 .debug_line    0x0000000000002103      0x633 ../../../gcc4mbed/external/mbed/libraries/Debug/NXP_LPC176X/mbed.a(semihost_api.o)
 .debug_line    0x0000000000002736       0xee ../../../gcc4mbed/external/mbed/libraries/Debug/NXP_LPC176X/mbed.a(startup_LPC17xx.o)
 .debug_line    0x0000000000002824      0x524 ../../../gcc4mbed/external/mbed/libraries/Debug/NXP_LPC176X/mbed.a(pinmap.o)
 .debug_line    0x0000000000002d48      0x4e3 ../../../gcc4mbed/external/mbed/libraries/Debug/NXP_LPC176X/mbed.a(board.o)
 .debug_line    0x000000000000322b      0x306 ../../../gcc4mbed/external/mbed/libraries/Debug/NXP_LPC176X/mbed.a(wait_api.o)
 .debug_line    0x0000000000003531      0x464 ../../../gcc4mbed/external/mbed/libraries/Debug/NXP_LPC176X/mbed.a(gpio_api.o)
 .debug_line    0x0000000000003995      0x450 ../../../gcc4mbed/external/mbed/libraries/Debug/NXP_LPC176X/mbed.a(us_ticker.o)
 .debug_line    0x0000000000003de5      0x43f ../../../gcc4mbed/external/mbed/libraries/Debug/NXP_LPC176X/mbed.a(us_ticker_api.o)

.debug_str      0x0000000000000000    0x10467
 .debug_str     0x0000000000000000     0xe6a9 LPC1768/./main.o
                                       0xe963 (size before relaxing)
 .debug_str     0x000000000000e6a9      0x6f7 LPC1768/gcc4mbed.o
                                       0xae5a (size before relaxing)
 .debug_str     0x000000000000eda0      0x2d1 ../../../gcc4mbed/external/mbed/libraries/Debug/NXP_LPC176X/mbed.a(cmsis_nvic.o)
                                       0x8c69 (size before relaxing)
 .debug_str     0x000000000000f071      0x480 ../../../gcc4mbed/external/mbed/libraries/Debug/NXP_LPC176X/mbed.a(system_LPC17xx.o)
                                       0x8d57 (size before relaxing)
 .debug_str     0x000000000000f4f1       0xd9 ../../../gcc4mbed/external/mbed/libraries/Debug/NXP_LPC176X/mbed.a(exit.o)
                                       0x8e23 (size before relaxing)
 .debug_str     0x000000000000f5ca       0xe5 ../../../gcc4mbed/external/mbed/libraries/Debug/NXP_LPC176X/mbed.a(mbed_interface.o)
                                       0xb439 (size before relaxing)
 .debug_str     0x000000000000f6af      0x3aa ../../../gcc4mbed/external/mbed/libraries/Debug/NXP_LPC176X/mbed.a(semihost_api.o)
                                       0xa869 (size before relaxing)
 .debug_str     0x000000000000fa59      0x49d ../../../gcc4mbed/external/mbed/libraries/Debug/NXP_LPC176X/mbed.a(pinmap.o)
                                       0xb5da (size before relaxing)
 .debug_str     0x000000000000fef6       0xaa ../../../gcc4mbed/external/mbed/libraries/Debug/NXP_LPC176X/mbed.a(board.o)
                                       0x9082 (size before relaxing)
 .debug_str     0x000000000000ffa0       0x56 ../../../gcc4mbed/external/mbed/libraries/Debug/NXP_LPC176X/mbed.a(wait_api.o)
                                       0x3013 (size before relaxing)
 .debug_str     0x000000000000fff6      0x1da ../../../gcc4mbed/external/mbed/libraries/Debug/NXP_LPC176X/mbed.a(gpio_api.o)
                                       0x91e0 (size before relaxing)
 .debug_str     0x00000000000101d0      0x19f ../../../gcc4mbed/external/mbed/libraries/Debug/NXP_LPC176X/mbed.a(us_ticker.o)
                                       0x917d (size before relaxing)
 .debug_str     0x000000000001036f       0xf8 ../../../gcc4mbed/external/mbed/libraries/Debug/NXP_LPC176X/mbed.a(us_ticker_api.o)
                                       0x8d47 (size before relaxing)

.debug_frame    0x0000000000000000      0x8fc
 .debug_frame   0x0000000000000000      0x168 LPC1768/./main.o
 .debug_frame   0x0000000000000168       0xc8 LPC1768/gcc4mbed.o
 .debug_frame   0x0000000000000230       0x38 ../../../gcc4mbed/external/mbed/libraries/Debug/NXP_LPC176X/mbed.a(cmsis_nvic.o)
 .debug_frame   0x0000000000000268       0x3c ../../../gcc4mbed/external/mbed/libraries/Debug/NXP_LPC176X/mbed.a(system_LPC17xx.o)
 .debug_frame   0x00000000000002a4       0x28 ../../../gcc4mbed/external/mbed/libraries/Debug/NXP_LPC176X/mbed.a(exit.o)
 .debug_frame   0x00000000000002cc       0xd0 ../../../gcc4mbed/external/mbed/libraries/Debug/NXP_LPC176X/mbed.a(mbed_interface.o)
 .debug_frame   0x000000000000039c      0x1bc ../../../gcc4mbed/external/mbed/libraries/Debug/NXP_LPC176X/mbed.a(semihost_api.o)
 .debug_frame   0x0000000000000558       0x38 ../../../gcc4mbed/external/mbed/libraries/Debug/NXP_LPC176X/mbed.a(pinmap.o)
 .debug_frame   0x0000000000000590       0x3c ../../../gcc4mbed/external/mbed/libraries/Debug/NXP_LPC176X/mbed.a(board.o)
 .debug_frame   0x00000000000005cc       0x58 ../../../gcc4mbed/external/mbed/libraries/Debug/NXP_LPC176X/mbed.a(wait_api.o)
 .debug_frame   0x0000000000000624       0x6c ../../../gcc4mbed/external/mbed/libraries/Debug/NXP_LPC176X/mbed.a(gpio_api.o)
 .debug_frame   0x0000000000000690       0x88 ../../../gcc4mbed/external/mbed/libraries/Debug/NXP_LPC176X/mbed.a(us_ticker.o)
 .debug_frame   0x0000000000000718       0x74 ../../../gcc4mbed/external/mbed/libraries/Debug/NXP_LPC176X/mbed.a(us_ticker_api.o)
 .debug_frame   0x000000000000078c       0x2c /depots/gcc-arm-none-eabi/install-native/lib/gcc/arm-none-eabi/4.7.4/../../../../arm-none-eabi/lib/armv7-m/libc_s.a(lib_a-init.o)
 .debug_frame   0x00000000000007b8       0x28 /depots/gcc-arm-none-eabi/install-native/lib/gcc/arm-none-eabi/4.7.4/../../../../arm-none-eabi/lib/armv7-m/libc_s.a(lib_a-memcpy.o)
 .debug_frame   0x00000000000007e0       0x20 /depots/gcc-arm-none-eabi/install-native/lib/gcc/arm-none-eabi/4.7.4/../../../../arm-none-eabi/lib/armv7-m/libc_s.a(lib_a-memset.o)
 .debug_frame   0x0000000000000800       0x64 /depots/gcc-arm-none-eabi/install-native/lib/gcc/arm-none-eabi/4.7.4/../../../../arm-none-eabi/lib/armv7-m/libc_s.a(lib_a-reent.o)
 .debug_frame   0x0000000000000864       0x20 /depots/gcc-arm-none-eabi/install-native/lib/gcc/arm-none-eabi/4.7.4/../../../../arm-none-eabi/lib/armv7-m/libc_s.a(lib_a-strcmp.o)
 .debug_frame   0x0000000000000884       0x20 /depots/gcc-arm-none-eabi/install-native/lib/gcc/arm-none-eabi/4.7.4/../../../../arm-none-eabi/lib/armv7-m/libc_s.a(lib_a-strlen.o)
 .debug_frame   0x00000000000008a4       0x2c /depots/gcc-arm-none-eabi/install-native/lib/gcc/arm-none-eabi/4.7.4/../../../../arm-none-eabi/lib/armv7-m/libc_s.a(lib_a-strncmp.o)
 .debug_frame   0x00000000000008d0       0x2c /depots/gcc-arm-none-eabi/install-native/lib/gcc/arm-none-eabi/4.7.4/../../../../arm-none-eabi/lib/armv7-m/libc_s.a(lib_a-strstr.o)

.stab           0x0000000000000000     0xf624
 .stab          0x0000000000000000     0x15a8 ../../../gcc4mbed/mri/mri.ar(mri.o)
                                       0x162c (size before relaxing)
 .stab          0x00000000000015a8      0x8ac ../../../gcc4mbed/mri/mri.ar(packet.o)
                                        0xf00 (size before relaxing)
 .stab          0x0000000000001e54      0x804 ../../../gcc4mbed/mri/mri.ar(token.o)
                                        0xc78 (size before relaxing)
 .stab          0x0000000000002658      0x270 ../../../gcc4mbed/mri/mri.ar(try_catch.o)
                                        0x27c (size before relaxing)
 .stab          0x00000000000028c8     0x2d84 ../../../gcc4mbed/mri/mri.ar(cortex-m.o)
                                       0x339c (size before relaxing)
 .stab          0x000000000000564c     0x1218 ../../../gcc4mbed/mri/mri.ar(lpc176x_uart.o)
                                       0x1a34 (size before relaxing)
 .stab          0x0000000000006864      0xac8 ../../../gcc4mbed/mri/mri.ar(lpc176x.o)
                                        0xe28 (size before relaxing)
 .stab          0x000000000000732c      0x690 ../../../gcc4mbed/mri/mri.ar(mbed1768.o)
                                        0xf18 (size before relaxing)
 .stab          0x00000000000079bc      0x3cc ../../../gcc4mbed/mri/mri.ar(semihost.o)
                                        0x5e8 (size before relaxing)
 .stab          0x0000000000007d88      0x798 ../../../gcc4mbed/mri/mri.ar(semihost_newlib.o)
                                        0xbc4 (size before relaxing)
 .stab          0x0000000000008520      0x990 ../../../gcc4mbed/mri/mri.ar(semihost_mbed.o)
                                        0xe04 (size before relaxing)
 .stab          0x0000000000008eb0     0x162c ../../../gcc4mbed/mri/mri.ar(buffer.o)
                                       0x1ab8 (size before relaxing)
 .stab          0x000000000000a4dc      0x9f0 ../../../gcc4mbed/mri/mri.ar(cmd_break_watch.o)
                                        0xbf4 (size before relaxing)
 .stab          0x000000000000aecc      0x558 ../../../gcc4mbed/mri/mri.ar(cmd_common.o)
                                        0x72c (size before relaxing)
 .stab          0x000000000000b424      0x3d8 ../../../gcc4mbed/mri/mri.ar(cmd_continue.o)
                                        0x60c (size before relaxing)
 .stab          0x000000000000b7fc     0x1104 ../../../gcc4mbed/mri/mri.ar(cmd_file.o)
                                       0x14c4 (size before relaxing)
 .stab          0x000000000000c900      0x63c ../../../gcc4mbed/mri/mri.ar(cmd_memory.o)
                                        0x810 (size before relaxing)
 .stab          0x000000000000cf3c      0xac8 ../../../gcc4mbed/mri/mri.ar(cmd_query.o)
                                        0xf0c (size before relaxing)
 .stab          0x000000000000da04      0x474 ../../../gcc4mbed/mri/mri.ar(cmd_registers.o)
                                        0x6a8 (size before relaxing)
 .stab          0x000000000000de78      0x330 ../../../gcc4mbed/mri/mri.ar(cmd_step.o)
                                        0x564 (size before relaxing)
 .stab          0x000000000000e1a8      0x51c ../../../gcc4mbed/mri/mri.ar(gdb_console.o)
                                        0x948 (size before relaxing)
 .stab          0x000000000000e6c4      0xa74 ../../../gcc4mbed/mri/mri.ar(memory.o)
                                        0xc90 (size before relaxing)
 .stab          0x000000000000f138      0x4ec ../../../gcc4mbed/mri/mri.ar(native-mem.o)
                                        0x708 (size before relaxing)

.stabstr        0x0000000000000000    0x135c0
 .stabstr       0x0000000000000000    0x135c0 ../../../gcc4mbed/mri/mri.ar(mri.o)

Cross Reference Table

Symbol                                            File
ADC_IRQHandler                                    ../../../gcc4mbed/external/mbed/libraries/Debug/NXP_LPC176X/mbed.a(startup_LPC17xx.o)
BOD_IRQHandler                                    ../../../gcc4mbed/external/mbed/libraries/Debug/NXP_LPC176X/mbed.a(startup_LPC17xx.o)
BusFault_Handler                                  ../../../gcc4mbed/mri/mri.ar(cortex-m_asm.o)
CANActivity_IRQHandler                            ../../../gcc4mbed/external/mbed/libraries/Debug/NXP_LPC176X/mbed.a(startup_LPC17xx.o)
CAN_IRQHandler                                    ../../../gcc4mbed/external/mbed/libraries/Debug/NXP_LPC176X/mbed.a(startup_LPC17xx.o)
DEF_IRQHandler                                    ../../../gcc4mbed/external/mbed/libraries/Debug/NXP_LPC176X/mbed.a(startup_LPC17xx.o)
DMA_IRQHandler                                    ../../../gcc4mbed/external/mbed/libraries/Debug/NXP_LPC176X/mbed.a(startup_LPC17xx.o)
DebugMon_Handler                                  ../../../gcc4mbed/mri/mri.ar(cortex-m_asm.o)
Default_Handler                                   ../../../gcc4mbed/external/mbed/libraries/Debug/NXP_LPC176X/mbed.a(startup_LPC17xx.o)
EINT0_IRQHandler                                  ../../../gcc4mbed/external/mbed/libraries/Debug/NXP_LPC176X/mbed.a(startup_LPC17xx.o)